Archive member included to satisfy reference by file (symbol)

/usr/share/gcc-arm-none-eabi-10.3-2021.10/bin/../lib/gcc/arm-none-eabi/10.3.1/../../../../arm-none-eabi/lib/thumb/v7e-m+fp/hard/libc_nano.a(lib_a-exit.o)
                              /usr/share/gcc-arm-none-eabi-10.3-2021.10/bin/../lib/gcc/arm-none-eabi/10.3.1/../../../../arm-none-eabi/lib/thumb/v7e-m+fp/hard/crt0.o (exit)
/usr/share/gcc-arm-none-eabi-10.3-2021.10/bin/../lib/gcc/arm-none-eabi/10.3.1/../../../../arm-none-eabi/lib/thumb/v7e-m+fp/hard/libc_nano.a(lib_a-impure.o)
                              /usr/share/gcc-arm-none-eabi-10.3-2021.10/bin/../lib/gcc/arm-none-eabi/10.3.1/../../../../arm-none-eabi/lib/thumb/v7e-m+fp/hard/libc_nano.a(lib_a-exit.o) (_global_impure_ptr)
/usr/share/gcc-arm-none-eabi-10.3-2021.10/bin/../lib/gcc/arm-none-eabi/10.3.1/../../../../arm-none-eabi/lib/thumb/v7e-m+fp/hard/libc_nano.a(lib_a-init.o)
                              /usr/share/gcc-arm-none-eabi-10.3-2021.10/bin/../lib/gcc/arm-none-eabi/10.3.1/../../../../arm-none-eabi/lib/thumb/v7e-m+fp/hard/crt0.o (__libc_init_array)
/usr/share/gcc-arm-none-eabi-10.3-2021.10/bin/../lib/gcc/arm-none-eabi/10.3.1/../../../../arm-none-eabi/lib/thumb/v7e-m+fp/hard/libc_nano.a(lib_a-memcpy-stub.o)
                              build/bmp280.o (memcpy)
/usr/share/gcc-arm-none-eabi-10.3-2021.10/bin/../lib/gcc/arm-none-eabi/10.3.1/../../../../arm-none-eabi/lib/thumb/v7e-m+fp/hard/libc_nano.a(lib_a-memset.o)
                              /usr/share/gcc-arm-none-eabi-10.3-2021.10/bin/../lib/gcc/arm-none-eabi/10.3.1/../../../../arm-none-eabi/lib/thumb/v7e-m+fp/hard/crt0.o (memset)
/usr/share/gcc-arm-none-eabi-10.3-2021.10/bin/../lib/gcc/arm-none-eabi/10.3.1/../../../../arm-none-eabi/lib/thumb/v7e-m+fp/hard/libc_nano.a(lib_a-snprintf.o)
                              build/main.o (snprintf)
/usr/share/gcc-arm-none-eabi-10.3-2021.10/bin/../lib/gcc/arm-none-eabi/10.3.1/../../../../arm-none-eabi/lib/thumb/v7e-m+fp/hard/libc_nano.a(lib_a-sprintf.o)
                              build/main.o (sprintf)
/usr/share/gcc-arm-none-eabi-10.3-2021.10/bin/../lib/gcc/arm-none-eabi/10.3.1/../../../../arm-none-eabi/lib/thumb/v7e-m+fp/hard/libc_nano.a(lib_a-strlen.o)
                              build/main.o (strlen)
/usr/share/gcc-arm-none-eabi-10.3-2021.10/bin/../lib/gcc/arm-none-eabi/10.3.1/../../../../arm-none-eabi/lib/thumb/v7e-m+fp/hard/libc_nano.a(lib_a-vsnprintf.o)
                              build/uart_printf.o (vsnprintf)
/usr/share/gcc-arm-none-eabi-10.3-2021.10/bin/../lib/gcc/arm-none-eabi/10.3.1/../../../../arm-none-eabi/lib/thumb/v7e-m+fp/hard/libc_nano.a(lib_a-nano-svfprintf.o)
                              /usr/share/gcc-arm-none-eabi-10.3-2021.10/bin/../lib/gcc/arm-none-eabi/10.3.1/../../../../arm-none-eabi/lib/thumb/v7e-m+fp/hard/libc_nano.a(lib_a-snprintf.o) (_svfprintf_r)
/usr/share/gcc-arm-none-eabi-10.3-2021.10/bin/../lib/gcc/arm-none-eabi/10.3.1/../../../../arm-none-eabi/lib/thumb/v7e-m+fp/hard/libc_nano.a(lib_a-nano-vfprintf_i.o)
                              /usr/share/gcc-arm-none-eabi-10.3-2021.10/bin/../lib/gcc/arm-none-eabi/10.3.1/../../../../arm-none-eabi/lib/thumb/v7e-m+fp/hard/libc_nano.a(lib_a-nano-svfprintf.o) (_printf_i)
/usr/share/gcc-arm-none-eabi-10.3-2021.10/bin/../lib/gcc/arm-none-eabi/10.3.1/../../../../arm-none-eabi/lib/thumb/v7e-m+fp/hard/libc_nano.a(lib_a-memchr.o)
                              /usr/share/gcc-arm-none-eabi-10.3-2021.10/bin/../lib/gcc/arm-none-eabi/10.3.1/../../../../arm-none-eabi/lib/thumb/v7e-m+fp/hard/libc_nano.a(lib_a-nano-svfprintf.o) (memchr)
/usr/share/gcc-arm-none-eabi-10.3-2021.10/bin/../lib/gcc/arm-none-eabi/10.3.1/../../../../arm-none-eabi/lib/thumb/v7e-m+fp/hard/libc_nano.a(lib_a-memmove.o)
                              /usr/share/gcc-arm-none-eabi-10.3-2021.10/bin/../lib/gcc/arm-none-eabi/10.3.1/../../../../arm-none-eabi/lib/thumb/v7e-m+fp/hard/libc_nano.a(lib_a-nano-svfprintf.o) (memmove)
/usr/share/gcc-arm-none-eabi-10.3-2021.10/bin/../lib/gcc/arm-none-eabi/10.3.1/../../../../arm-none-eabi/lib/thumb/v7e-m+fp/hard/libc_nano.a(lib_a-nano-freer.o)
                              /usr/share/gcc-arm-none-eabi-10.3-2021.10/bin/../lib/gcc/arm-none-eabi/10.3.1/../../../../arm-none-eabi/lib/thumb/v7e-m+fp/hard/libc_nano.a(lib_a-nano-svfprintf.o) (_free_r)
/usr/share/gcc-arm-none-eabi-10.3-2021.10/bin/../lib/gcc/arm-none-eabi/10.3.1/../../../../arm-none-eabi/lib/thumb/v7e-m+fp/hard/libc_nano.a(lib_a-nano-mallocr.o)
                              /usr/share/gcc-arm-none-eabi-10.3-2021.10/bin/../lib/gcc/arm-none-eabi/10.3.1/../../../../arm-none-eabi/lib/thumb/v7e-m+fp/hard/libc_nano.a(lib_a-nano-svfprintf.o) (_malloc_r)
/usr/share/gcc-arm-none-eabi-10.3-2021.10/bin/../lib/gcc/arm-none-eabi/10.3.1/../../../../arm-none-eabi/lib/thumb/v7e-m+fp/hard/libc_nano.a(lib_a-nano-reallocr.o)
[...]
Memory Configuration

Name             Origin             Length             Attributes
RAM              0x0000000020000000 0x0000000000010000 xrw
FLASH            0x0000000008000000 0x0000000000040000 xr
*default*        0x0000000000000000 0xffffffffffffffff

Linker script and memory map

LOAD /usr/share/gcc-arm-none-eabi-10.3-2021.10/bin/../lib/gcc/arm-none-eabi/10.3.1/thumb/v7e-m+fp/hard/crti.o
LOAD /usr/share/gcc-arm-none-eabi-10.3-2021.10/bin/../lib/gcc/arm-none-eabi/10.3.1/thumb/v7e-m+fp/hard/crtbegin.o
LOAD /usr/share/gcc-arm-none-eabi-10.3-2021.10/bin/../lib/gcc/arm-none-eabi/10.3.1/../../../../arm-none-eabi/lib/thumb/v7e-m+fp/hard/crt0.o
LOAD build/main.o
LOAD build/stm32f4xx_it.o
LOAD build/stm32f4xx_hal_msp.o
LOAD build/stm32f4xx_hal_crc.o
LOAD build/stm32f4xx_hal_rcc.o
LOAD build/stm32f4xx_hal_rcc_ex.o
LOAD build/stm32f4xx_hal_flash.o
LOAD build/stm32f4xx_hal_flash_ex.o
LOAD build/stm32f4xx_hal_flash_ramfunc.o
LOAD build/stm32f4xx_hal_gpio.o
LOAD build/stm32f4xx_hal_dma_ex.o
LOAD build/stm32f4xx_hal_dma.o
LOAD build/stm32f4xx_hal_pwr.o
LOAD build/stm32f4xx_hal_pwr_ex.o
LOAD build/stm32f4xx_hal_cortex.o
LOAD build/stm32f4xx_hal.o
LOAD build/stm32f4xx_hal_exti.o
LOAD build/stm32f4xx_hal_i2c.o
LOAD build/stm32f4xx_hal_i2c_ex.o
LOAD build/stm32f4xx_hal_rtc.o
LOAD build/stm32f4xx_hal_rtc_ex.o
LOAD build/stm32f4xx_hal_spi.o
LOAD build/stm32f4xx_hal_tim.o
LOAD build/stm32f4xx_hal_tim_ex.o
LOAD build/stm32f4xx_hal_uart.o
LOAD build/system_stm32f4xx.o
LOAD build/bmp280.o
LOAD build/lis2hd12.o
LOAD build/i2c.o
LOAD build/eeprom.o
LOAD build/uart_printf.o
LOAD build/startup_stm32f401xc.o
LOAD /usr/share/gcc-arm-none-eabi-10.3-2021.10/bin/../lib/gcc/arm-none-eabi/10.3.1/../../../../arm-none-eabi/lib/thumb/v7e-m+fp/hard/libc_nano.a
LOAD /usr/share/gcc-arm-none-eabi-10.3-2021.10/bin/../lib/gcc/arm-none-eabi/10.3.1/../../../../arm-none-eabi/lib/thumb/v7e-m+fp/hard/libm.a
LOAD /usr/share/gcc-arm-none-eabi-10.3-2021.10/bin/../lib/gcc/arm-none-eabi/10.3.1/../../../../arm-none-eabi/lib/thumb/v7e-m+fp/hard/libnosys.a
START GROUP
LOAD /usr/share/gcc-arm-none-eabi-10.3-2021.10/bin/../lib/gcc/arm-none-eabi/10.3.1/thumb/v7e-m+fp/hard/libgcc.a
LOAD /usr/share/gcc-arm-none-eabi-10.3-2021.10/bin/../lib/gcc/arm-none-eabi/10.3.1/../../../../arm-none-eabi/lib/thumb/v7e-m+fp/hard/libc_nano.a
END GROUP
START GROUP
LOAD /usr/share/gcc-arm-none-eabi-10.3-2021.10/bin/../lib/gcc/arm-none-eabi/10.3.1/thumb/v7e-m+fp/hard/libgcc.a
LOAD /usr/share/gcc-arm-none-eabi-10.3-2021.10/bin/../lib/gcc/arm-none-eabi/10.3.1/../../../../arm-none-eabi/lib/thumb/v7e-m+fp/hard/libc_nano.a
END GROUP
LOAD /usr/share/gcc-arm-none-eabi-10.3-2021.10/bin/../lib/gcc/arm-none-eabi/10.3.1/thumb/v7e-m+fp/hard/crtend.o
LOAD /usr/share/gcc-arm-none-eabi-10.3-2021.10/bin/../lib/gcc/arm-none-eabi/10.3.1/thumb/v7e-m+fp/hard/crtn.o
                0x0000000020010000                _estack = (ORIGIN (RAM) + LENGTH (RAM))
                0x0000000000000200                _Min_Heap_Size = 0x200
                0x0000000000000400                _Min_Stack_Size = 0x400

.isr_vector     0x0000000008000000      0x194
                0x0000000008000000                . = ALIGN (0x4)
 *(.isr_vector)
 .isr_vector    0x0000000008000000      0x194 build/startup_stm32f401xc.o
                0x0000000008000000                g_pfnVectors
                0x0000000008000194                . = ALIGN (0x4)

.text           0x00000000080001a0     0x3a2c
                0x00000000080001a0                . = ALIGN (0x4)
 *(.text)
 .text          0x00000000080001a0       0x40 /usr/share/gcc-arm-none-eabi-10.3-2021.10/bin/../lib/gcc/arm-none-eabi/10.3.1/thumb/v7e-m+fp/hard/crtbegin.o
 .text          0x00000000080001e0       0x10 /usr/share/gcc-arm-none-eabi-10.3-2021.10/bin/../lib/gcc/arm-none-eabi/10.3.1/../../../../arm-none-eabi/lib/thumb/v7e-m+fp/hard/libc_nano.a(lib_a-strlen.o)
                0x00000000080001e0                strlen
 .text          0x00000000080001f0       0xa0 /usr/share/gcc-arm-none-eabi-10.3-2021.10/bin/../lib/gcc/arm-none-eabi/10.3.1/../../../../arm-none-eabi/lib/thumb/v7e-m+fp/hard/libc_nano.a(lib_a-memchr.o)
                0x00000000080001f0                memchr
 .text          0x0000000008000290       0x30 /usr/share/gcc-arm-none-eabi-10.3-2021.10/bin/../lib/gcc/arm-none-eabi/10.3.1/thumb/v7e-m+fp/hard/libgcc.a(_aeabi_uldivmod.o)
                0x0000000008000290                __aeabi_uldivmod
 .text          0x00000000080002c0      0x2d0 /usr/share/gcc-arm-none-eabi-10.3-2021.10/bin/../lib/gcc/arm-none-eabi/10.3.1/thumb/v7e-m+fp/hard/libgcc.a(_udivmoddi4.o)
                0x00000000080002c0                __udivmoddi4
 .text          0x0000000008000590        0x4 /usr/share/gcc-arm-none-eabi-10.3-2021.10/bin/../lib/gcc/arm-none-eabi/10.3.1/thumb/v7e-m+fp/hard/libgcc.a(_dvmd_tls.o)
                0x0000000008000590                __aeabi_ldiv0
                0x0000000008000590                __aeabi_idiv0
 *(.text*)
 .text.MX_GPIO_Init
                0x0000000008000594      0x14c build/main.o
 .text.MX_DMA_Init
                0x00000000080006e0       0xa8 build/main.o
 .text.print_lis2hd12_who_am_i
                0x0000000008000788       0x60 build/main.o
                0x0000000008000788                print_lis2hd12_who_am_i
 .text.Error_Handler
                0x00000000080007e8        0x4 build/main.o
                0x00000000080007e8                Error_Handler
 .text.MX_USART2_UART_Init
                0x00000000080007ec       0x34 build/main.o
 .text.MX_SPI1_Init
                0x0000000008000820       0x40 build/main.o
 .text.MX_USART1_UART_Init
                0x0000000008000860       0x34 build/main.o
 .text.MX_I2C3_Init
                0x0000000008000894       0x38 build/main.o
 .text.MX_CRC_Init
                0x00000000080008cc       0x1c build/main.o
 .text.MX_RTC_Init
                0x00000000080008e8       0x84 build/main.o
 .text.SystemClock_Config
                0x000000000800096c       0xac build/main.o
                0x000000000800096c                SystemClock_Config
 .text.main     0x0000000008000a18       0x44 build/main.o
                0x0000000008000a18                main
 .text.NMI_Handler
                0x0000000008000a5c        0x2 build/stm32f4xx_it.o
                0x0000000008000a5c                NMI_Handler
 .text.HardFault_Handler
                0x0000000008000a5e        0x2 build/stm32f4xx_it.o
                0x0000000008000a5e                HardFault_Handler
 .text.MemManage_Handler
                0x0000000008000a60        0x2 build/stm32f4xx_it.o
                0x0000000008000a60                MemManage_Handler
 .text.BusFault_Handler
                0x0000000008000a62        0x2 build/stm32f4xx_it.o
                0x0000000008000a62                BusFault_Handler
 .text.UsageFault_Handler
                0x0000000008000a64        0x2 build/stm32f4xx_it.o
                0x0000000008000a64                UsageFault_Handler
 .text.SVC_Handler
                0x0000000008000a66        0x2 build/stm32f4xx_it.o
                0x0000000008000a66                SVC_Handler
 .text.DebugMon_Handler
                0x0000000008000a68        0x2 build/stm32f4xx_it.o
                0x0000000008000a68                DebugMon_Handler
 .text.PendSV_Handler
                0x0000000008000a6a        0x2 build/stm32f4xx_it.o
                0x0000000008000a6a                PendSV_Handler
 .text.SysTick_Handler
                0x0000000008000a6c        0x8 build/stm32f4xx_it.o
                0x0000000008000a6c                SysTick_Handler
 .text.DMA1_Stream1_IRQHandler
                0x0000000008000a74       0x10 build/stm32f4xx_it.o
                0x0000000008000a74                DMA1_Stream1_IRQHandler
 .text.DMA1_Stream4_IRQHandler
                0x0000000008000a84       0x10 build/stm32f4xx_it.o
                0x0000000008000a84                DMA1_Stream4_IRQHandler
 .text.DMA1_Stream5_IRQHandler
                0x0000000008000a94       0x10 build/stm32f4xx_it.o
                0x0000000008000a94                DMA1_Stream5_IRQHandler
 .text.DMA1_Stream6_IRQHandler
                0x0000000008000aa4       0x10 build/stm32f4xx_it.o
                0x0000000008000aa4                DMA1_Stream6_IRQHandler
 .text.USART1_IRQHandler
                0x0000000008000ab4       0x10 build/stm32f4xx_it.o
                0x0000000008000ab4                USART1_IRQHandler
 .text.DMA2_Stream0_IRQHandler
                0x0000000008000ac4       0x10 build/stm32f4xx_it.o
                0x0000000008000ac4                DMA2_Stream0_IRQHandler
 .text.DMA2_Stream3_IRQHandler
                0x0000000008000ad4       0x10 build/stm32f4xx_it.o
                0x0000000008000ad4                DMA2_Stream3_IRQHandler
 .text.DMA2_Stream7_IRQHandler
                0x0000000008000ae4       0x10 build/stm32f4xx_it.o
                0x0000000008000ae4                DMA2_Stream7_IRQHandler
 .text.HAL_MspInit
                0x0000000008000af4       0x38 build/stm32f4xx_hal_msp.o
                0x0000000008000af4                HAL_MspInit
 .text.HAL_CRC_MspInit
                0x0000000008000b2c       0x30 build/stm32f4xx_hal_msp.o
                0x0000000008000b2c                HAL_CRC_MspInit
 .text.HAL_I2C_MspInit
                0x0000000008000b5c      0x134 build/stm32f4xx_hal_msp.o
                0x0000000008000b5c                HAL_I2C_MspInit
 .text.HAL_RTC_MspInit
                0x0000000008000c90       0x48 build/stm32f4xx_hal_msp.o
                0x0000000008000c90                HAL_RTC_MspInit
 .text.HAL_SPI_MspInit
                0x0000000008000cd8       0xe8 build/stm32f4xx_hal_msp.o
                0x0000000008000cd8                HAL_SPI_MspInit
 .text.HAL_UART_MspInit
                0x0000000008000dc0      0x188 build/stm32f4xx_hal_msp.o
                0x0000000008000dc0                HAL_UART_MspInit
 .text.HAL_CRC_Init
                0x0000000008000f48       0x1e build/stm32f4xx_hal_crc.o
                0x0000000008000f48                HAL_CRC_Init
 *fill*         0x0000000008000f66        0x2 
 .text.HAL_RCC_OscConfig
                0x0000000008000f68      0x3f8 build/stm32f4xx_hal_rcc.o
                0x0000000008000f68                HAL_RCC_OscConfig
 .text.HAL_RCC_GetSysClockFreq
                0x0000000008001360       0xc8 build/stm32f4xx_hal_rcc.o
                0x0000000008001360                HAL_RCC_GetSysClockFreq
 .text.HAL_RCC_ClockConfig
                0x0000000008001428      0x160 build/stm32f4xx_hal_rcc.o
                0x0000000008001428                HAL_RCC_ClockConfig
 .text.HAL_RCC_GetHCLKFreq
                0x0000000008001588        0xc build/stm32f4xx_hal_rcc.o
                0x0000000008001588                HAL_RCC_GetHCLKFreq
 .text.HAL_RCC_GetPCLK1Freq
                0x0000000008001594       0x20 build/stm32f4xx_hal_rcc.o
                0x0000000008001594                HAL_RCC_GetPCLK1Freq
 .text.HAL_RCC_GetPCLK2Freq
                0x00000000080015b4       0x20 build/stm32f4xx_hal_rcc.o
                0x00000000080015b4                HAL_RCC_GetPCLK2Freq
 .text.HAL_RCCEx_PeriphCLKConfig
                0x00000000080015d4      0x16c build/stm32f4xx_hal_rcc_ex.o
                0x00000000080015d4                HAL_RCCEx_PeriphCLKConfig
 .text.HAL_GPIO_Init
                0x0000000008001740      0x1c0 build/stm32f4xx_hal_gpio.o
                0x0000000008001740                HAL_GPIO_Init
 .text.HAL_GPIO_WritePin
                0x0000000008001900        0xc build/stm32f4xx_hal_gpio.o
                0x0000000008001900                HAL_GPIO_WritePin
 .text.HAL_GPIO_TogglePin
                0x000000000800190c       0x12 build/stm32f4xx_hal_gpio.o
                0x000000000800190c                HAL_GPIO_TogglePin
 *fill*         0x000000000800191e        0x2 
 .text.DMA_CalcBaseAndBitshift
                0x0000000008001920       0x44 build/stm32f4xx_hal_dma.o
 .text.DMA_CheckFifoParam
                0x0000000008001964       0x8e build/stm32f4xx_hal_dma.o
 *fill*         0x00000000080019f2        0x2 
 .text.HAL_DMA_Init
                0x00000000080019f4       0xcc build/stm32f4xx_hal_dma.o
                0x00000000080019f4                HAL_DMA_Init
 .text.HAL_DMA_Abort
                0x0000000008001ac0       0x94 build/stm32f4xx_hal_dma.o
                0x0000000008001ac0                HAL_DMA_Abort
 .text.HAL_DMA_Abort_IT
                0x0000000008001b54       0x26 build/stm32f4xx_hal_dma.o
                0x0000000008001b54                HAL_DMA_Abort_IT
 *fill*         0x0000000008001b7a        0x2 
 .text.HAL_DMA_IRQHandler
                0x0000000008001b7c      0x1dc build/stm32f4xx_hal_dma.o
                0x0000000008001b7c                HAL_DMA_IRQHandler
 .text.HAL_NVIC_SetPriorityGrouping
                0x0000000008001d58       0x24 build/stm32f4xx_hal_cortex.o
                0x0000000008001d58                HAL_NVIC_SetPriorityGrouping
 .text.HAL_NVIC_SetPriority
                0x0000000008001d7c       0x70 build/stm32f4xx_hal_cortex.o
                0x0000000008001d7c                HAL_NVIC_SetPriority
 .text.HAL_NVIC_EnableIRQ
                0x0000000008001dec       0x1c build/stm32f4xx_hal_cortex.o
                0x0000000008001dec                HAL_NVIC_EnableIRQ
 .text.HAL_SYSTICK_Config
                0x0000000008001e08       0x28 build/stm32f4xx_hal_cortex.o
                0x0000000008001e08                HAL_SYSTICK_Config
 .text.HAL_InitTick
                0x0000000008001e30       0x4c build/stm32f4xx_hal.o
                0x0000000008001e30                HAL_InitTick
 .text.HAL_Init
                0x0000000008001e7c       0x34 build/stm32f4xx_hal.o
                0x0000000008001e7c                HAL_Init
 .text.HAL_IncTick
                0x0000000008001eb0       0x18 build/stm32f4xx_hal.o
                0x0000000008001eb0                HAL_IncTick
 .text.HAL_GetTick
                0x0000000008001ec8        0xc build/stm32f4xx_hal.o
                0x0000000008001ec8                HAL_GetTick
 .text.HAL_Delay
                0x0000000008001ed4       0x28 build/stm32f4xx_hal.o
                0x0000000008001ed4                HAL_Delay
 .text.I2C_IsAcknowledgeFailed
                0x0000000008001efc       0x32 build/stm32f4xx_hal_i2c.o
 .text.I2C_WaitOnFlagUntilTimeout
                0x0000000008001f2e       0x7c build/stm32f4xx_hal_i2c.o
 .text.I2C_WaitOnMasterAddressFlagUntilTimeout
                0x0000000008001faa       0xaa build/stm32f4xx_hal_i2c.o
 .text.I2C_WaitOnTXEFlagUntilTimeout
                0x0000000008002054       0x54 build/stm32f4xx_hal_i2c.o
 .text.I2C_RequestMemoryRead
                0x00000000080020a8      0x154 build/stm32f4xx_hal_i2c.o
 .text.I2C_WaitOnRXNEFlagUntilTimeout
                0x00000000080021fc       0x6a build/stm32f4xx_hal_i2c.o
 *fill*         0x0000000008002266        0x2 
 .text.HAL_I2C_Init
                0x0000000008002268      0x1bc build/stm32f4xx_hal_i2c.o
                0x0000000008002268                HAL_I2C_Init
 .text.HAL_I2C_Mem_Read
                0x0000000008002424      0x2e4 build/stm32f4xx_hal_i2c.o
                0x0000000008002424                HAL_I2C_Mem_Read
 .text.HAL_RTC_WaitForSynchro
                0x0000000008002708       0x32 build/stm32f4xx_hal_rtc.o
                0x0000000008002708                HAL_RTC_WaitForSynchro
 .text.RTC_EnterInitMode
                0x000000000800273a       0x46 build/stm32f4xx_hal_rtc.o
                0x000000000800273a                RTC_EnterInitMode
 .text.RTC_ExitInitMode
                0x0000000008002780       0x2a build/stm32f4xx_hal_rtc.o
                0x0000000008002780                RTC_ExitInitMode
 .text.HAL_RTC_Init
                0x00000000080027aa       0x8c build/stm32f4xx_hal_rtc.o
                0x00000000080027aa                HAL_RTC_Init
 .text.RTC_ByteToBcd2
                0x0000000008002836       0x18 build/stm32f4xx_hal_rtc.o
                0x0000000008002836                RTC_ByteToBcd2
 .text.HAL_RTC_SetTime
                0x000000000800284e       0xbe build/stm32f4xx_hal_rtc.o
                0x000000000800284e                HAL_RTC_SetTime
 .text.HAL_RTC_SetDate
                0x000000000800290c       0x9c build/stm32f4xx_hal_rtc.o
                0x000000000800290c                HAL_RTC_SetDate
 .text.HAL_SPI_Init
                0x00000000080029a8       0xbe build/stm32f4xx_hal_spi.o
                0x00000000080029a8                HAL_SPI_Init
 .text.UART_EndRxTransfer
                0x0000000008002a66       0x5c build/stm32f4xx_hal_uart.o
 .text.UART_Transmit_IT
                0x0000000008002ac2       0x60 build/stm32f4xx_hal_uart.o
 *fill*         0x0000000008002b22        0x2 
 .text.UART_SetConfig
                0x0000000008002b24      0x110 build/stm32f4xx_hal_uart.o
 .text.UART_WaitOnFlagUntilTimeout
                0x0000000008002c34       0x88 build/stm32f4xx_hal_uart.o
 .text.HAL_UART_Init
                0x0000000008002cbc       0x5e build/stm32f4xx_hal_uart.o
                0x0000000008002cbc                HAL_UART_Init
 .text.HAL_UART_Transmit
                0x0000000008002d1a       0xd8 build/stm32f4xx_hal_uart.o
                0x0000000008002d1a                HAL_UART_Transmit
 .text.HAL_UART_TxCpltCallback
                0x0000000008002df2        0x2 build/stm32f4xx_hal_uart.o
                0x0000000008002df2                HAL_UART_TxCpltCallback
 .text.UART_EndTransmit_IT
                0x0000000008002df4       0x1a build/stm32f4xx_hal_uart.o
 .text.HAL_UART_RxCpltCallback
                0x0000000008002e0e        0x2 build/stm32f4xx_hal_uart.o
                0x0000000008002e0e                HAL_UART_RxCpltCallback
 .text.HAL_UART_ErrorCallback
                0x0000000008002e10        0x2 build/stm32f4xx_hal_uart.o
                0x0000000008002e10                HAL_UART_ErrorCallback
 .text.UART_DMAAbortOnError
                0x0000000008002e12       0x10 build/stm32f4xx_hal_uart.o
 .text.HAL_UARTEx_RxEventCallback
                0x0000000008002e22        0x2 build/stm32f4xx_hal_uart.o
                0x0000000008002e22                HAL_UARTEx_RxEventCallback
 .text.UART_Receive_IT
                0x0000000008002e24       0xe2 build/stm32f4xx_hal_uart.o
 *fill*         0x0000000008002f06        0x2 
 .text.HAL_UART_IRQHandler
                0x0000000008002f08      0x280 build/stm32f4xx_hal_uart.o
                0x0000000008002f08                HAL_UART_IRQHandler
 .text.SystemInit
                0x0000000008003188       0x14 build/system_stm32f4xx.o
                0x0000000008003188                SystemInit
 .text.lis2hd12_who_am_i
                0x000000000800319c       0x18 build/lis2hd12.o
                0x000000000800319c                lis2hd12_who_am_i
 .text.i2c_mem_read
                0x00000000080031b4       0x34 build/i2c.o
                0x00000000080031b4                i2c_mem_read
 .text.Reset_Handler
                0x00000000080031e8       0x50 build/startup_stm32f401xc.o
                0x00000000080031e8                Reset_Handler
 .text.Default_Handler
                0x0000000008003238        0x2 build/startup_stm32f401xc.o
                0x0000000008003238                RTC_Alarm_IRQHandler
                0x0000000008003238                EXTI2_IRQHandler
                0x0000000008003238                SPI4_IRQHandler
                0x0000000008003238                TIM1_CC_IRQHandler
                0x0000000008003238                DMA2_Stream5_IRQHandler
                0x0000000008003238                PVD_IRQHandler
                0x0000000008003238                SDIO_IRQHandler
                0x0000000008003238                TAMP_STAMP_IRQHandler
                0x0000000008003238                EXTI3_IRQHandler
                0x0000000008003238                TIM1_UP_TIM10_IRQHandler
                0x0000000008003238                I2C3_ER_IRQHandler
                0x0000000008003238                EXTI0_IRQHandler
                0x0000000008003238                I2C2_EV_IRQHandler
                0x0000000008003238                DMA1_Stream2_IRQHandler
                0x0000000008003238                FPU_IRQHandler
                0x0000000008003238                DMA2_Stream2_IRQHandler
                0x0000000008003238                SPI1_IRQHandler
                0x0000000008003238                TIM1_BRK_TIM9_IRQHandler
                0x0000000008003238                USART6_IRQHandler
                0x0000000008003238                TIM4_IRQHandler
                0x0000000008003238                I2C1_EV_IRQHandler
                0x0000000008003238                TIM3_IRQHandler
                0x0000000008003238                RCC_IRQHandler
                0x0000000008003238                Default_Handler
                0x0000000008003238                EXTI15_10_IRQHandler
                0x0000000008003238                ADC_IRQHandler
                0x0000000008003238                DMA1_Stream7_IRQHandler
                0x0000000008003238                TIM5_IRQHandler
                0x0000000008003238                I2C3_EV_IRQHandler
                0x0000000008003238                EXTI9_5_IRQHandler
                0x0000000008003238                RTC_WKUP_IRQHandler
                0x0000000008003238                SPI2_IRQHandler
                0x0000000008003238                DMA1_Stream0_IRQHandler
                0x0000000008003238                EXTI4_IRQHandler
                0x0000000008003238                WWDG_IRQHandler
                0x0000000008003238                TIM2_IRQHandler
                0x0000000008003238                OTG_FS_WKUP_IRQHandler
                0x0000000008003238                TIM1_TRG_COM_TIM11_IRQHandler
                0x0000000008003238                EXTI1_IRQHandler
                0x0000000008003238                USART2_IRQHandler
                0x0000000008003238                I2C2_ER_IRQHandler
                0x0000000008003238                DMA2_Stream1_IRQHandler
                0x0000000008003238                FLASH_IRQHandler
                0x0000000008003238                DMA2_Stream4_IRQHandler
                0x0000000008003238                OTG_FS_IRQHandler
                0x0000000008003238                SPI3_IRQHandler
                0x0000000008003238                I2C1_ER_IRQHandler
                0x0000000008003238                DMA2_Stream6_IRQHandler
                0x0000000008003238                DMA1_Stream3_IRQHandler
 *fill*         0x000000000800323a        0x2 
 .text.__libc_init_array
                0x000000000800323c       0x48 /usr/share/gcc-arm-none-eabi-10.3-2021.10/bin/../lib/gcc/arm-none-eabi/10.3.1/../../../../arm-none-eabi/lib/thumb/v7e-m+fp/hard/libc_nano.a(lib_a-init.o)
                0x000000000800323c                __libc_init_array
 .text.memcpy   0x0000000008003284       0x1c /usr/share/gcc-arm-none-eabi-10.3-2021.10/bin/../lib/gcc/arm-none-eabi/10.3.1/../../../../arm-none-eabi/lib/thumb/v7e-m+fp/hard/libc_nano.a(lib_a-memcpy-stub.o)
                0x0000000008003284                memcpy
 .text.memset   0x00000000080032a0       0x10 /usr/share/gcc-arm-none-eabi-10.3-2021.10/bin/../lib/gcc/arm-none-eabi/10.3.1/../../../../arm-none-eabi/lib/thumb/v7e-m+fp/hard/libc_nano.a(lib_a-memset.o)
                0x00000000080032a0                memset
 .text.snprintf
                0x00000000080032b0       0x68 /usr/share/gcc-arm-none-eabi-10.3-2021.10/bin/../lib/gcc/arm-none-eabi/10.3.1/../../../../arm-none-eabi/lib/thumb/v7e-m+fp/hard/libc_nano.a(lib_a-snprintf.o)
                0x00000000080032b0                snprintf
                0x00000000080032b0                sniprintf
 .text.__ssputs_r
                0x0000000008003318       0xb6 /usr/share/gcc-arm-none-eabi-10.3-2021.10/bin/../lib/gcc/arm-none-eabi/10.3.1/../../../../arm-none-eabi/lib/thumb/v7e-m+fp/hard/libc_nano.a(lib_a-nano-svfprintf.o)
                0x0000000008003318                __ssputs_r
 *fill*         0x00000000080033ce        0x2 
 .text._svfprintf_r
                0x00000000080033d0      0x200 /usr/share/gcc-arm-none-eabi-10.3-2021.10/bin/../lib/gcc/arm-none-eabi/10.3.1/../../../../arm-none-eabi/lib/thumb/v7e-m+fp/hard/libc_nano.a(lib_a-nano-svfprintf.o)
                0x00000000080033d0                _svfprintf_r
                0x00000000080033d0                _svfiprintf_r
 .text._printf_common
                0x00000000080035d0       0xda /usr/share/gcc-arm-none-eabi-10.3-2021.10/bin/../lib/gcc/arm-none-eabi/10.3.1/../../../../arm-none-eabi/lib/thumb/v7e-m+fp/hard/libc_nano.a(lib_a-nano-vfprintf_i.o)
                0x00000000080035d0                _printf_common
 *fill*         0x00000000080036aa        0x2 
 .text._printf_i
                0x00000000080036ac      0x24c /usr/share/gcc-arm-none-eabi-10.3-2021.10/bin/../lib/gcc/arm-none-eabi/10.3.1/../../../../arm-none-eabi/lib/thumb/v7e-m+fp/hard/libc_nano.a(lib_a-nano-vfprintf_i.o)
                0x00000000080036ac                _printf_i
 .text.memmove  0x00000000080038f8       0x34 /usr/share/gcc-arm-none-eabi-10.3-2021.10/bin/../lib/gcc/arm-none-eabi/10.3.1/../../../../arm-none-eabi/lib/thumb/v7e-m+fp/hard/libc_nano.a(lib_a-memmove.o)
                0x00000000080038f8                memmove
 .text._free_r  0x000000000800392c       0x98 /usr/share/gcc-arm-none-eabi-10.3-2021.10/bin/../lib/gcc/arm-none-eabi/10.3.1/../../../../arm-none-eabi/lib/thumb/v7e-m+fp/hard/libc_nano.a(lib_a-nano-freer.o)
                0x000000000800392c                _free_r
 .text.sbrk_aligned
                0x00000000080039c4       0x40 /usr/share/gcc-arm-none-eabi-10.3-2021.10/bin/../lib/gcc/arm-none-eabi/10.3.1/../../../../arm-none-eabi/lib/thumb/v7e-m+fp/hard/libc_nano.a(lib_a-nano-mallocr.o)
 .text._malloc_r
                0x0000000008003a04       0xe8 /usr/share/gcc-arm-none-eabi-10.3-2021.10/bin/../lib/gcc/arm-none-eabi/10.3.1/../../../../arm-none-eabi/lib/thumb/v7e-m+fp/hard/libc_nano.a(lib_a-nano-mallocr.o)
                0x0000000008003a04                _malloc_r
 .text._realloc_r
                0x0000000008003aec       0x5e /usr/share/gcc-arm-none-eabi-10.3-2021.10/bin/../lib/gcc/arm-none-eabi/10.3.1/../../../../arm-none-eabi/lib/thumb/v7e-m+fp/hard/libc_nano.a(lib_a-nano-reallocr.o)
                0x0000000008003aec                _realloc_r
 *fill*         0x0000000008003b4a        0x2 
 .text._sbrk_r  0x0000000008003b4c       0x20 /usr/share/gcc-arm-none-eabi-10.3-2021.10/bin/../lib/gcc/arm-none-eabi/10.3.1/../../../../arm-none-eabi/lib/thumb/v7e-m+fp/hard/libc_nano.a(lib_a-sbrkr.o)
                0x0000000008003b4c                _sbrk_r
 .text.__malloc_lock
                0x0000000008003b6c        0xc /usr/share/gcc-arm-none-eabi-10.3-2021.10/bin/../lib/gcc/arm-none-eabi/10.3.1/../../../../arm-none-eabi/lib/thumb/v7e-m+fp/hard/libc_nano.a(lib_a-mlock.o)
                0x0000000008003b6c                __malloc_lock
 .text.__malloc_unlock
                0x0000000008003b78        0xc /usr/share/gcc-arm-none-eabi-10.3-2021.10/bin/../lib/gcc/arm-none-eabi/10.3.1/../../../../arm-none-eabi/lib/thumb/v7e-m+fp/hard/libc_nano.a(lib_a-mlock.o)
                0x0000000008003b78                __malloc_unlock
 .text._malloc_usable_size_r
                0x0000000008003b84       0x10 /usr/share/gcc-arm-none-eabi-10.3-2021.10/bin/../lib/gcc/arm-none-eabi/10.3.1/../../../../arm-none-eabi/lib/thumb/v7e-m+fp/hard/libc_nano.a(lib_a-nano-msizer.o)
                0x0000000008003b84                _malloc_usable_size_r
 .text.__retarget_lock_acquire_recursive
                0x0000000008003b94        0x2 /usr/share/gcc-arm-none-eabi-10.3-2021.10/bin/../lib/gcc/arm-none-eabi/10.3.1/../../../../arm-none-eabi/lib/thumb/v7e-m+fp/hard/libc_nano.a(lib_a-lock.o)
                0x0000000008003b94                __retarget_lock_acquire_recursive
 .text.__retarget_lock_release_recursive
                0x0000000008003b96        0x2 /usr/share/gcc-arm-none-eabi-10.3-2021.10/bin/../lib/gcc/arm-none-eabi/10.3.1/../../../../arm-none-eabi/lib/thumb/v7e-m+fp/hard/libc_nano.a(lib_a-lock.o)
                0x0000000008003b96                __retarget_lock_release_recursive
 .text._sbrk    0x0000000008003b98       0x1c /usr/share/gcc-arm-none-eabi-10.3-2021.10/bin/../lib/gcc/arm-none-eabi/10.3.1/../../../../arm-none-eabi/lib/thumb/v7e-m+fp/hard/libnosys.a(sbrk.o)
                0x0000000008003b98                _sbrk
 *(.glue_7)
 .glue_7        0x0000000008003bb4        0x0 linker stubs
 *(.glue_7t)
 .glue_7t       0x0000000008003bb4        0x0 linker stubs
 *(.eh_frame)
 .eh_frame      0x0000000008003bb4        0x0 /usr/share/gcc-arm-none-eabi-10.3-2021.10/bin/../lib/gcc/arm-none-eabi/10.3.1/thumb/v7e-m+fp/hard/crtbegin.o
 *(.init)
 .init          0x0000000008003bb4        0x4 /usr/share/gcc-arm-none-eabi-10.3-2021.10/bin/../lib/gcc/arm-none-eabi/10.3.1/thumb/v7e-m+fp/hard/crti.o
                0x0000000008003bb4                _init
 .init          0x0000000008003bb8        0x8 /usr/share/gcc-arm-none-eabi-10.3-2021.10/bin/../lib/gcc/arm-none-eabi/10.3.1/thumb/v7e-m+fp/hard/crtn.o
 *(.fini)
 .fini          0x0000000008003bc0        0x4 /usr/share/gcc-arm-none-eabi-10.3-2021.10/bin/../lib/gcc/arm-none-eabi/10.3.1/thumb/v7e-m+fp/hard/crti.o
                0x0000000008003bc0                _fini
 .fini          0x0000000008003bc4        0x8 /usr/share/gcc-arm-none-eabi-10.3-2021.10/bin/../lib/gcc/arm-none-eabi/10.3.1/thumb/v7e-m+fp/hard/crtn.o
                0x0000000008003bcc                . = ALIGN (0x4)
                0x0000000008003bcc                _etext = .

.vfp11_veneer   0x0000000008003bcc        0x0
 .vfp11_veneer  0x0000000008003bcc        0x0 linker stubs

.v4_bx          0x0000000008003bcc        0x0
 .v4_bx         0x0000000008003bcc        0x0 linker stubs

.iplt           0x0000000008003bcc        0x0
 .iplt          0x0000000008003bcc        0x0 /usr/share/gcc-arm-none-eabi-10.3-2021.10/bin/../lib/gcc/arm-none-eabi/10.3.1/thumb/v7e-m+fp/hard/crtbegin.o

.rodata         0x0000000008003bcc       0x70
                0x0000000008003bcc                . = ALIGN (0x4)
 *(.rodata)
 *(.rodata*)
 .rodata.print_lis2hd12_who_am_i.str1.4
                0x0000000008003bcc       0x1c build/main.o
 .rodata.flagBitshiftOffset.0
                0x0000000008003be8        0x8 build/stm32f4xx_hal_dma.o
 .rodata.AHBPrescTable
                0x0000000008003bf0       0x10 build/system_stm32f4xx.o
                0x0000000008003bf0                AHBPrescTable
 .rodata.APBPrescTable
                0x0000000008003c00        0x8 build/system_stm32f4xx.o
                0x0000000008003c00                APBPrescTable
 .rodata._svfprintf_r.str1.1
                0x0000000008003c08       0x11 /usr/share/gcc-arm-none-eabi-10.3-2021.10/bin/../lib/gcc/arm-none-eabi/10.3.1/../../../../arm-none-eabi/lib/thumb/v7e-m+fp/hard/libc_nano.a(lib_a-nano-svfprintf.o)
 .rodata._printf_i.str1.1
                0x0000000008003c19       0x22 /usr/share/gcc-arm-none-eabi-10.3-2021.10/bin/../lib/gcc/arm-none-eabi/10.3.1/../../../../arm-none-eabi/lib/thumb/v7e-m+fp/hard/libc_nano.a(lib_a-nano-vfprintf_i.o)
                0x0000000008003c3c                . = ALIGN (0x4)
 *fill*         0x0000000008003c3b        0x1 

.ARM.extab
 *(.ARM.extab* .gnu.linkonce.armextab.*)

.ARM            0x0000000008003c3c        0x8
                0x0000000008003c3c                __exidx_start = .
 *(.ARM.exidx*)
 .ARM.exidx     0x0000000008003c3c        0x8 /usr/share/gcc-arm-none-eabi-10.3-2021.10/bin/../lib/gcc/arm-none-eabi/10.3.1/thumb/v7e-m+fp/hard/libgcc.a(_udivmoddi4.o)
                0x0000000008003c44                __exidx_end = .

.rel.dyn        0x0000000008003c44        0x0
 .rel.iplt      0x0000000008003c44        0x0 /usr/share/gcc-arm-none-eabi-10.3-2021.10/bin/../lib/gcc/arm-none-eabi/10.3.1/thumb/v7e-m+fp/hard/crtbegin.o

.preinit_array  0x0000000008003c44        0x0
                0x0000000008003c44                PROVIDE (__preinit_array_start = .)
 *(.preinit_array*)
                0x0000000008003c44                PROVIDE (__preinit_array_end = .)

.init_array     0x0000000008003c44        0x4
                0x0000000008003c44                PROVIDE (__init_array_start = .)
 *(SORT_BY_NAME(.init_array.*))
 *(.init_array*)
 .init_array    0x0000000008003c44        0x4 /usr/share/gcc-arm-none-eabi-10.3-2021.10/bin/../lib/gcc/arm-none-eabi/10.3.1/thumb/v7e-m+fp/hard/crtbegin.o
                0x0000000008003c48                PROVIDE (__init_array_end = .)

.fini_array     0x0000000008003c48        0x4
                [!provide]                        PROVIDE (__fini_array_start = .)
 *(SORT_BY_NAME(.fini_array.*))
 *(.fini_array*)
 .fini_array    0x0000000008003c48        0x4 /usr/share/gcc-arm-none-eabi-10.3-2021.10/bin/../lib/gcc/arm-none-eabi/10.3.1/thumb/v7e-m+fp/hard/crtbegin.o
                [!provide]                        PROVIDE (__fini_array_end = .)
                0x0000000008003c4c                _sidata = LOADADDR (.data)

.data           0x0000000020000000       0x70 load address 0x0000000008003c4c
                0x0000000020000000                . = ALIGN (0x4)
                0x0000000020000000                _sdata = .
 *(.data)
 *(.data*)
 .data.uwTickFreq
                0x0000000020000000        0x1 build/stm32f4xx_hal.o
                0x0000000020000000                uwTickFreq
 *fill*         0x0000000020000001        0x3 
 .data.uwTickPrio
                0x0000000020000004        0x4 build/stm32f4xx_hal.o
                0x0000000020000004                uwTickPrio
 .data.SystemCoreClock
                0x0000000020000008        0x4 build/system_stm32f4xx.o
                0x0000000020000008                SystemCoreClock
 .data._impure_ptr
                0x000000002000000c        0x4 /usr/share/gcc-arm-none-eabi-10.3-2021.10/bin/../lib/gcc/arm-none-eabi/10.3.1/../../../../arm-none-eabi/lib/thumb/v7e-m+fp/hard/libc_nano.a(lib_a-impure.o)
                0x000000002000000c                _impure_ptr
 .data.impure_data
                0x0000000020000010       0x60 /usr/share/gcc-arm-none-eabi-10.3-2021.10/bin/../lib/gcc/arm-none-eabi/10.3.1/../../../../arm-none-eabi/lib/thumb/v7e-m+fp/hard/libc_nano.a(lib_a-impure.o)
                0x0000000020000070                . = ALIGN (0x4)
                0x0000000020000070                _edata = .

.igot.plt       0x0000000020000070        0x0 load address 0x0000000008003cbc
 .igot.plt      0x0000000020000070        0x0 /usr/share/gcc-arm-none-eabi-10.3-2021.10/bin/../lib/gcc/arm-none-eabi/10.3.1/thumb/v7e-m+fp/hard/crtbegin.o
                0x0000000020000070                . = ALIGN (0x4)

.bss            0x0000000020000070      0x434 load address 0x0000000008003cbc
                0x0000000020000070                _sbss = .
                0x0000000020000070                __bss_start__ = _sbss
 *(.bss)
 .bss           0x0000000020000070       0x1c /usr/share/gcc-arm-none-eabi-10.3-2021.10/bin/../lib/gcc/arm-none-eabi/10.3.1/thumb/v7e-m+fp/hard/crtbegin.o
 *(.bss*)
 .bss.hcrc      0x000000002000008c        0x8 build/main.o
                0x000000002000008c                hcrc
 .bss.hdma_i2c3_rx
                0x0000000020000094       0x60 build/main.o
                0x0000000020000094                hdma_i2c3_rx
 .bss.hdma_i2c3_tx
                0x00000000200000f4       0x60 build/main.o
                0x00000000200000f4                hdma_i2c3_tx
 .bss.hdma_spi1_rx
                0x0000000020000154       0x60 build/main.o
                0x0000000020000154                hdma_spi1_rx
 .bss.hdma_spi1_tx
                0x00000000200001b4       0x60 build/main.o
                0x00000000200001b4                hdma_spi1_tx
 .bss.hdma_usart1_tx
                0x0000000020000214       0x60 build/main.o
                0x0000000020000214                hdma_usart1_tx
 .bss.hdma_usart2_rx
                0x0000000020000274       0x60 build/main.o
                0x0000000020000274                hdma_usart2_rx
 .bss.hdma_usart2_tx
                0x00000000200002d4       0x60 build/main.o
                0x00000000200002d4                hdma_usart2_tx
 .bss.hi2c3     0x0000000020000334       0x54 build/main.o
                0x0000000020000334                hi2c3
 .bss.hrtc      0x0000000020000388       0x20 build/main.o
                0x0000000020000388                hrtc
 .bss.hspi1     0x00000000200003a8       0x58 build/main.o
                0x00000000200003a8                hspi1
 .bss.huart1    0x0000000020000400       0x44 build/main.o
                0x0000000020000400                huart1
 .bss.huart2    0x0000000020000444       0x44 build/main.o
                0x0000000020000444                huart2
 .bss.uwTick    0x0000000020000488        0x4 build/stm32f4xx_hal.o
                0x0000000020000488                uwTick
 .bss.dmaStatusCb
                0x000000002000048c        0x4 build/i2c.o
                0x000000002000048c                dmaStatusCb
 .bss.__malloc_free_list
                0x0000000020000490        0x4 /usr/share/gcc-arm-none-eabi-10.3-2021.10/bin/../lib/gcc/arm-none-eabi/10.3.1/../../../../arm-none-eabi/lib/thumb/v7e-m+fp/hard/libc_nano.a(lib_a-nano-mallocr.o)
                0x0000000020000490                __malloc_free_list
 .bss.__malloc_sbrk_start
                0x0000000020000494        0x4 /usr/share/gcc-arm-none-eabi-10.3-2021.10/bin/../lib/gcc/arm-none-eabi/10.3.1/../../../../arm-none-eabi/lib/thumb/v7e-m+fp/hard/libc_nano.a(lib_a-nano-mallocr.o)
                0x0000000020000494                __malloc_sbrk_start
 .bss.errno     0x0000000020000498        0x4 /usr/share/gcc-arm-none-eabi-10.3-2021.10/bin/../lib/gcc/arm-none-eabi/10.3.1/../../../../arm-none-eabi/lib/thumb/v7e-m+fp/hard/libc_nano.a(lib_a-reent.o)
                0x0000000020000498                errno
 .bss.__lock___malloc_recursive_mutex
                0x000000002000049c        0x1 /usr/share/gcc-arm-none-eabi-10.3-2021.10/bin/../lib/gcc/arm-none-eabi/10.3.1/../../../../arm-none-eabi/lib/thumb/v7e-m+fp/hard/libc_nano.a(lib_a-lock.o)
                0x000000002000049c                __lock___malloc_recursive_mutex
 *fill*         0x000000002000049d        0x3 
 .bss.heap_end.0
                0x00000000200004a0        0x4 /usr/share/gcc-arm-none-eabi-10.3-2021.10/bin/../lib/gcc/arm-none-eabi/10.3.1/../../../../arm-none-eabi/lib/thumb/v7e-m+fp/hard/libnosys.a(sbrk.o)
 *(COMMON)
                0x00000000200004a4                . = ALIGN (0x4)
                0x00000000200004a4                _ebss = .
                0x00000000200004a4                __bss_end__ = _ebss

._user_heap_stack
                0x00000000200004a4      0x604 load address 0x0000000008003cbc
                0x00000000200004a8                . = ALIGN (0x8)
 *fill*         0x00000000200004a4        0x4 
                0x00000000200004a8                PROVIDE (end = .)
                [!provide]                        PROVIDE (_end = .)
                0x00000000200006a8                . = (. + _Min_Heap_Size)
 *fill*         0x00000000200004a8      0x200 
                0x0000000020000aa8                . = (. + _Min_Stack_Size)
 *fill*         0x00000000200006a8      0x400 
                0x0000000020000aa8                . = ALIGN (0x8)

/DISCARD/
 libc.a(*)
 libm.a(*)
 libgcc.a(*)

.ARM.attributes
                0x0000000000000000       0x30
 *(.ARM.attributes)
 .ARM.attributes
                0x0000000000000000       0x1e /usr/share/gcc-arm-none-eabi-10.3-2021.10/bin/../lib/gcc/arm-none-eabi/10.3.1/thumb/v7e-m+fp/hard/crti.o
 .ARM.attributes
                0x000000000000001e       0x34 /usr/share/gcc-arm-none-eabi-10.3-2021.10/bin/../lib/gcc/arm-none-eabi/10.3.1/thumb/v7e-m+fp/hard/crtbegin.o
 .ARM.attributes
                0x0000000000000052       0x34 build/main.o
 .ARM.attributes
                0x0000000000000086       0x34 build/stm32f4xx_it.o
 .ARM.attributes
                0x00000000000000ba       0x34 build/stm32f4xx_hal_msp.o
 .ARM.attributes
                0x00000000000000ee       0x34 build/stm32f4xx_hal_crc.o
 .ARM.attributes
                0x0000000000000122       0x34 build/stm32f4xx_hal_rcc.o
 .ARM.attributes
                0x0000000000000156       0x34 build/stm32f4xx_hal_rcc_ex.o
 .ARM.attributes
                0x000000000000018a       0x34 build/stm32f4xx_hal_gpio.o
 .ARM.attributes
                0x00000000000001be       0x34 build/stm32f4xx_hal_dma.o
 .ARM.attributes
                0x00000000000001f2       0x34 build/stm32f4xx_hal_cortex.o
 .ARM.attributes
                0x0000000000000226       0x34 build/stm32f4xx_hal.o
 .ARM.attributes
                0x000000000000025a       0x34 build/stm32f4xx_hal_i2c.o
 .ARM.attributes
                0x000000000000028e       0x34 build/stm32f4xx_hal_rtc.o
 .ARM.attributes
                0x00000000000002c2       0x34 build/stm32f4xx_hal_spi.o
 .ARM.attributes
                0x00000000000002f6       0x34 build/stm32f4xx_hal_uart.o
 .ARM.attributes
                0x000000000000032a       0x34 build/system_stm32f4xx.o
 .ARM.attributes
                0x000000000000035e       0x34 build/lis2hd12.o
 .ARM.attributes
                0x0000000000000392       0x34 build/i2c.o
 .ARM.attributes
                0x00000000000003c6       0x21 build/startup_stm32f401xc.o
 .ARM.attributes
                0x00000000000003e7       0x34 /usr/share/gcc-arm-none-eabi-10.3-2021.10/bin/../lib/gcc/arm-none-eabi/10.3.1/../../../../arm-none-eabi/lib/thumb/v7e-m+fp/hard/libc_nano.a(lib_a-impure.o)
 .ARM.attributes
                0x000000000000041b       0x34 /usr/share/gcc-arm-none-eabi-10.3-2021.10/bin/../lib/gcc/arm-none-eabi/10.3.1/../../../../arm-none-eabi/lib/thumb/v7e-m+fp/hard/libc_nano.a(lib_a-init.o)
 .ARM.attributes
                0x000000000000044f       0x34 /usr/share/gcc-arm-none-eabi-10.3-2021.10/bin/../lib/gcc/arm-none-eabi/10.3.1/../../../../arm-none-eabi/lib/thumb/v7e-m+fp/hard/libc_nano.a(lib_a-memcpy-stub.o)
 .ARM.attributes
                0x0000000000000483       0x34 /usr/share/gcc-arm-none-eabi-10.3-2021.10/bin/../lib/gcc/arm-none-eabi/10.3.1/../../../../arm-none-eabi/lib/thumb/v7e-m+fp/hard/libc_nano.a(lib_a-memset.o)
 .ARM.attributes
                0x00000000000004b7       0x34 /usr/share/gcc-arm-none-eabi-10.3-2021.10/bin/../lib/gcc/arm-none-eabi/10.3.1/../../../../arm-none-eabi/lib/thumb/v7e-m+fp/hard/libc_nano.a(lib_a-snprintf.o)
 .ARM.attributes
                0x00000000000004eb       0x17 /usr/share/gcc-arm-none-eabi-10.3-2021.10/bin/../lib/gcc/arm-none-eabi/10.3.1/../../../../arm-none-eabi/lib/thumb/v7e-m+fp/hard/libc_nano.a(lib_a-strlen.o)
 .ARM.attributes
                0x0000000000000502       0x34 /usr/share/gcc-arm-none-eabi-10.3-2021.10/bin/../lib/gcc/arm-none-eabi/10.3.1/../../../../arm-none-eabi/lib/thumb/v7e-m+fp/hard/libc_nano.a(lib_a-nano-svfprintf.o)
 .ARM.attributes
                0x0000000000000536       0x34 /usr/share/gcc-arm-none-eabi-10.3-2021.10/bin/../lib/gcc/arm-none-eabi/10.3.1/../../../../arm-none-eabi/lib/thumb/v7e-m+fp/hard/libc_nano.a(lib_a-nano-vfprintf_i.o)
 .ARM.attributes
                0x000000000000056a       0x1c /usr/share/gcc-arm-none-eabi-10.3-2021.10/bin/../lib/gcc/arm-none-eabi/10.3.1/../../../../arm-none-eabi/lib/thumb/v7e-m+fp/hard/libc_nano.a(lib_a-memchr.o)
 .ARM.attributes
                0x0000000000000586       0x34 /usr/share/gcc-arm-none-eabi-10.3-2021.10/bin/../lib/gcc/arm-none-eabi/10.3.1/../../../../arm-none-eabi/lib/thumb/v7e-m+fp/hard/libc_nano.a(lib_a-memmove.o)
 .ARM.attributes
                0x00000000000005ba       0x34 /usr/share/gcc-arm-none-eabi-10.3-2021.10/bin/../lib/gcc/arm-none-eabi/10.3.1/../../../../arm-none-eabi/lib/thumb/v7e-m+fp/hard/libc_nano.a(lib_a-nano-freer.o)
 .ARM.attributes
                0x00000000000005ee       0x34 /usr/share/gcc-arm-none-eabi-10.3-2021.10/bin/../lib/gcc/arm-none-eabi/10.3.1/../../../../arm-none-eabi/lib/thumb/v7e-m+fp/hard/libc_nano.a(lib_a-nano-mallocr.o)
 .ARM.attributes
                0x0000000000000622       0x34 /usr/share/gcc-arm-none-eabi-10.3-2021.10/bin/../lib/gcc/arm-none-eabi/10.3.1/../../../../arm-none-eabi/lib/thumb/v7e-m+fp/hard/libc_nano.a(lib_a-nano-reallocr.o)
 .ARM.attributes
                0x0000000000000656       0x34 /usr/share/gcc-arm-none-eabi-10.3-2021.10/bin/../lib/gcc/arm-none-eabi/10.3.1/../../../../arm-none-eabi/lib/thumb/v7e-m+fp/hard/libc_nano.a(lib_a-sbrkr.o)
 .ARM.attributes
                0x000000000000068a       0x34 /usr/share/gcc-arm-none-eabi-10.3-2021.10/bin/../lib/gcc/arm-none-eabi/10.3.1/../../../../arm-none-eabi/lib/thumb/v7e-m+fp/hard/libc_nano.a(lib_a-mlock.o)
 .ARM.attributes
                0x00000000000006be       0x34 /usr/share/gcc-arm-none-eabi-10.3-2021.10/bin/../lib/gcc/arm-none-eabi/10.3.1/../../../../arm-none-eabi/lib/thumb/v7e-m+fp/hard/libc_nano.a(lib_a-nano-msizer.o)
 .ARM.attributes
                0x00000000000006f2       0x34 /usr/share/gcc-arm-none-eabi-10.3-2021.10/bin/../lib/gcc/arm-none-eabi/10.3.1/../../../../arm-none-eabi/lib/thumb/v7e-m+fp/hard/libc_nano.a(lib_a-reent.o)
 .ARM.attributes
                0x0000000000000726       0x34 /usr/share/gcc-arm-none-eabi-10.3-2021.10/bin/../lib/gcc/arm-none-eabi/10.3.1/../../../../arm-none-eabi/lib/thumb/v7e-m+fp/hard/libc_nano.a(lib_a-lock.o)
 .ARM.attributes
                0x000000000000075a       0x34 /usr/share/gcc-arm-none-eabi-10.3-2021.10/bin/../lib/gcc/arm-none-eabi/10.3.1/../../../../arm-none-eabi/lib/thumb/v7e-m+fp/hard/libnosys.a(sbrk.o)
 .ARM.attributes
                0x000000000000078e       0x1e /usr/share/gcc-arm-none-eabi-10.3-2021.10/bin/../lib/gcc/arm-none-eabi/10.3.1/thumb/v7e-m+fp/hard/libgcc.a(_aeabi_uldivmod.o)
 .ARM.attributes
                0x00000000000007ac       0x34 /usr/share/gcc-arm-none-eabi-10.3-2021.10/bin/../lib/gcc/arm-none-eabi/10.3.1/thumb/v7e-m+fp/hard/libgcc.a(_udivmoddi4.o)
 .ARM.attributes
                0x00000000000007e0       0x1e /usr/share/gcc-arm-none-eabi-10.3-2021.10/bin/../lib/gcc/arm-none-eabi/10.3.1/thumb/v7e-m+fp/hard/libgcc.a(_dvmd_tls.o)
 .ARM.attributes
                0x00000000000007fe       0x1e /usr/share/gcc-arm-none-eabi-10.3-2021.10/bin/../lib/gcc/arm-none-eabi/10.3.1/thumb/v7e-m+fp/hard/crtn.o
OUTPUT(build/GPS_BOARD.elf elf32-littlearm)
LOAD linker stubs
LOAD /usr/share/gcc-arm-none-eabi-10.3-2021.10/bin/../lib/gcc/arm-none-eabi/10.3.1/../../../../arm-none-eabi/lib/thumb/v7e-m+fp/hard/libc.a
LOAD /usr/share/gcc-arm-none-eabi-10.3-2021.10/bin/../lib/gcc/arm-none-eabi/10.3.1/../../../../arm-none-eabi/lib/thumb/v7e-m+fp/hard/libm.a
LOAD /usr/share/gcc-arm-none-eabi-10.3-2021.10/bin/../lib/gcc/arm-none-eabi/10.3.1/thumb/v7e-m+fp/hard/libgcc.a

.debug_info     0x0000000000000000    0x1492b
 .debug_info    0x0000000000000000     0x2615 build/main.o
 .debug_info    0x0000000000002615      0x7b2 build/stm32f4xx_it.o
 .debug_info    0x0000000000002dc7     0x1a91 build/stm32f4xx_hal_msp.o
 .debug_info    0x0000000000004858      0x3e2 build/stm32f4xx_hal_crc.o
 .debug_info    0x0000000000004c3a      0xb29 build/stm32f4xx_hal_rcc.o
 .debug_info    0x0000000000005763      0x6be build/stm32f4xx_hal_rcc_ex.o
 .debug_info    0x0000000000005e21      0x7d4 build/stm32f4xx_hal_gpio.o
 .debug_info    0x00000000000065f5      0xb37 build/stm32f4xx_hal_dma.o
 .debug_info    0x000000000000712c     0x1002 build/stm32f4xx_hal_cortex.o
 .debug_info    0x000000000000812e      0x97a build/stm32f4xx_hal.o
 .debug_info    0x0000000000008aa8     0x394a build/stm32f4xx_hal_i2c.o
 .debug_info    0x000000000000c3f2     0x1082 build/stm32f4xx_hal_rtc.o
 .debug_info    0x000000000000d474     0x1e8e build/stm32f4xx_hal_spi.o
 .debug_info    0x000000000000f302     0x4246 build/stm32f4xx_hal_uart.o
 .debug_info    0x0000000000013548      0x564 build/system_stm32f4xx.o
 .debug_info    0x0000000000013aac      0x1c7 build/lis2hd12.o
 .debug_info    0x0000000000013c73      0xc96 build/i2c.o
 .debug_info    0x0000000000014909       0x22 build/startup_stm32f401xc.o

.debug_abbrev   0x0000000000000000     0x249a
 .debug_abbrev  0x0000000000000000      0x2e0 build/main.o
 .debug_abbrev  0x00000000000002e0      0x19b build/stm32f4xx_it.o
 .debug_abbrev  0x000000000000047b      0x235 build/stm32f4xx_hal_msp.o
 .debug_abbrev  0x00000000000006b0      0x193 build/stm32f4xx_hal_crc.o
 .debug_abbrev  0x0000000000000843      0x28a build/stm32f4xx_hal_rcc.o
 .debug_abbrev  0x0000000000000acd      0x180 build/stm32f4xx_hal_rcc_ex.o
 .debug_abbrev  0x0000000000000c4d      0x1ef build/stm32f4xx_hal_gpio.o
 .debug_abbrev  0x0000000000000e3c      0x282 build/stm32f4xx_hal_dma.o
 .debug_abbrev  0x00000000000010be      0x36a build/stm32f4xx_hal_cortex.o
 .debug_abbrev  0x0000000000001428      0x237 build/stm32f4xx_hal.o
 .debug_abbrev  0x000000000000165f      0x290 build/stm32f4xx_hal_i2c.o
 .debug_abbrev  0x00000000000018ef      0x21c build/stm32f4xx_hal_rtc.o
 .debug_abbrev  0x0000000000001b0b      0x24e build/stm32f4xx_hal_spi.o
 .debug_abbrev  0x0000000000001d59      0x30e build/stm32f4xx_hal_uart.o
 .debug_abbrev  0x0000000000002067      0x119 build/system_stm32f4xx.o
 .debug_abbrev  0x0000000000002180      0x128 build/lis2hd12.o
 .debug_abbrev  0x00000000000022a8      0x1e0 build/i2c.o
 .debug_abbrev  0x0000000000002488       0x12 build/startup_stm32f401xc.o

.debug_loc      0x0000000000000000     0xea3d
 .debug_loc     0x0000000000000000      0x348 build/main.o
 .debug_loc     0x0000000000000348      0x1d0 build/stm32f4xx_hal_msp.o
 .debug_loc     0x0000000000000518      0x213 build/stm32f4xx_hal_crc.o
 .debug_loc     0x000000000000072b      0x5a8 build/stm32f4xx_hal_rcc.o
 .debug_loc     0x0000000000000cd3      0x3df build/stm32f4xx_hal_rcc_ex.o
 .debug_loc     0x00000000000010b2      0x520 build/stm32f4xx_hal_gpio.o
 .debug_loc     0x00000000000015d2      0xbf9 build/stm32f4xx_hal_dma.o
 .debug_loc     0x00000000000021cb      0x744 build/stm32f4xx_hal_cortex.o
 .debug_loc     0x000000000000290f      0x141 build/stm32f4xx_hal.o
 .debug_loc     0x0000000000002a50     0x41b6 build/stm32f4xx_hal_i2c.o
 .debug_loc     0x0000000000006c06      0xea8 build/stm32f4xx_hal_rtc.o
 .debug_loc     0x0000000000007aae     0x1ded build/stm32f4xx_hal_spi.o
 .debug_loc     0x000000000000989b     0x49ab build/stm32f4xx_hal_uart.o
 .debug_loc     0x000000000000e246      0x158 build/system_stm32f4xx.o
 .debug_loc     0x000000000000e39e       0xc8 build/lis2hd12.o
 .debug_loc     0x000000000000e466      0x5d7 build/i2c.o

.debug_aranges  0x0000000000000000      0xda8
 .debug_aranges
                0x0000000000000000       0x90 build/main.o
 .debug_aranges
                0x0000000000000090       0xa0 build/stm32f4xx_it.o
 .debug_aranges
                0x0000000000000130       0x70 build/stm32f4xx_hal_msp.o
 .debug_aranges
                0x00000000000001a0       0x50 build/stm32f4xx_hal_crc.o
 .debug_aranges
                0x00000000000001f0       0x88 build/stm32f4xx_hal_rcc.o
 .debug_aranges
                0x0000000000000278       0x48 build/stm32f4xx_hal_rcc_ex.o
 .debug_aranges
                0x00000000000002c0       0x58 build/stm32f4xx_hal_gpio.o
 .debug_aranges
                0x0000000000000318       0x90 build/stm32f4xx_hal_dma.o
 .debug_aranges
                0x00000000000003a8       0xa8 build/stm32f4xx_hal_cortex.o
 .debug_aranges
                0x0000000000000450       0xf0 build/stm32f4xx_hal.o
 .debug_aranges
                0x0000000000000540      0x2a0 build/stm32f4xx_hal_i2c.o
 .debug_aranges
                0x00000000000007e0       0xe8 build/stm32f4xx_hal_rtc.o
 .debug_aranges
                0x00000000000008c8      0x1d0 build/stm32f4xx_hal_spi.o
 .debug_aranges
                0x0000000000000a98      0x200 build/stm32f4xx_hal_uart.o
 .debug_aranges
                0x0000000000000c98       0x28 build/system_stm32f4xx.o
 .debug_aranges
                0x0000000000000cc0       0x20 build/lis2hd12.o
 .debug_aranges
                0x0000000000000ce0       0xa0 build/i2c.o
 .debug_aranges
                0x0000000000000d80       0x28 build/startup_stm32f401xc.o

.debug_ranges   0x0000000000000000      0xd38
 .debug_ranges  0x0000000000000000       0x80 build/main.o
 .debug_ranges  0x0000000000000080       0x90 build/stm32f4xx_it.o
 .debug_ranges  0x0000000000000110       0x60 build/stm32f4xx_hal_msp.o
 .debug_ranges  0x0000000000000170       0x40 build/stm32f4xx_hal_crc.o
 .debug_ranges  0x00000000000001b0       0x90 build/stm32f4xx_hal_rcc.o
 .debug_ranges  0x0000000000000240       0x38 build/stm32f4xx_hal_rcc_ex.o
 .debug_ranges  0x0000000000000278       0x48 build/stm32f4xx_hal_gpio.o
 .debug_ranges  0x00000000000002c0       0x80 build/stm32f4xx_hal_dma.o
 .debug_ranges  0x0000000000000340       0xf8 build/stm32f4xx_hal_cortex.o
 .debug_ranges  0x0000000000000438       0xe0 build/stm32f4xx_hal.o
 .debug_ranges  0x0000000000000518      0x2a8 build/stm32f4xx_hal_i2c.o
 .debug_ranges  0x00000000000007c0       0xd8 build/stm32f4xx_hal_rtc.o
 .debug_ranges  0x0000000000000898      0x1c0 build/stm32f4xx_hal_spi.o
 .debug_ranges  0x0000000000000a58      0x208 build/stm32f4xx_hal_uart.o
 .debug_ranges  0x0000000000000c60       0x18 build/system_stm32f4xx.o
 .debug_ranges  0x0000000000000c78       0x10 build/lis2hd12.o
 .debug_ranges  0x0000000000000c88       0x90 build/i2c.o
 .debug_ranges  0x0000000000000d18       0x20 build/startup_stm32f401xc.o

.debug_line     0x0000000000000000    0x1212a
 .debug_line    0x0000000000000000      0x992 build/main.o
 .debug_line    0x0000000000000992      0x36d build/stm32f4xx_it.o
 .debug_line    0x0000000000000cff      0x85f build/stm32f4xx_hal_msp.o
 .debug_line    0x000000000000155e      0x3bf build/stm32f4xx_hal_crc.o
 .debug_line    0x000000000000191d      0xaf9 build/stm32f4xx_hal_rcc.o
 .debug_line    0x0000000000002416      0x607 build/stm32f4xx_hal_rcc_ex.o
 .debug_line    0x0000000000002a1d      0x6b1 build/stm32f4xx_hal_gpio.o
 .debug_line    0x00000000000030ce      0xe13 build/stm32f4xx_hal_dma.o
 .debug_line    0x0000000000003ee1      0x766 build/stm32f4xx_hal_cortex.o
 .debug_line    0x0000000000004647      0x553 build/stm32f4xx_hal.o
 .debug_line    0x0000000000004b9a     0x5351 build/stm32f4xx_hal_i2c.o
 .debug_line    0x0000000000009eeb     0x101f build/stm32f4xx_hal_rtc.o
 .debug_line    0x000000000000af0a     0x24d7 build/stm32f4xx_hal_spi.o
 .debug_line    0x000000000000d3e1     0x45dc build/stm32f4xx_hal_uart.o
 .debug_line    0x00000000000119bd      0x23e build/system_stm32f4xx.o
 .debug_line    0x0000000000011bfb      0x11e build/lis2hd12.o
 .debug_line    0x0000000000011d19      0x39b build/i2c.o
 .debug_line    0x00000000000120b4       0x76 build/startup_stm32f401xc.o

.debug_str      0x0000000000000000     0x3fef
 .debug_str     0x0000000000000000     0x151c build/main.o
                                       0x165b (size before relaxing)
 .debug_str     0x000000000000151c      0x23e build/stm32f4xx_it.o
                                        0x7bf (size before relaxing)
 .debug_str     0x000000000000175a      0x1d9 build/stm32f4xx_hal_msp.o
                                       0x13d9 (size before relaxing)
 .debug_str     0x0000000000001933       0xa7 build/stm32f4xx_hal_crc.o
                                        0x38f (size before relaxing)
 .debug_str     0x00000000000019da      0x225 build/stm32f4xx_hal_rcc.o
                                        0x704 (size before relaxing)
 .debug_str     0x0000000000001bff       0xf6 build/stm32f4xx_hal_rcc_ex.o
                                        0x4d6 (size before relaxing)
 .debug_str     0x0000000000001cf5      0x10d build/stm32f4xx_hal_gpio.o
                                        0x4de (size before relaxing)
 .debug_str     0x0000000000001e02      0x2d9 build/stm32f4xx_hal_dma.o
                                        0x762 (size before relaxing)
 .debug_str     0x00000000000020db      0x4d5 build/stm32f4xx_hal_cortex.o
                                        0xab6 (size before relaxing)
 .debug_str     0x00000000000025b0      0x295 build/stm32f4xx_hal.o
                                        0x9f6 (size before relaxing)
 .debug_str     0x0000000000002845      0x871 build/stm32f4xx_hal_i2c.o
                                       0x1021 (size before relaxing)
 .debug_str     0x00000000000030b6      0x296 build/stm32f4xx_hal_rtc.o
                                        0x7cb (size before relaxing)
 .debug_str     0x000000000000334c      0x510 build/stm32f4xx_hal_spi.o
                                        0xbe6 (size before relaxing)
 .debug_str     0x000000000000385c      0x5c6 build/stm32f4xx_hal_uart.o
                                        0xd45 (size before relaxing)
 .debug_str     0x0000000000003e22       0x47 build/system_stm32f4xx.o
                                        0x373 (size before relaxing)
 .debug_str     0x0000000000003e69       0x61 build/lis2hd12.o
                                        0x205 (size before relaxing)
 .debug_str     0x0000000000003eca      0x101 build/i2c.o
                                        0x8c9 (size before relaxing)
 .debug_str     0x0000000000003fcb       0x24 build/startup_stm32f401xc.o
                                         0x52 (size before relaxing)

.comment        0x0000000000000000       0x49
 .comment       0x0000000000000000       0x49 build/main.o
                                         0x4a (size before relaxing)
 .comment       0x0000000000000049       0x4a build/stm32f4xx_it.o
 .comment       0x0000000000000049       0x4a build/stm32f4xx_hal_msp.o
 .comment       0x0000000000000049       0x4a build/stm32f4xx_hal_crc.o
 .comment       0x0000000000000049       0x4a build/stm32f4xx_hal_rcc.o
 .comment       0x0000000000000049       0x4a build/stm32f4xx_hal_rcc_ex.o
 .comment       0x0000000000000049       0x4a build/stm32f4xx_hal_gpio.o
 .comment       0x0000000000000049       0x4a build/stm32f4xx_hal_dma.o
 .comment       0x0000000000000049       0x4a build/stm32f4xx_hal_cortex.o
 .comment       0x0000000000000049       0x4a build/stm32f4xx_hal.o
 .comment       0x0000000000000049       0x4a build/stm32f4xx_hal_i2c.o
 .comment       0x0000000000000049       0x4a build/stm32f4xx_hal_rtc.o
 .comment       0x0000000000000049       0x4a build/stm32f4xx_hal_spi.o
 .comment       0x0000000000000049       0x4a build/stm32f4xx_hal_uart.o
 .comment       0x0000000000000049       0x4a build/system_stm32f4xx.o
 .comment       0x0000000000000049       0x4a build/lis2hd12.o
 .comment       0x0000000000000049       0x4a build/i2c.o

.debug_frame    0x0000000000000000     0x2abc
 .debug_frame   0x0000000000000000      0x1b0 build/main.o
 .debug_frame   0x00000000000001b0      0x168 build/stm32f4xx_it.o
 .debug_frame   0x0000000000000318      0x13c build/stm32f4xx_hal_msp.o
 .debug_frame   0x0000000000000454       0xb8 build/stm32f4xx_hal_crc.o
 .debug_frame   0x000000000000050c      0x16c build/stm32f4xx_hal_rcc.o
 .debug_frame   0x0000000000000678       0xa0 build/stm32f4xx_hal_rcc_ex.o
 .debug_frame   0x0000000000000718       0xd8 build/stm32f4xx_hal_gpio.o
 .debug_frame   0x00000000000007f0      0x188 build/stm32f4xx_hal_dma.o
 .debug_frame   0x0000000000000978      0x148 build/stm32f4xx_hal_cortex.o
 .debug_frame   0x0000000000000ac0      0x1ec build/stm32f4xx_hal.o
 .debug_frame   0x0000000000000cac      0x970 build/stm32f4xx_hal_i2c.o
 .debug_frame   0x000000000000161c      0x284 build/stm32f4xx_hal_rtc.o
 .debug_frame   0x00000000000018a0      0x5a4 build/stm32f4xx_hal_spi.o
 .debug_frame   0x0000000000001e44      0x5cc build/stm32f4xx_hal_uart.o
 .debug_frame   0x0000000000002410       0x30 build/system_stm32f4xx.o
 .debug_frame   0x0000000000002440       0x2c build/lis2hd12.o
 .debug_frame   0x000000000000246c      0x180 build/i2c.o
 .debug_frame   0x00000000000025ec       0x2c /usr/share/gcc-arm-none-eabi-10.3-2021.10/bin/../lib/gcc/arm-none-eabi/10.3.1/../../../../arm-none-eabi/lib/thumb/v7e-m+fp/hard/libc_nano.a(lib_a-init.o)
 .debug_frame   0x0000000000002618       0x28 /usr/share/gcc-arm-none-eabi-10.3-2021.10/bin/../lib/gcc/arm-none-eabi/10.3.1/../../../../arm-none-eabi/lib/thumb/v7e-m+fp/hard/libc_nano.a(lib_a-memcpy-stub.o)
 .debug_frame   0x0000000000002640       0x20 /usr/share/gcc-arm-none-eabi-10.3-2021.10/bin/../lib/gcc/arm-none-eabi/10.3.1/../../../../arm-none-eabi/lib/thumb/v7e-m+fp/hard/libc_nano.a(lib_a-memset.o)
 .debug_frame   0x0000000000002660       0x7c /usr/share/gcc-arm-none-eabi-10.3-2021.10/bin/../lib/gcc/arm-none-eabi/10.3.1/../../../../arm-none-eabi/lib/thumb/v7e-m+fp/hard/libc_nano.a(lib_a-snprintf.o)
 .debug_frame   0x00000000000026dc       0x90 /usr/share/gcc-arm-none-eabi-10.3-2021.10/bin/../lib/gcc/arm-none-eabi/10.3.1/../../../../arm-none-eabi/lib/thumb/v7e-m+fp/hard/libc_nano.a(lib_a-nano-svfprintf.o)
 .debug_frame   0x000000000000276c       0x60 /usr/share/gcc-arm-none-eabi-10.3-2021.10/bin/../lib/gcc/arm-none-eabi/10.3.1/../../../../arm-none-eabi/lib/thumb/v7e-m+fp/hard/libc_nano.a(lib_a-nano-vfprintf_i.o)
 .debug_frame   0x00000000000027cc       0x28 /usr/share/gcc-arm-none-eabi-10.3-2021.10/bin/../lib/gcc/arm-none-eabi/10.3.1/../../../../arm-none-eabi/lib/thumb/v7e-m+fp/hard/libc_nano.a(lib_a-memmove.o)
 .debug_frame   0x00000000000027f4       0x38 /usr/share/gcc-arm-none-eabi-10.3-2021.10/bin/../lib/gcc/arm-none-eabi/10.3.1/../../../../arm-none-eabi/lib/thumb/v7e-m+fp/hard/libc_nano.a(lib_a-nano-freer.o)
 .debug_frame   0x000000000000282c       0x4c /usr/share/gcc-arm-none-eabi-10.3-2021.10/bin/../lib/gcc/arm-none-eabi/10.3.1/../../../../arm-none-eabi/lib/thumb/v7e-m+fp/hard/libc_nano.a(lib_a-nano-mallocr.o)
 .debug_frame   0x0000000000002878       0x3c /usr/share/gcc-arm-none-eabi-10.3-2021.10/bin/../lib/gcc/arm-none-eabi/10.3.1/../../../../arm-none-eabi/lib/thumb/v7e-m+fp/hard/libc_nano.a(lib_a-nano-reallocr.o)
 .debug_frame   0x00000000000028b4       0x2c /usr/share/gcc-arm-none-eabi-10.3-2021.10/bin/../lib/gcc/arm-none-eabi/10.3.1/../../../../arm-none-eabi/lib/thumb/v7e-m+fp/hard/libc_nano.a(lib_a-sbrkr.o)
 .debug_frame   0x00000000000028e0       0x30 /usr/share/gcc-arm-none-eabi-10.3-2021.10/bin/../lib/gcc/arm-none-eabi/10.3.1/../../../../arm-none-eabi/lib/thumb/v7e-m+fp/hard/libc_nano.a(lib_a-mlock.o)
 .debug_frame   0x0000000000002910       0x20 /usr/share/gcc-arm-none-eabi-10.3-2021.10/bin/../lib/gcc/arm-none-eabi/10.3.1/../../../../arm-none-eabi/lib/thumb/v7e-m+fp/hard/libc_nano.a(lib_a-nano-msizer.o)
 .debug_frame   0x0000000000002930       0x5c /usr/share/gcc-arm-none-eabi-10.3-2021.10/bin/../lib/gcc/arm-none-eabi/10.3.1/../../../../arm-none-eabi/lib/thumb/v7e-m+fp/hard/libc_nano.a(lib_a-reent.o)
 .debug_frame   0x000000000000298c       0xb0 /usr/share/gcc-arm-none-eabi-10.3-2021.10/bin/../lib/gcc/arm-none-eabi/10.3.1/../../../../arm-none-eabi/lib/thumb/v7e-m+fp/hard/libc_nano.a(lib_a-lock.o)
 .debug_frame   0x0000000000002a3c       0x20 /usr/share/gcc-arm-none-eabi-10.3-2021.10/bin/../lib/gcc/arm-none-eabi/10.3.1/../../../../arm-none-eabi/lib/thumb/v7e-m+fp/hard/libnosys.a(sbrk.o)
 .debug_frame   0x0000000000002a5c       0x2c /usr/share/gcc-arm-none-eabi-10.3-2021.10/bin/../lib/gcc/arm-none-eabi/10.3.1/thumb/v7e-m+fp/hard/libgcc.a(_aeabi_uldivmod.o)
 .debug_frame   0x0000000000002a88       0x34 /usr/share/gcc-arm-none-eabi-10.3-2021.10/bin/../lib/gcc/arm-none-eabi/10.3.1/thumb/v7e-m+fp/hard/libgcc.a(_udivmoddi4.o)

Cross Reference Table

Symbol                                            File
ADC_IRQHandler                                    build/startup_stm32f401xc.o
AHBPrescTable                                     build/system_stm32f4xx.o
                                                  build/stm32f4xx_hal_rcc.o
APBPrescTable                                     build/system_stm32f4xx.o
                                                  build/stm32f4xx_hal_rcc.o
BusFault_Handler                                  build/stm32f4xx_it.o
DMA1_Stream0_IRQHandler                           build/startup_stm32f401xc.o
DMA1_Stream1_IRQHandler                           build/stm32f4xx_it.o
DMA1_Stream2_IRQHandler                           build/startup_stm32f401xc.o
DMA1_Stream3_IRQHandler                           build/startup_stm32f401xc.o
DMA1_Stream4_IRQHandler                           build/stm32f4xx_it.o
DMA1_Stream5_IRQHandler                           build/stm32f4xx_it.o
DMA1_Stream6_IRQHandler                           build/stm32f4xx_it.o
DMA1_Stream7_IRQHandler                           build/startup_stm32f401xc.o
DMA2_Stream0_IRQHandler                           build/stm32f4xx_it.o
DMA2_Stream1_IRQHandler                           build/startup_stm32f401xc.o
DMA2_Stream2_IRQHandler                           build/startup_stm32f401xc.o
DMA2_Stream3_IRQHandler                           build/stm32f4xx_it.o
DMA2_Stream4_IRQHandler                           build/startup_stm32f401xc.o
DMA2_Stream5_IRQHandler                           build/startup_stm32f401xc.o
DMA2_Stream6_IRQHandler                           build/startup_stm32f401xc.o
DMA2_Stream7_IRQHandler                           build/stm32f4xx_it.o
DebugMon_Handler                                  build/stm32f4xx_it.o
Default_Handler                                   build/startup_stm32f401xc.o
EXTI0_IRQHandler                                  build/startup_stm32f401xc.o
EXTI15_10_IRQHandler                              build/startup_stm32f401xc.o
EXTI1_IRQHandler                                  build/startup_stm32f401xc.o
EXTI2_IRQHandler                                  build/startup_stm32f401xc.o
EXTI3_IRQHandler                                  build/startup_stm32f401xc.o
EXTI4_IRQHandler                                  build/startup_stm32f401xc.o
EXTI9_5_IRQHandler                                build/startup_stm32f401xc.o
Error_Handler                                     build/main.o
                                                  build/stm32f4xx_hal_msp.o
FLASH_Erase_Sector                                build/stm32f4xx_hal_flash_ex.o
                                                  build/stm32f4xx_hal_flash.o
FLASH_FlushCaches                                 build/stm32f4xx_hal_flash_ex.o
                                                  build/stm32f4xx_hal_flash.o
FLASH_IRQHandler                                  build/startup_stm32f401xc.o
FLASH_WaitForLastOperation                        build/stm32f4xx_hal_flash.o
                                                  build/stm32f4xx_hal_flash_ex.o
FPU_IRQHandler                                    build/startup_stm32f401xc.o
HAL_CRC_Accumulate                                build/stm32f4xx_hal_crc.o
HAL_CRC_Calculate                                 build/stm32f4xx_hal_crc.o
HAL_CRC_DeInit                                    build/stm32f4xx_hal_crc.o
HAL_CRC_GetState                                  build/stm32f4xx_hal_crc.o
HAL_CRC_Init                                      build/stm32f4xx_hal_crc.o
                                                  build/main.o
HAL_CRC_MspDeInit                                 build/stm32f4xx_hal_msp.o
HAL_CRC_MspInit                                   build/stm32f4xx_hal_msp.o
HAL_DBGMCU_DisableDBGSleepMode                    build/stm32f4xx_hal.o
HAL_DBGMCU_DisableDBGStandbyMode                  build/stm32f4xx_hal.o
HAL_DBGMCU_DisableDBGStopMode                     build/stm32f4xx_hal.o
HAL_DBGMCU_EnableDBGSleepMode                     build/stm32f4xx_hal.o
HAL_DBGMCU_EnableDBGStandbyMode                   build/stm32f4xx_hal.o
HAL_DBGMCU_EnableDBGStopMode                      build/stm32f4xx_hal.o
HAL_DMAEx_ChangeMemory                            build/stm32f4xx_hal_dma_ex.o
HAL_DMAEx_MultiBufferStart                        build/stm32f4xx_hal_dma_ex.o
HAL_DMAEx_MultiBufferStart_IT                     build/stm32f4xx_hal_dma_ex.o
HAL_DMA_Abort                                     build/stm32f4xx_hal_dma.o
                                                  build/stm32f4xx_hal_uart.o
                                                  build/stm32f4xx_hal_spi.o
HAL_DMA_Abort_IT                                  build/stm32f4xx_hal_dma.o
                                                  build/stm32f4xx_hal_uart.o
                                                  build/stm32f4xx_hal_spi.o
                                                  build/stm32f4xx_hal_i2c.o
HAL_DMA_DeInit                                    build/stm32f4xx_hal_dma.o
                                                  build/stm32f4xx_hal_msp.o
HAL_DMA_GetError                                  build/stm32f4xx_hal_dma.o
                                                  build/stm32f4xx_hal_uart.o
                                                  build/stm32f4xx_hal_i2c.o
HAL_DMA_GetState                                  build/stm32f4xx_hal_dma.o
                                                  build/stm32f4xx_hal_i2c.o
HAL_DMA_IRQHandler                                build/stm32f4xx_hal_dma.o
                                                  build/stm32f4xx_it.o
HAL_DMA_Init                                      build/stm32f4xx_hal_dma.o
                                                  build/stm32f4xx_hal_msp.o
HAL_DMA_PollForTransfer                           build/stm32f4xx_hal_dma.o
HAL_DMA_RegisterCallback                          build/stm32f4xx_hal_dma.o
HAL_DMA_Start                                     build/stm32f4xx_hal_dma.o
HAL_DMA_Start_IT                                  build/stm32f4xx_hal_dma.o
                                                  build/stm32f4xx_hal_uart.o
                                                  build/stm32f4xx_hal_spi.o
                                                  build/stm32f4xx_hal_i2c.o
HAL_DMA_UnRegisterCallback                        build/stm32f4xx_hal_dma.o
HAL_DeInit                                        build/stm32f4xx_hal.o
HAL_Delay                                         build/stm32f4xx_hal.o
                                                  build/main.o
HAL_DisableCompensationCell                       build/stm32f4xx_hal.o
HAL_EXTI_ClearConfigLine                          build/stm32f4xx_hal_exti.o
HAL_EXTI_ClearPending                             build/stm32f4xx_hal_exti.o
HAL_EXTI_GenerateSWI                              build/stm32f4xx_hal_exti.o
HAL_EXTI_GetConfigLine                            build/stm32f4xx_hal_exti.o
HAL_EXTI_GetHandle                                build/stm32f4xx_hal_exti.o
HAL_EXTI_GetPending                               build/stm32f4xx_hal_exti.o
HAL_EXTI_IRQHandler                               build/stm32f4xx_hal_exti.o
HAL_EXTI_RegisterCallback                         build/stm32f4xx_hal_exti.o
HAL_EXTI_SetConfigLine                            build/stm32f4xx_hal_exti.o
HAL_EnableCompensationCell                        build/stm32f4xx_hal.o
HAL_FLASHEx_AdvOBGetConfig                        build/stm32f4xx_hal_flash_ex.o
HAL_FLASHEx_AdvOBProgram                          build/stm32f4xx_hal_flash_ex.o
HAL_FLASHEx_Erase                                 build/stm32f4xx_hal_flash_ex.o
HAL_FLASHEx_Erase_IT                              build/stm32f4xx_hal_flash_ex.o
HAL_FLASHEx_OBGetConfig                           build/stm32f4xx_hal_flash_ex.o
HAL_FLASHEx_OBProgram                             build/stm32f4xx_hal_flash_ex.o
HAL_FLASHEx_OB_DeSelectPCROP                      build/stm32f4xx_hal_flash_ex.o
HAL_FLASHEx_OB_SelectPCROP                        build/stm32f4xx_hal_flash_ex.o
HAL_FLASH_EndOfOperationCallback                  build/stm32f4xx_hal_flash.o
HAL_FLASH_GetError                                build/stm32f4xx_hal_flash.o
HAL_FLASH_IRQHandler                              build/stm32f4xx_hal_flash.o
HAL_FLASH_Lock                                    build/stm32f4xx_hal_flash.o
HAL_FLASH_OB_Launch                               build/stm32f4xx_hal_flash.o
HAL_FLASH_OB_Lock                                 build/stm32f4xx_hal_flash.o
HAL_FLASH_OB_Unlock                               build/stm32f4xx_hal_flash.o
HAL_FLASH_OperationErrorCallback                  build/stm32f4xx_hal_flash.o
HAL_FLASH_Program                                 build/stm32f4xx_hal_flash.o
HAL_FLASH_Program_IT                              build/stm32f4xx_hal_flash.o
HAL_FLASH_Unlock                                  build/stm32f4xx_hal_flash.o
HAL_GPIO_DeInit                                   build/stm32f4xx_hal_gpio.o
                                                  build/stm32f4xx_hal_msp.o
HAL_GPIO_EXTI_Callback                            build/stm32f4xx_hal_gpio.o
HAL_GPIO_EXTI_IRQHandler                          build/stm32f4xx_hal_gpio.o
HAL_GPIO_Init                                     build/stm32f4xx_hal_gpio.o
                                                  build/stm32f4xx_hal_rcc.o
                                                  build/stm32f4xx_hal_msp.o
                                                  build/main.o
HAL_GPIO_LockPin                                  build/stm32f4xx_hal_gpio.o
HAL_GPIO_ReadPin                                  build/stm32f4xx_hal_gpio.o
HAL_GPIO_TogglePin                                build/stm32f4xx_hal_gpio.o
                                                  build/main.o
HAL_GPIO_WritePin                                 build/stm32f4xx_hal_gpio.o
                                                  build/eeprom.o
                                                  build/bmp280.o
                                                  build/main.o
HAL_GetDEVID                                      build/stm32f4xx_hal.o
HAL_GetHalVersion                                 build/stm32f4xx_hal.o
HAL_GetREVID                                      build/stm32f4xx_hal.o
HAL_GetTick                                       build/stm32f4xx_hal.o
                                                  build/stm32f4xx_hal_uart.o
                                                  build/stm32f4xx_hal_spi.o
                                                  build/stm32f4xx_hal_rtc_ex.o
                                                  build/stm32f4xx_hal_rtc.o
                                                  build/stm32f4xx_hal_i2c.o
                                                  build/stm32f4xx_hal_pwr_ex.o
                                                  build/stm32f4xx_hal_dma.o
                                                  build/stm32f4xx_hal_flash.o
                                                  build/stm32f4xx_hal_rcc_ex.o
                                                  build/stm32f4xx_hal_rcc.o
HAL_GetTickFreq                                   build/stm32f4xx_hal.o
HAL_GetTickPrio                                   build/stm32f4xx_hal.o
HAL_GetUIDw0                                      build/stm32f4xx_hal.o
HAL_GetUIDw1                                      build/stm32f4xx_hal.o
HAL_GetUIDw2                                      build/stm32f4xx_hal.o
HAL_HalfDuplex_EnableReceiver                     build/stm32f4xx_hal_uart.o
HAL_HalfDuplex_EnableTransmitter                  build/stm32f4xx_hal_uart.o
HAL_HalfDuplex_Init                               build/stm32f4xx_hal_uart.o
HAL_I2CEx_ConfigAnalogFilter                      build/stm32f4xx_hal_i2c_ex.o
HAL_I2CEx_ConfigDigitalFilter                     build/stm32f4xx_hal_i2c_ex.o
HAL_I2C_AbortCpltCallback                         build/i2c.o
                                                  build/stm32f4xx_hal_i2c.o
HAL_I2C_AddrCallback                              build/stm32f4xx_hal_i2c.o
HAL_I2C_DeInit                                    build/stm32f4xx_hal_i2c.o
HAL_I2C_DisableListen_IT                          build/stm32f4xx_hal_i2c.o
HAL_I2C_ER_IRQHandler                             build/stm32f4xx_hal_i2c.o
HAL_I2C_EV_IRQHandler                             build/stm32f4xx_hal_i2c.o
HAL_I2C_EnableListen_IT                           build/stm32f4xx_hal_i2c.o
HAL_I2C_ErrorCallback                             build/i2c.o
                                                  build/stm32f4xx_hal_i2c.o
HAL_I2C_GetError                                  build/stm32f4xx_hal_i2c.o
HAL_I2C_GetMode                                   build/stm32f4xx_hal_i2c.o
HAL_I2C_GetState                                  build/stm32f4xx_hal_i2c.o
HAL_I2C_Init                                      build/stm32f4xx_hal_i2c.o
                                                  build/main.o
HAL_I2C_IsDeviceReady                             build/stm32f4xx_hal_i2c.o
                                                  build/i2c.o
                                                  build/main.o
HAL_I2C_ListenCpltCallback                        build/stm32f4xx_hal_i2c.o
HAL_I2C_MasterRxCpltCallback                      build/i2c.o
                                                  build/stm32f4xx_hal_i2c.o
HAL_I2C_MasterTxCpltCallback                      build/i2c.o
                                                  build/stm32f4xx_hal_i2c.o
HAL_I2C_Master_Abort_IT                           build/stm32f4xx_hal_i2c.o
HAL_I2C_Master_Receive                            build/stm32f4xx_hal_i2c.o
                                                  build/i2c.o
HAL_I2C_Master_Receive_DMA                        build/stm32f4xx_hal_i2c.o
HAL_I2C_Master_Receive_IT                         build/stm32f4xx_hal_i2c.o
HAL_I2C_Master_Seq_Receive_DMA                    build/stm32f4xx_hal_i2c.o
HAL_I2C_Master_Seq_Receive_IT                     build/stm32f4xx_hal_i2c.o
HAL_I2C_Master_Seq_Transmit_DMA                   build/stm32f4xx_hal_i2c.o
HAL_I2C_Master_Seq_Transmit_IT                    build/stm32f4xx_hal_i2c.o
HAL_I2C_Master_Transmit                           build/stm32f4xx_hal_i2c.o
                                                  build/i2c.o
HAL_I2C_Master_Transmit_DMA                       build/stm32f4xx_hal_i2c.o
HAL_I2C_Master_Transmit_IT                        build/stm32f4xx_hal_i2c.o
HAL_I2C_MemRxCpltCallback                         build/i2c.o
                                                  build/stm32f4xx_hal_i2c.o
HAL_I2C_MemTxCpltCallback                         build/i2c.o
                                                  build/stm32f4xx_hal_i2c.o
HAL_I2C_Mem_Read                                  build/stm32f4xx_hal_i2c.o
                                                  build/i2c.o
HAL_I2C_Mem_Read_DMA                              build/stm32f4xx_hal_i2c.o
                                                  build/i2c.o
HAL_I2C_Mem_Read_IT                               build/stm32f4xx_hal_i2c.o
HAL_I2C_Mem_Write                                 build/stm32f4xx_hal_i2c.o
                                                  build/i2c.o
HAL_I2C_Mem_Write_DMA                             build/stm32f4xx_hal_i2c.o
                                                  build/i2c.o
HAL_I2C_Mem_Write_IT                              build/stm32f4xx_hal_i2c.o
HAL_I2C_MspDeInit                                 build/stm32f4xx_hal_msp.o
HAL_I2C_MspInit                                   build/stm32f4xx_hal_msp.o
HAL_I2C_SlaveRxCpltCallback                       build/stm32f4xx_hal_i2c.o
HAL_I2C_SlaveTxCpltCallback                       build/stm32f4xx_hal_i2c.o
HAL_I2C_Slave_Receive                             build/stm32f4xx_hal_i2c.o
HAL_I2C_Slave_Receive_DMA                         build/stm32f4xx_hal_i2c.o
HAL_I2C_Slave_Receive_IT                          build/stm32f4xx_hal_i2c.o
HAL_I2C_Slave_Seq_Receive_DMA                     build/stm32f4xx_hal_i2c.o
HAL_I2C_Slave_Seq_Receive_IT                      build/stm32f4xx_hal_i2c.o
HAL_I2C_Slave_Seq_Transmit_DMA                    build/stm32f4xx_hal_i2c.o
HAL_I2C_Slave_Seq_Transmit_IT                     build/stm32f4xx_hal_i2c.o
HAL_I2C_Slave_Transmit                            build/stm32f4xx_hal_i2c.o
HAL_I2C_Slave_Transmit_DMA                        build/stm32f4xx_hal_i2c.o
HAL_I2C_Slave_Transmit_IT                         build/stm32f4xx_hal_i2c.o
HAL_IncTick                                       build/stm32f4xx_hal.o
                                                  build/stm32f4xx_it.o
HAL_Init                                          build/stm32f4xx_hal.o
                                                  build/main.o
HAL_InitTick                                      build/stm32f4xx_hal.o
                                                  build/stm32f4xx_hal_rcc_ex.o
                                                  build/stm32f4xx_hal_rcc.o
HAL_LIN_Init                                      build/stm32f4xx_hal_uart.o
HAL_LIN_SendBreak                                 build/stm32f4xx_hal_uart.o
HAL_MPU_ConfigRegion                              build/stm32f4xx_hal_cortex.o
HAL_MPU_Disable                                   build/stm32f4xx_hal_cortex.o
HAL_MPU_Enable                                    build/stm32f4xx_hal_cortex.o
HAL_MspDeInit                                     build/stm32f4xx_hal.o
HAL_MspInit                                       build/stm32f4xx_hal_msp.o
HAL_MultiProcessor_EnterMuteMode                  build/stm32f4xx_hal_uart.o
HAL_MultiProcessor_ExitMuteMode                   build/stm32f4xx_hal_uart.o
HAL_MultiProcessor_Init                           build/stm32f4xx_hal_uart.o
HAL_NVIC_ClearPendingIRQ                          build/stm32f4xx_hal_cortex.o
HAL_NVIC_DisableIRQ                               build/stm32f4xx_hal_cortex.o
                                                  build/stm32f4xx_hal_msp.o
HAL_NVIC_EnableIRQ                                build/stm32f4xx_hal_cortex.o
                                                  build/stm32f4xx_hal_msp.o
                                                  build/main.o
HAL_NVIC_GetActive                                build/stm32f4xx_hal_cortex.o
HAL_NVIC_GetPendingIRQ                            build/stm32f4xx_hal_cortex.o
HAL_NVIC_GetPriority                              build/stm32f4xx_hal_cortex.o
HAL_NVIC_GetPriorityGrouping                      build/stm32f4xx_hal_cortex.o
HAL_NVIC_SetPendingIRQ                            build/stm32f4xx_hal_cortex.o
HAL_NVIC_SetPriority                              build/stm32f4xx_hal_cortex.o
                                                  build/stm32f4xx_hal.o
                                                  build/stm32f4xx_hal_msp.o
                                                  build/main.o
HAL_NVIC_SetPriorityGrouping                      build/stm32f4xx_hal_cortex.o
                                                  build/stm32f4xx_hal.o
HAL_NVIC_SystemReset                              build/stm32f4xx_hal_cortex.o
HAL_PWREx_ControlVoltageScaling                   build/stm32f4xx_hal_pwr_ex.o
HAL_PWREx_DisableBkUpReg                          build/stm32f4xx_hal_pwr_ex.o
HAL_PWREx_DisableFlashPowerDown                   build/stm32f4xx_hal_pwr_ex.o
HAL_PWREx_DisableLowRegulatorLowVoltage           build/stm32f4xx_hal_pwr_ex.o
HAL_PWREx_DisableMainRegulatorLowVoltage          build/stm32f4xx_hal_pwr_ex.o
HAL_PWREx_EnableBkUpReg                           build/stm32f4xx_hal_pwr_ex.o
HAL_PWREx_EnableFlashPowerDown                    build/stm32f4xx_hal_pwr_ex.o
HAL_PWREx_EnableLowRegulatorLowVoltage            build/stm32f4xx_hal_pwr_ex.o
HAL_PWREx_EnableMainRegulatorLowVoltage           build/stm32f4xx_hal_pwr_ex.o
HAL_PWREx_GetVoltageRange                         build/stm32f4xx_hal_pwr_ex.o
HAL_PWR_ConfigPVD                                 build/stm32f4xx_hal_pwr.o
HAL_PWR_DeInit                                    build/stm32f4xx_hal_pwr.o
HAL_PWR_DisableBkUpAccess                         build/stm32f4xx_hal_pwr.o
HAL_PWR_DisablePVD                                build/stm32f4xx_hal_pwr.o
HAL_PWR_DisableSEVOnPend                          build/stm32f4xx_hal_pwr.o
HAL_PWR_DisableSleepOnExit                        build/stm32f4xx_hal_pwr.o
HAL_PWR_DisableWakeUpPin                          build/stm32f4xx_hal_pwr.o
HAL_PWR_EnableBkUpAccess                          build/stm32f4xx_hal_pwr.o
HAL_PWR_EnablePVD                                 build/stm32f4xx_hal_pwr.o
HAL_PWR_EnableSEVOnPend                           build/stm32f4xx_hal_pwr.o
HAL_PWR_EnableSleepOnExit                         build/stm32f4xx_hal_pwr.o
HAL_PWR_EnableWakeUpPin                           build/stm32f4xx_hal_pwr.o
HAL_PWR_EnterSLEEPMode                            build/stm32f4xx_hal_pwr.o
HAL_PWR_EnterSTANDBYMode                          build/stm32f4xx_hal_pwr.o
HAL_PWR_EnterSTOPMode                             build/stm32f4xx_hal_pwr.o
HAL_PWR_PVDCallback                               build/stm32f4xx_hal_pwr.o
HAL_PWR_PVD_IRQHandler                            build/stm32f4xx_hal_pwr.o
HAL_RCCEx_DisablePLLI2S                           build/stm32f4xx_hal_rcc_ex.o
HAL_RCCEx_EnablePLLI2S                            build/stm32f4xx_hal_rcc_ex.o
HAL_RCCEx_GetPeriphCLKConfig                      build/stm32f4xx_hal_rcc_ex.o
HAL_RCCEx_GetPeriphCLKFreq                        build/stm32f4xx_hal_rcc_ex.o
HAL_RCCEx_PeriphCLKConfig                         build/stm32f4xx_hal_rcc_ex.o
                                                  build/stm32f4xx_hal_msp.o
HAL_RCC_CSSCallback                               build/stm32f4xx_hal_rcc.o
HAL_RCC_ClockConfig                               build/stm32f4xx_hal_rcc.o
                                                  build/main.o
HAL_RCC_DeInit                                    build/stm32f4xx_hal_rcc_ex.o
                                                  build/stm32f4xx_hal_rcc.o
HAL_RCC_DisableCSS                                build/stm32f4xx_hal_rcc.o
HAL_RCC_EnableCSS                                 build/stm32f4xx_hal_rcc.o
HAL_RCC_GetClockConfig                            build/stm32f4xx_hal_rcc.o
HAL_RCC_GetHCLKFreq                               build/stm32f4xx_hal_rcc.o
HAL_RCC_GetOscConfig                              build/stm32f4xx_hal_rcc.o
HAL_RCC_GetPCLK1Freq                              build/stm32f4xx_hal_rcc.o
                                                  build/stm32f4xx_hal_uart.o
                                                  build/stm32f4xx_hal_i2c.o
HAL_RCC_GetPCLK2Freq                              build/stm32f4xx_hal_rcc.o
                                                  build/stm32f4xx_hal_uart.o
HAL_RCC_GetSysClockFreq                           build/stm32f4xx_hal_rcc.o
HAL_RCC_MCOConfig                                 build/stm32f4xx_hal_rcc.o
HAL_RCC_NMI_IRQHandler                            build/stm32f4xx_hal_rcc.o
HAL_RCC_OscConfig                                 build/stm32f4xx_hal_rcc.o
                                                  build/main.o
HAL_RTCEx_AlarmBEventCallback                     build/stm32f4xx_hal_rtc_ex.o
                                                  build/stm32f4xx_hal_rtc.o
HAL_RTCEx_BKUPRead                                build/stm32f4xx_hal_rtc_ex.o
HAL_RTCEx_BKUPWrite                               build/stm32f4xx_hal_rtc_ex.o
HAL_RTCEx_DeactivateCalibrationOutPut             build/stm32f4xx_hal_rtc_ex.o
HAL_RTCEx_DeactivateCoarseCalib                   build/stm32f4xx_hal_rtc_ex.o
HAL_RTCEx_DeactivateRefClock                      build/stm32f4xx_hal_rtc_ex.o
HAL_RTCEx_DeactivateTamper                        build/stm32f4xx_hal_rtc_ex.o
HAL_RTCEx_DeactivateTimeStamp                     build/stm32f4xx_hal_rtc_ex.o
HAL_RTCEx_DeactivateWakeUpTimer                   build/stm32f4xx_hal_rtc_ex.o
HAL_RTCEx_DisableBypassShadow                     build/stm32f4xx_hal_rtc_ex.o
HAL_RTCEx_EnableBypassShadow                      build/stm32f4xx_hal_rtc_ex.o
HAL_RTCEx_GetTimeStamp                            build/stm32f4xx_hal_rtc_ex.o
HAL_RTCEx_GetWakeUpTimer                          build/stm32f4xx_hal_rtc_ex.o
HAL_RTCEx_PollForAlarmBEvent                      build/stm32f4xx_hal_rtc_ex.o
HAL_RTCEx_PollForTamper1Event                     build/stm32f4xx_hal_rtc_ex.o
HAL_RTCEx_PollForTimeStampEvent                   build/stm32f4xx_hal_rtc_ex.o
HAL_RTCEx_PollForWakeUpTimerEvent                 build/stm32f4xx_hal_rtc_ex.o
HAL_RTCEx_SetCalibrationOutPut                    build/stm32f4xx_hal_rtc_ex.o
HAL_RTCEx_SetCoarseCalib                          build/stm32f4xx_hal_rtc_ex.o
HAL_RTCEx_SetRefClock                             build/stm32f4xx_hal_rtc_ex.o
HAL_RTCEx_SetSmoothCalib                          build/stm32f4xx_hal_rtc_ex.o
HAL_RTCEx_SetSynchroShift                         build/stm32f4xx_hal_rtc_ex.o
HAL_RTCEx_SetTamper                               build/stm32f4xx_hal_rtc_ex.o
HAL_RTCEx_SetTamper_IT                            build/stm32f4xx_hal_rtc_ex.o
HAL_RTCEx_SetTimeStamp                            build/stm32f4xx_hal_rtc_ex.o
HAL_RTCEx_SetTimeStamp_IT                         build/stm32f4xx_hal_rtc_ex.o
HAL_RTCEx_SetWakeUpTimer                          build/stm32f4xx_hal_rtc_ex.o
HAL_RTCEx_SetWakeUpTimer_IT                       build/stm32f4xx_hal_rtc_ex.o
HAL_RTCEx_Tamper1EventCallback                    build/stm32f4xx_hal_rtc_ex.o
HAL_RTCEx_TamperTimeStampIRQHandler               build/stm32f4xx_hal_rtc_ex.o
HAL_RTCEx_TimeStampEventCallback                  build/stm32f4xx_hal_rtc_ex.o
HAL_RTCEx_WakeUpTimerEventCallback                build/stm32f4xx_hal_rtc_ex.o
HAL_RTCEx_WakeUpTimerIRQHandler                   build/stm32f4xx_hal_rtc_ex.o
HAL_RTC_AlarmAEventCallback                       build/stm32f4xx_hal_rtc.o
HAL_RTC_AlarmIRQHandler                           build/stm32f4xx_hal_rtc.o
HAL_RTC_DST_Add1Hour                              build/stm32f4xx_hal_rtc.o
HAL_RTC_DST_ClearStoreOperation                   build/stm32f4xx_hal_rtc.o
HAL_RTC_DST_ReadStoreOperation                    build/stm32f4xx_hal_rtc.o
HAL_RTC_DST_SetStoreOperation                     build/stm32f4xx_hal_rtc.o
HAL_RTC_DST_Sub1Hour                              build/stm32f4xx_hal_rtc.o
HAL_RTC_DeInit                                    build/stm32f4xx_hal_rtc.o
HAL_RTC_DeactivateAlarm                           build/stm32f4xx_hal_rtc.o
HAL_RTC_GetAlarm                                  build/stm32f4xx_hal_rtc.o
HAL_RTC_GetDate                                   build/stm32f4xx_hal_rtc.o
HAL_RTC_GetState                                  build/stm32f4xx_hal_rtc.o
HAL_RTC_GetTime                                   build/stm32f4xx_hal_rtc.o
HAL_RTC_Init                                      build/stm32f4xx_hal_rtc.o
                                                  build/main.o
HAL_RTC_MspDeInit                                 build/stm32f4xx_hal_msp.o
HAL_RTC_MspInit                                   build/stm32f4xx_hal_msp.o
HAL_RTC_PollForAlarmAEvent                        build/stm32f4xx_hal_rtc.o
HAL_RTC_SetAlarm                                  build/stm32f4xx_hal_rtc.o
HAL_RTC_SetAlarm_IT                               build/stm32f4xx_hal_rtc.o
HAL_RTC_SetDate                                   build/stm32f4xx_hal_rtc.o
                                                  build/main.o
HAL_RTC_SetTime                                   build/stm32f4xx_hal_rtc.o
                                                  build/main.o
HAL_RTC_WaitForSynchro                            build/stm32f4xx_hal_rtc.o
                                                  build/stm32f4xx_hal_rtc_ex.o
HAL_ResumeTick                                    build/stm32f4xx_hal.o
HAL_SPI_Abort                                     build/stm32f4xx_hal_spi.o
HAL_SPI_AbortCpltCallback                         build/stm32f4xx_hal_spi.o
HAL_SPI_Abort_IT                                  build/stm32f4xx_hal_spi.o
HAL_SPI_DMAPause                                  build/stm32f4xx_hal_spi.o
HAL_SPI_DMAResume                                 build/stm32f4xx_hal_spi.o
HAL_SPI_DMAStop                                   build/stm32f4xx_hal_spi.o
HAL_SPI_DeInit                                    build/stm32f4xx_hal_spi.o
HAL_SPI_ErrorCallback                             build/stm32f4xx_hal_spi.o
HAL_SPI_GetError                                  build/stm32f4xx_hal_spi.o
HAL_SPI_GetState                                  build/stm32f4xx_hal_spi.o
HAL_SPI_IRQHandler                                build/stm32f4xx_hal_spi.o
HAL_SPI_Init                                      build/stm32f4xx_hal_spi.o
                                                  build/main.o
HAL_SPI_MspDeInit                                 build/stm32f4xx_hal_msp.o
HAL_SPI_MspInit                                   build/stm32f4xx_hal_msp.o
HAL_SPI_Receive                                   build/stm32f4xx_hal_spi.o
                                                  build/bmp280.o
HAL_SPI_Receive_DMA                               build/stm32f4xx_hal_spi.o
HAL_SPI_Receive_IT                                build/stm32f4xx_hal_spi.o
HAL_SPI_RxCpltCallback                            build/bmp280.o
                                                  build/stm32f4xx_hal_spi.o
HAL_SPI_RxHalfCpltCallback                        build/stm32f4xx_hal_spi.o
HAL_SPI_Transmit                                  build/stm32f4xx_hal_spi.o
                                                  build/bmp280.o
HAL_SPI_TransmitReceive                           build/stm32f4xx_hal_spi.o
HAL_SPI_TransmitReceive_DMA                       build/stm32f4xx_hal_spi.o
                                                  build/bmp280.o
HAL_SPI_TransmitReceive_IT                        build/stm32f4xx_hal_spi.o
HAL_SPI_Transmit_DMA                              build/stm32f4xx_hal_spi.o
                                                  build/bmp280.o
HAL_SPI_Transmit_IT                               build/stm32f4xx_hal_spi.o
HAL_SPI_TxCpltCallback                            build/bmp280.o
                                                  build/stm32f4xx_hal_spi.o
HAL_SPI_TxHalfCpltCallback                        build/stm32f4xx_hal_spi.o
HAL_SPI_TxRxCpltCallback                          build/bmp280.o
                                                  build/stm32f4xx_hal_spi.o
HAL_SPI_TxRxHalfCpltCallback                      build/stm32f4xx_hal_spi.o
HAL_SYSTICK_CLKSourceConfig                       build/stm32f4xx_hal_cortex.o
HAL_SYSTICK_Callback                              build/stm32f4xx_hal_cortex.o
HAL_SYSTICK_Config                                build/stm32f4xx_hal_cortex.o
                                                  build/stm32f4xx_hal.o
HAL_SYSTICK_IRQHandler                            build/stm32f4xx_hal_cortex.o
HAL_SetTickFreq                                   build/stm32f4xx_hal.o
HAL_SuspendTick                                   build/stm32f4xx_hal.o
HAL_UARTEx_ReceiveToIdle                          build/stm32f4xx_hal_uart.o
HAL_UARTEx_ReceiveToIdle_DMA                      build/stm32f4xx_hal_uart.o