Archive member included to satisfy reference by file (symbol)

/Applications/ArmGNUToolchain/12.2.mpacbti-rel1/arm-none-eabi/bin/../lib/gcc/arm-none-eabi/12.2.1/../../../../arm-none-eabi/lib/thumb/v7e-m+fp/hard/libc_nano.a(libc_a-assert.o)
                              build/lis2hd12.o (__assert_func)
/Applications/ArmGNUToolchain/12.2.mpacbti-rel1/arm-none-eabi/bin/../lib/gcc/arm-none-eabi/12.2.1/../../../../arm-none-eabi/lib/thumb/v7e-m+fp/hard/libc_nano.a(libc_a-exit.o)
                              /Applications/ArmGNUToolchain/12.2.mpacbti-rel1/arm-none-eabi/bin/../lib/gcc/arm-none-eabi/12.2.1/../../../../arm-none-eabi/lib/thumb/v7e-m+fp/hard/crt0.o (exit)
/Applications/ArmGNUToolchain/12.2.mpacbti-rel1/arm-none-eabi/bin/../lib/gcc/arm-none-eabi/12.2.1/../../../../arm-none-eabi/lib/thumb/v7e-m+fp/hard/libc_nano.a(libc_a-sprintf.o)
                              build/main.o (sprintf)
/Applications/ArmGNUToolchain/12.2.mpacbti-rel1/arm-none-eabi/bin/../lib/gcc/arm-none-eabi/12.2.1/../../../../arm-none-eabi/lib/thumb/v7e-m+fp/hard/libc_nano.a(libc_a-findfp.o)
                              /Applications/ArmGNUToolchain/12.2.mpacbti-rel1/arm-none-eabi/bin/../lib/gcc/arm-none-eabi/12.2.1/../../../../arm-none-eabi/lib/thumb/v7e-m+fp/hard/libc_nano.a(libc_a-exit.o) (__stdio_exit_handler)
/Applications/ArmGNUToolchain/12.2.mpacbti-rel1/arm-none-eabi/bin/../lib/gcc/arm-none-eabi/12.2.1/../../../../arm-none-eabi/lib/thumb/v7e-m+fp/hard/libc_nano.a(libc_a-fprintf.o)
                              /Applications/ArmGNUToolchain/12.2.mpacbti-rel1/arm-none-eabi/bin/../lib/gcc/arm-none-eabi/12.2.1/../../../../arm-none-eabi/lib/thumb/v7e-m+fp/hard/libc_nano.a(libc_a-assert.o) (fiprintf)
/Applications/ArmGNUToolchain/12.2.mpacbti-rel1/arm-none-eabi/bin/../lib/gcc/arm-none-eabi/12.2.1/../../../../arm-none-eabi/lib/thumb/v7e-m+fp/hard/libc_nano.a(libc_a-fwalk.o)
                              /Applications/ArmGNUToolchain/12.2.mpacbti-rel1/arm-none-eabi/bin/../lib/gcc/arm-none-eabi/12.2.1/../../../../arm-none-eabi/lib/thumb/v7e-m+fp/hard/libc_nano.a(libc_a-findfp.o) (_fwalk_sglue)
/Applications/ArmGNUToolchain/12.2.mpacbti-rel1/arm-none-eabi/bin/../lib/gcc/arm-none-eabi/12.2.1/../../../../arm-none-eabi/lib/thumb/v7e-m+fp/hard/libc_nano.a(libc_a-vsnprintf.o)
                              build/uart_printf.o (vsnprintf)
/Applications/ArmGNUToolchain/12.2.mpacbti-rel1/arm-none-eabi/bin/../lib/gcc/arm-none-eabi/12.2.1/../../../../arm-none-eabi/lib/thumb/v7e-m+fp/hard/libc_nano.a(libc_a-memset.o)
                              /Applications/ArmGNUToolchain/12.2.mpacbti-rel1/arm-none-eabi/bin/../lib/gcc/arm-none-eabi/12.2.1/../../../../arm-none-eabi/lib/thumb/v7e-m+fp/hard/crt0.o (memset)
/Applications/ArmGNUToolchain/12.2.mpacbti-rel1/arm-none-eabi/bin/../lib/gcc/arm-none-eabi/12.2.1/../../../../arm-none-eabi/lib/thumb/v7e-m+fp/hard/libc_nano.a(libc_a-impure.o)
                              /Applications/ArmGNUToolchain/12.2.mpacbti-rel1/arm-none-eabi/bin/../lib/gcc/arm-none-eabi/12.2.1/../../../../arm-none-eabi/lib/thumb/v7e-m+fp/hard/libc_nano.a(libc_a-assert.o) (_impure_ptr)
/Applications/ArmGNUToolchain/12.2.mpacbti-rel1/arm-none-eabi/bin/../lib/gcc/arm-none-eabi/12.2.1/../../../../arm-none-eabi/lib/thumb/v7e-m+fp/hard/libc_nano.a(libc_a-init.o)
                              /Applications/ArmGNUToolchain/12.2.mpacbti-rel1/arm-none-eabi/bin/../lib/gcc/arm-none-eabi/12.2.1/../../../../arm-none-eabi/lib/thumb/v7e-m+fp/hard/crt0.o (__libc_init_array)
/Applications/ArmGNUToolchain/12.2.mpacbti-rel1/arm-none-eabi/bin/../lib/gcc/arm-none-eabi/12.2.1/../../../../arm-none-eabi/lib/thumb/v7e-m+fp/hard/libc_nano.a(libc_a-lock.o)
                              /Applications/ArmGNUToolchain/12.2.mpacbti-rel1/arm-none-eabi/bin/../lib/gcc/arm-none-eabi/12.2.1/../../../../arm-none-eabi/lib/thumb/v7e-m+fp/hard/libc_nano.a(libc_a-findfp.o) (__retarget_lock_init_recursive)
/Applications/ArmGNUToolchain/12.2.mpacbti-rel1/arm-none-eabi/bin/../lib/gcc/arm-none-eabi/12.2.1/../../../../arm-none-eabi/lib/thumb/v7e-m+fp/hard/libc_nano.a(libc_a-memcpy-stub.o)
                              build/eeprom.o (memcpy)
/Applications/ArmGNUToolchain/12.2.mpacbti-rel1/arm-none-eabi/bin/../lib/gcc/arm-none-eabi/12.2.1/../../../../arm-none-eabi/lib/thumb/v7e-m+fp/hard/libc_nano.a(libc_a-strlen.o)
                              build/uart_printf.o (strlen)
/Applications/ArmGNUToolchain/12.2.mpacbti-rel1/arm-none-eabi/bin/../lib/gcc/arm-none-eabi/12.2.1/../../../../arm-none-eabi/lib/thumb/v7e-m+fp/hard/libc_nano.a(libc_a-abort.o)
                              /Applications/ArmGNUToolchain/12.2.mpacbti-rel1/arm-none-eabi/bin/../lib/gcc/arm-none-eabi/12.2.1/../../../../arm-none-eabi/lib/thumb/v7e-m+fp/hard/libc_nano.a(libc_a-assert.o) (abort)
/Applications/ArmGNUToolchain/12.2.mpacbti-rel1/arm-none-eabi/bin/../lib/gcc/arm-none-eabi/12.2.1/../../../../arm-none-eabi/lib/thumb/v7e-m+fp/hard/libc_nano.a(libc_a-nano-svfprintf.o)
[...]
Memory Configuration

Name             Origin             Length             Attributes
RAM              0x20000000         0x00010000         xrw
FLASH            0x08000000         0x00040000         xr
*default*        0x00000000         0xffffffff

Linker script and memory map

LOAD /Applications/ArmGNUToolchain/12.2.mpacbti-rel1/arm-none-eabi/bin/../lib/gcc/arm-none-eabi/12.2.1/thumb/v7e-m+fp/hard/crti.o
LOAD /Applications/ArmGNUToolchain/12.2.mpacbti-rel1/arm-none-eabi/bin/../lib/gcc/arm-none-eabi/12.2.1/thumb/v7e-m+fp/hard/crtbegin.o
LOAD /Applications/ArmGNUToolchain/12.2.mpacbti-rel1/arm-none-eabi/bin/../lib/gcc/arm-none-eabi/12.2.1/../../../../arm-none-eabi/lib/thumb/v7e-m+fp/hard/crt0.o
LOAD build/main.o
LOAD build/stm32f4xx_it.o
LOAD build/stm32f4xx_hal_msp.o
LOAD build/stm32f4xx_hal_crc.o
LOAD build/stm32f4xx_hal_rcc.o
LOAD build/stm32f4xx_hal_rcc_ex.o
LOAD build/stm32f4xx_hal_flash.o
LOAD build/stm32f4xx_hal_flash_ex.o
LOAD build/stm32f4xx_hal_flash_ramfunc.o
LOAD build/stm32f4xx_hal_gpio.o
LOAD build/stm32f4xx_hal_dma_ex.o
LOAD build/stm32f4xx_hal_dma.o
LOAD build/stm32f4xx_hal_pwr.o
LOAD build/stm32f4xx_hal_pwr_ex.o
LOAD build/stm32f4xx_hal_cortex.o
LOAD build/stm32f4xx_hal.o
LOAD build/stm32f4xx_hal_exti.o
LOAD build/stm32f4xx_hal_i2c.o
LOAD build/stm32f4xx_hal_i2c_ex.o
LOAD build/stm32f4xx_hal_rtc.o
LOAD build/stm32f4xx_hal_rtc_ex.o
LOAD build/stm32f4xx_hal_spi.o
LOAD build/stm32f4xx_hal_tim.o
LOAD build/stm32f4xx_hal_tim_ex.o
LOAD build/stm32f4xx_hal_uart.o
LOAD build/system_stm32f4xx.o
LOAD build/bmp280.o
LOAD build/lis2hd12.o
LOAD build/i2c.o
LOAD build/eeprom.o
LOAD build/uart_printf.o
LOAD build/freertos.o
LOAD build/stm32f4xx_hal_timebase_tim.o
LOAD build/croutine.o
LOAD build/event_groups.o
LOAD build/list.o
LOAD build/queue.o
LOAD build/stream_buffer.o
LOAD build/tasks.o
LOAD build/timers.o
LOAD build/cmsis_os.o
LOAD build/heap_4.o
LOAD build/port.o
LOAD build/startup_stm32f401xc.o
LOAD /Applications/ArmGNUToolchain/12.2.mpacbti-rel1/arm-none-eabi/bin/../lib/gcc/arm-none-eabi/12.2.1/../../../../arm-none-eabi/lib/thumb/v7e-m+fp/hard/libc_nano.a
LOAD /Applications/ArmGNUToolchain/12.2.mpacbti-rel1/arm-none-eabi/bin/../lib/gcc/arm-none-eabi/12.2.1/../../../../arm-none-eabi/lib/thumb/v7e-m+fp/hard/libm.a
LOAD /Applications/ArmGNUToolchain/12.2.mpacbti-rel1/arm-none-eabi/bin/../lib/gcc/arm-none-eabi/12.2.1/../../../../arm-none-eabi/lib/thumb/v7e-m+fp/hard/libnosys.a
START GROUP
LOAD /Applications/ArmGNUToolchain/12.2.mpacbti-rel1/arm-none-eabi/bin/../lib/gcc/arm-none-eabi/12.2.1/thumb/v7e-m+fp/hard/libgcc.a
LOAD /Applications/ArmGNUToolchain/12.2.mpacbti-rel1/arm-none-eabi/bin/../lib/gcc/arm-none-eabi/12.2.1/../../../../arm-none-eabi/lib/thumb/v7e-m+fp/hard/libc_nano.a
END GROUP
START GROUP
LOAD /Applications/ArmGNUToolchain/12.2.mpacbti-rel1/arm-none-eabi/bin/../lib/gcc/arm-none-eabi/12.2.1/thumb/v7e-m+fp/hard/libgcc.a
LOAD /Applications/ArmGNUToolchain/12.2.mpacbti-rel1/arm-none-eabi/bin/../lib/gcc/arm-none-eabi/12.2.1/../../../../arm-none-eabi/lib/thumb/v7e-m+fp/hard/libc_nano.a
END GROUP
LOAD /Applications/ArmGNUToolchain/12.2.mpacbti-rel1/arm-none-eabi/bin/../lib/gcc/arm-none-eabi/12.2.1/thumb/v7e-m+fp/hard/crtend.o
LOAD /Applications/ArmGNUToolchain/12.2.mpacbti-rel1/arm-none-eabi/bin/../lib/gcc/arm-none-eabi/12.2.1/thumb/v7e-m+fp/hard/crtn.o
                0x20010000                        _estack = (ORIGIN (RAM) + LENGTH (RAM))
                0x00000200                        _Min_Heap_Size = 0x200
                0x00000400                        _Min_Stack_Size = 0x400

.isr_vector     0x08000000      0x194
                0x08000000                        . = ALIGN (0x4)
 *(.isr_vector)
 .isr_vector    0x08000000      0x194 build/startup_stm32f401xc.o
                0x08000000                g_pfnVectors
                0x08000194                        . = ALIGN (0x4)

.text           0x080001a0     0x6194
                0x080001a0                        . = ALIGN (0x4)
 *(.text)
 .text          0x080001a0       0x10 /Applications/ArmGNUToolchain/12.2.mpacbti-rel1/arm-none-eabi/bin/../lib/gcc/arm-none-eabi/12.2.1/../../../../arm-none-eabi/lib/thumb/v7e-m+fp/hard/libc_nano.a(libc_a-strlen.o)
                0x080001a0                strlen
 .text          0x080001b0       0xa0 /Applications/ArmGNUToolchain/12.2.mpacbti-rel1/arm-none-eabi/bin/../lib/gcc/arm-none-eabi/12.2.1/../../../../arm-none-eabi/lib/thumb/v7e-m+fp/hard/libc_nano.a(libc_a-memchr.o)
                0x080001b0                memchr
 .text          0x08000250       0xa0 /Applications/ArmGNUToolchain/12.2.mpacbti-rel1/arm-none-eabi/bin/../lib/gcc/arm-none-eabi/12.2.1/thumb/v7e-m+fp/hard/libgcc.a(_aeabi_ldivmod.o)
                0x08000250                __aeabi_ldivmod
 .text          0x080002f0       0x30 /Applications/ArmGNUToolchain/12.2.mpacbti-rel1/arm-none-eabi/bin/../lib/gcc/arm-none-eabi/12.2.1/thumb/v7e-m+fp/hard/libgcc.a(_aeabi_uldivmod.o)
                0x080002f0                __aeabi_uldivmod
 .text          0x08000320        0x4 /Applications/ArmGNUToolchain/12.2.mpacbti-rel1/arm-none-eabi/bin/../lib/gcc/arm-none-eabi/12.2.1/thumb/v7e-m+fp/hard/libgcc.a(_dvmd_tls.o)
                0x08000320                __aeabi_ldiv0
                0x08000320                __aeabi_idiv0
 *(.text*)
 .text.deregister_tm_clones
                0x08000324       0x1c /Applications/ArmGNUToolchain/12.2.mpacbti-rel1/arm-none-eabi/bin/../lib/gcc/arm-none-eabi/12.2.1/thumb/v7e-m+fp/hard/crtbegin.o
 .text.register_tm_clones
                0x08000340       0x24 /Applications/ArmGNUToolchain/12.2.mpacbti-rel1/arm-none-eabi/bin/../lib/gcc/arm-none-eabi/12.2.1/thumb/v7e-m+fp/hard/crtbegin.o
 .text.__do_global_dtors_aux
                0x08000364       0x28 /Applications/ArmGNUToolchain/12.2.mpacbti-rel1/arm-none-eabi/bin/../lib/gcc/arm-none-eabi/12.2.1/thumb/v7e-m+fp/hard/crtbegin.o
 .text.frame_dummy
                0x0800038c       0x24 /Applications/ArmGNUToolchain/12.2.mpacbti-rel1/arm-none-eabi/bin/../lib/gcc/arm-none-eabi/12.2.1/thumb/v7e-m+fp/hard/crtbegin.o
 .text.MX_GPIO_Init
                0x080003b0      0x13c build/main.o
 .text.StartDefaultTask
                0x080004ec       0xc0 build/main.o
                0x080004ec                StartDefaultTask
 .text.bmp280_write
                0x080005ac       0x54 build/main.o
 .text.bmp280_read
                0x08000600       0x54 build/main.o
 .text.i2c_scan
                0x08000654       0xe0 build/main.o
                0x08000654                i2c_scan
 .text.print_lis2hd12_who_am_i
                0x08000734       0x30 build/main.o
                0x08000734                print_lis2hd12_who_am_i
 .text.HAL_TIM_PeriodElapsedCallback
                0x08000764       0x18 build/main.o
                0x08000764                HAL_TIM_PeriodElapsedCallback
 .text.Error_Handler
                0x0800077c        0x4 build/main.o
                0x0800077c                Error_Handler
 .text.MX_DMA_Init
                0x08000780       0xe8 build/main.o
 .text.MX_USART2_UART_Init
                0x08000868       0x34 build/main.o
 .text.MX_SPI1_Init
                0x0800089c       0x40 build/main.o
 .text.MX_USART1_UART_Init
                0x080008dc       0x34 build/main.o
 .text.MX_I2C3_Init
                0x08000910       0x38 build/main.o
 .text.MX_CRC_Init
                0x08000948       0x1c build/main.o
 .text.MX_RTC_Init
                0x08000964       0x84 build/main.o
 .text.SystemClock_Config
                0x080009e8       0xac build/main.o
                0x080009e8                SystemClock_Config
 .text.main     0x08000a94       0x78 build/main.o
                0x08000a94                main
 .text.NMI_Handler
                0x08000b0c        0x2 build/stm32f4xx_it.o
                0x08000b0c                NMI_Handler
 .text.HardFault_Handler
                0x08000b0e        0x2 build/stm32f4xx_it.o
                0x08000b0e                HardFault_Handler
 .text.MemManage_Handler
                0x08000b10        0x2 build/stm32f4xx_it.o
                0x08000b10                MemManage_Handler
 .text.BusFault_Handler
                0x08000b12        0x2 build/stm32f4xx_it.o
                0x08000b12                BusFault_Handler
 .text.UsageFault_Handler
                0x08000b14        0x2 build/stm32f4xx_it.o
                0x08000b14                UsageFault_Handler
 .text.DebugMon_Handler
                0x08000b16        0x2 build/stm32f4xx_it.o
                0x08000b16                DebugMon_Handler
 .text.DMA1_Stream1_IRQHandler
                0x08000b18       0x10 build/stm32f4xx_it.o
                0x08000b18                DMA1_Stream1_IRQHandler
 .text.DMA1_Stream4_IRQHandler
                0x08000b28       0x10 build/stm32f4xx_it.o
                0x08000b28                DMA1_Stream4_IRQHandler
 .text.DMA1_Stream5_IRQHandler
                0x08000b38       0x10 build/stm32f4xx_it.o
                0x08000b38                DMA1_Stream5_IRQHandler
 .text.DMA1_Stream6_IRQHandler
                0x08000b48       0x10 build/stm32f4xx_it.o
                0x08000b48                DMA1_Stream6_IRQHandler
 .text.TIM4_IRQHandler
                0x08000b58       0x10 build/stm32f4xx_it.o
                0x08000b58                TIM4_IRQHandler
 .text.USART1_IRQHandler
                0x08000b68       0x10 build/stm32f4xx_it.o
                0x08000b68                USART1_IRQHandler
 .text.DMA2_Stream0_IRQHandler
                0x08000b78       0x10 build/stm32f4xx_it.o
                0x08000b78                DMA2_Stream0_IRQHandler
 .text.DMA2_Stream3_IRQHandler
                0x08000b88       0x10 build/stm32f4xx_it.o
                0x08000b88                DMA2_Stream3_IRQHandler
 .text.DMA2_Stream7_IRQHandler
                0x08000b98       0x10 build/stm32f4xx_it.o
                0x08000b98                DMA2_Stream7_IRQHandler
 .text.HAL_MspInit
                0x08000ba8       0x44 build/stm32f4xx_hal_msp.o
                0x08000ba8                HAL_MspInit
 .text.HAL_CRC_MspInit
                0x08000bec       0x30 build/stm32f4xx_hal_msp.o
                0x08000bec                HAL_CRC_MspInit
 .text.HAL_I2C_MspInit
                0x08000c1c      0x134 build/stm32f4xx_hal_msp.o
                0x08000c1c                HAL_I2C_MspInit
 .text.HAL_RTC_MspInit
                0x08000d50       0x48 build/stm32f4xx_hal_msp.o
                0x08000d50                HAL_RTC_MspInit
 .text.HAL_SPI_MspInit
                0x08000d98       0xe8 build/stm32f4xx_hal_msp.o
                0x08000d98                HAL_SPI_MspInit
 .text.HAL_UART_MspInit
                0x08000e80      0x188 build/stm32f4xx_hal_msp.o
                0x08000e80                HAL_UART_MspInit
 .text.HAL_CRC_Init
                0x08001008       0x1e build/stm32f4xx_hal_crc.o
                0x08001008                HAL_CRC_Init
 *fill*         0x08001026        0x2 
 .text.HAL_RCC_OscConfig
                0x08001028      0x3f8 build/stm32f4xx_hal_rcc.o
                0x08001028                HAL_RCC_OscConfig
 .text.HAL_RCC_GetSysClockFreq
                0x08001420       0xd0 build/stm32f4xx_hal_rcc.o
                0x08001420                HAL_RCC_GetSysClockFreq
 .text.HAL_RCC_ClockConfig
                0x080014f0      0x160 build/stm32f4xx_hal_rcc.o
                0x080014f0                HAL_RCC_ClockConfig
 .text.HAL_RCC_GetHCLKFreq
                0x08001650        0xc build/stm32f4xx_hal_rcc.o
                0x08001650                HAL_RCC_GetHCLKFreq
 .text.HAL_RCC_GetPCLK1Freq
                0x0800165c       0x20 build/stm32f4xx_hal_rcc.o
                0x0800165c                HAL_RCC_GetPCLK1Freq
 .text.HAL_RCC_GetPCLK2Freq
                0x0800167c       0x20 build/stm32f4xx_hal_rcc.o
                0x0800167c                HAL_RCC_GetPCLK2Freq
 .text.HAL_RCC_GetClockConfig
                0x0800169c       0x3c build/stm32f4xx_hal_rcc.o
                0x0800169c                HAL_RCC_GetClockConfig
 .text.HAL_RCCEx_PeriphCLKConfig
                0x080016d8      0x16c build/stm32f4xx_hal_rcc_ex.o
                0x080016d8                HAL_RCCEx_PeriphCLKConfig
 .text.HAL_GPIO_Init
                0x08001844      0x1c8 build/stm32f4xx_hal_gpio.o
                0x08001844                HAL_GPIO_Init
 .text.HAL_GPIO_WritePin
                0x08001a0c        0xc build/stm32f4xx_hal_gpio.o
                0x08001a0c                HAL_GPIO_WritePin
 .text.HAL_GPIO_TogglePin
                0x08001a18       0x12 build/stm32f4xx_hal_gpio.o
                0x08001a18                HAL_GPIO_TogglePin
 *fill*         0x08001a2a        0x2 
 .text.DMA_CalcBaseAndBitshift
                0x08001a2c       0x44 build/stm32f4xx_hal_dma.o
 .text.DMA_CheckFifoParam
                0x08001a70       0x8e build/stm32f4xx_hal_dma.o
 *fill*         0x08001afe        0x2 
 .text.HAL_DMA_Init
                0x08001b00       0xcc build/stm32f4xx_hal_dma.o
                0x08001b00                HAL_DMA_Init
 .text.HAL_DMA_Abort
                0x08001bcc       0x94 build/stm32f4xx_hal_dma.o
                0x08001bcc                HAL_DMA_Abort
 .text.HAL_DMA_Abort_IT
                0x08001c60       0x26 build/stm32f4xx_hal_dma.o
                0x08001c60                HAL_DMA_Abort_IT
 *fill*         0x08001c86        0x2 
 .text.HAL_DMA_IRQHandler
                0x08001c88      0x1dc build/stm32f4xx_hal_dma.o
                0x08001c88                HAL_DMA_IRQHandler
 .text.__NVIC_SetPriority
                0x08001e64       0x28 build/stm32f4xx_hal_cortex.o
 .text.NVIC_EncodePriority
                0x08001e8c       0x3e build/stm32f4xx_hal_cortex.o
 *fill*         0x08001eca        0x2 
 .text.HAL_NVIC_SetPriorityGrouping
                0x08001ecc       0x24 build/stm32f4xx_hal_cortex.o
                0x08001ecc                HAL_NVIC_SetPriorityGrouping
 .text.HAL_NVIC_SetPriority
                0x08001ef0       0x20 build/stm32f4xx_hal_cortex.o
                0x08001ef0                HAL_NVIC_SetPriority
 .text.HAL_NVIC_EnableIRQ
                0x08001f10       0x1c build/stm32f4xx_hal_cortex.o
                0x08001f10                HAL_NVIC_EnableIRQ
 .text.HAL_Init
                0x08001f2c       0x34 build/stm32f4xx_hal.o
                0x08001f2c                HAL_Init
 .text.HAL_IncTick
                0x08001f60       0x18 build/stm32f4xx_hal.o
                0x08001f60                HAL_IncTick
 .text.HAL_GetTick
                0x08001f78        0xc build/stm32f4xx_hal.o
                0x08001f78                HAL_GetTick
 .text.HAL_Delay
                0x08001f84       0x28 build/stm32f4xx_hal.o
                0x08001f84                HAL_Delay
 .text.I2C_IsAcknowledgeFailed
                0x08001fac       0x32 build/stm32f4xx_hal_i2c.o
 .text.I2C_WaitOnFlagUntilTimeout
                0x08001fde       0x7c build/stm32f4xx_hal_i2c.o
 .text.I2C_WaitOnMasterAddressFlagUntilTimeout
                0x0800205a       0xaa build/stm32f4xx_hal_i2c.o
 .text.I2C_WaitOnTXEFlagUntilTimeout
                0x08002104       0x54 build/stm32f4xx_hal_i2c.o
 .text.I2C_RequestMemoryRead
                0x08002158      0x154 build/stm32f4xx_hal_i2c.o
 .text.I2C_WaitOnRXNEFlagUntilTimeout
                0x080022ac       0x6a build/stm32f4xx_hal_i2c.o
 *fill*         0x08002316        0x2 
 .text.HAL_I2C_Init
                0x08002318      0x1bc build/stm32f4xx_hal_i2c.o
                0x08002318                HAL_I2C_Init
 .text.HAL_I2C_Mem_Read
                0x080024d4      0x2e4 build/stm32f4xx_hal_i2c.o
                0x080024d4                HAL_I2C_Mem_Read
 .text.HAL_I2C_IsDeviceReady
                0x080027b8      0x194 build/stm32f4xx_hal_i2c.o
                0x080027b8                HAL_I2C_IsDeviceReady
 .text.HAL_RTC_WaitForSynchro
                0x0800294c       0x32 build/stm32f4xx_hal_rtc.o
                0x0800294c                HAL_RTC_WaitForSynchro
 .text.RTC_EnterInitMode
                0x0800297e       0x46 build/stm32f4xx_hal_rtc.o
                0x0800297e                RTC_EnterInitMode
 .text.RTC_ExitInitMode
                0x080029c4       0x2a build/stm32f4xx_hal_rtc.o
                0x080029c4                RTC_ExitInitMode
 .text.HAL_RTC_Init
                0x080029ee       0x8e build/stm32f4xx_hal_rtc.o
                0x080029ee                HAL_RTC_Init
 .text.RTC_ByteToBcd2
                0x08002a7c       0x18 build/stm32f4xx_hal_rtc.o
                0x08002a7c                RTC_ByteToBcd2
 .text.HAL_RTC_SetTime
                0x08002a94       0xc0 build/stm32f4xx_hal_rtc.o
                0x08002a94                HAL_RTC_SetTime
 .text.HAL_RTC_SetDate
                0x08002b54       0x9c build/stm32f4xx_hal_rtc.o
                0x08002b54                HAL_RTC_SetDate
 .text.SPI_WaitFlagStateUntilTimeout
                0x08002bf0       0xc8 build/stm32f4xx_hal_spi.o
 .text.SPI_EndRxTxTransaction
                0x08002cb8       0x68 build/stm32f4xx_hal_spi.o
 .text.SPI_EndRxTransaction
                0x08002d20       0x8c build/stm32f4xx_hal_spi.o
 .text.HAL_SPI_Init
                0x08002dac       0xbe build/stm32f4xx_hal_spi.o
                0x08002dac                HAL_SPI_Init
 .text.HAL_SPI_Transmit
                0x08002e6a      0x1b8 build/stm32f4xx_hal_spi.o
                0x08002e6a                HAL_SPI_Transmit
 .text.HAL_SPI_TransmitReceive
                0x08003022      0x238 build/stm32f4xx_hal_spi.o
                0x08003022                HAL_SPI_TransmitReceive
 .text.HAL_SPI_Receive
                0x0800325a      0x180 build/stm32f4xx_hal_spi.o
                0x0800325a                HAL_SPI_Receive
 .text.HAL_TIM_Base_MspInit
                0x080033da        0x2 build/stm32f4xx_hal_tim.o
                0x080033da                HAL_TIM_Base_MspInit
 .text.HAL_TIM_Base_Start_IT
                0x080033dc       0x78 build/stm32f4xx_hal_tim.o
                0x080033dc                HAL_TIM_Base_Start_IT
 .text.HAL_TIM_OC_DelayElapsedCallback
                0x08003454        0x2 build/stm32f4xx_hal_tim.o
                0x08003454                HAL_TIM_OC_DelayElapsedCallback
 .text.HAL_TIM_IC_CaptureCallback
                0x08003456        0x2 build/stm32f4xx_hal_tim.o
                0x08003456                HAL_TIM_IC_CaptureCallback
 .text.HAL_TIM_PWM_PulseFinishedCallback
                0x08003458        0x2 build/stm32f4xx_hal_tim.o
                0x08003458                HAL_TIM_PWM_PulseFinishedCallback
 .text.HAL_TIM_TriggerCallback
                0x0800345a        0x2 build/stm32f4xx_hal_tim.o
                0x0800345a                HAL_TIM_TriggerCallback
 .text.HAL_TIM_IRQHandler
                0x0800345c      0x17a build/stm32f4xx_hal_tim.o
                0x0800345c                HAL_TIM_IRQHandler
 *fill*         0x080035d6        0x2 
 .text.TIM_Base_SetConfig
                0x080035d8       0x9c build/stm32f4xx_hal_tim.o
                0x080035d8                TIM_Base_SetConfig
 .text.HAL_TIM_Base_Init
                0x08003674       0x58 build/stm32f4xx_hal_tim.o
                0x08003674                HAL_TIM_Base_Init
 .text.HAL_TIMEx_CommutCallback
                0x080036cc        0x2 build/stm32f4xx_hal_tim_ex.o
                0x080036cc                HAL_TIMEx_CommutCallback
 .text.HAL_TIMEx_BreakCallback
                0x080036ce        0x2 build/stm32f4xx_hal_tim_ex.o
                0x080036ce                HAL_TIMEx_BreakCallback
 .text.UART_EndRxTransfer
                0x080036d0       0x5c build/stm32f4xx_hal_uart.o
 .text.UART_Transmit_IT
                0x0800372c       0x60 build/stm32f4xx_hal_uart.o
 .text.UART_SetConfig
                0x0800378c      0x110 build/stm32f4xx_hal_uart.o
 .text.UART_WaitOnFlagUntilTimeout
                0x0800389c       0x84 build/stm32f4xx_hal_uart.o
 .text.HAL_UART_Init
                0x08003920       0x5e build/stm32f4xx_hal_uart.o
                0x08003920                HAL_UART_Init
 .text.HAL_UART_Transmit
                0x0800397e       0xd8 build/stm32f4xx_hal_uart.o
                0x0800397e                HAL_UART_Transmit
 .text.HAL_UART_TxCpltCallback
                0x08003a56        0x2 build/stm32f4xx_hal_uart.o
                0x08003a56                HAL_UART_TxCpltCallback
 .text.UART_EndTransmit_IT
                0x08003a58       0x1a build/stm32f4xx_hal_uart.o
 .text.HAL_UART_RxCpltCallback
                0x08003a72        0x2 build/stm32f4xx_hal_uart.o
                0x08003a72                HAL_UART_RxCpltCallback
 .text.HAL_UART_ErrorCallback
                0x08003a74        0x2 build/stm32f4xx_hal_uart.o
                0x08003a74                HAL_UART_ErrorCallback
 .text.UART_DMAAbortOnError
                0x08003a76       0x10 build/stm32f4xx_hal_uart.o
 .text.HAL_UARTEx_RxEventCallback
                0x08003a86        0x2 build/stm32f4xx_hal_uart.o
                0x08003a86                HAL_UARTEx_RxEventCallback
 .text.UART_Receive_IT
                0x08003a88       0xe2 build/stm32f4xx_hal_uart.o
 *fill*         0x08003b6a        0x2 
 .text.HAL_UART_IRQHandler
                0x08003b6c      0x27c build/stm32f4xx_hal_uart.o
                0x08003b6c                HAL_UART_IRQHandler
 .text.SystemInit
                0x08003de8       0x14 build/system_stm32f4xx.o
                0x08003de8                SystemInit
 .text.null_ptr_check
                0x08003dfc       0x2a build/bmp280.o
 .text.interleave_data
                0x08003e26       0x32 build/bmp280.o
 .text.st_check_boundaries
                0x08003e58       0x30 build/bmp280.o
 .text.bmp280_get_regs
                0x08003e88       0x44 build/bmp280.o
                0x08003e88                bmp280_get_regs
 .text.get_calib_param
                0x08003ecc       0xd8 build/bmp280.o
 .text.bmp280_set_regs
                0x08003fa4       0x92 build/bmp280.o
                0x08003fa4                bmp280_set_regs
 .text.bmp280_soft_reset
                0x08004036       0x3a build/bmp280.o
                0x08004036                bmp280_soft_reset
 .text.conf_sensor
                0x08004070       0xf2 build/bmp280.o
 .text.bmp280_init
                0x08004162       0x76 build/bmp280.o
                0x08004162                bmp280_init
 .text.bmp280_get_config
                0x080041d8       0x66 build/bmp280.o
                0x080041d8                bmp280_get_config
 .text.bmp280_set_config
                0x0800423e        0xe build/bmp280.o
                0x0800423e                bmp280_set_config
 .text.bmp280_set_power_mode
                0x0800424c       0x1e build/bmp280.o
                0x0800424c                bmp280_set_power_mode
 .text.bmp280_get_uncomp_data
                0x0800426a       0x72 build/bmp280.o
                0x0800426a                bmp280_get_uncomp_data
 .text.bmp280_get_comp_temp_32bit
                0x080042dc       0x90 build/bmp280.o
                0x080042dc                bmp280_get_comp_temp_32bit
 .text.bmp280_get_comp_pres_32bit
                0x0800436c      0x15e build/bmp280.o
                0x0800436c                bmp280_get_comp_pres_32bit
 *fill*         0x080044ca        0x2 
 .text.bmp280_get_comp_pres_64bit
                0x080044cc      0x22c build/bmp280.o
                0x080044cc                bmp280_get_comp_pres_64bit
 .text.lis2hd12_who_am_i
                0x080046f8       0x18 build/lis2hd12.o
                0x080046f8                lis2hd12_who_am_i
 .text.i2c_mem_read
                0x08004710       0x34 build/i2c.o
                0x08004710                i2c_mem_read
 .text.uart_printf
                0x08004744       0x40 build/uart_printf.o
                0x08004744                uart_printf
 .text.vApplicationGetIdleTaskMemory
                0x08004784       0x18 build/freertos.o
                0x08004784                vApplicationGetIdleTaskMemory
 .text.HAL_InitTick
                0x0800479c       0xa4 build/stm32f4xx_hal_timebase_tim.o
                0x0800479c                HAL_InitTick
 .text.vListInitialise
                0x08004840       0x16 build/list.o
                0x08004840                vListInitialise
 .text.vListInitialiseItem
                0x08004856        0x6 build/list.o
                0x08004856                vListInitialiseItem
 .text.vListInsertEnd
                0x0800485c       0x16 build/list.o
                0x0800485c                vListInsertEnd
 .text.vListInsert
                0x08004872       0x32 build/list.o
                0x08004872                vListInsert
 .text.uxListRemove
                0x080048a4       0x26 build/list.o
                0x080048a4                uxListRemove
 *fill*         0x080048ca        0x2 
 .text.prvResetNextTaskUnblockTime
                0x080048cc       0x2c build/tasks.o
 .text.prvInitialiseNewTask
                0x080048f8       0x9c build/tasks.o
 .text.prvInitialiseTaskLists
                0x08004994       0x68 build/tasks.o
 .text.prvAddNewTaskToReadyList
                0x080049fc       0xa8 build/tasks.o
 .text.prvDeleteTCB
                0x08004aa4       0x38 build/tasks.o
 .text.prvCheckTasksWaitingTermination
                0x08004adc       0x4c build/tasks.o
 .text.prvIdleTask
                0x08004b28       0x28 build/tasks.o
 .text.prvAddCurrentTaskToDelayedList
                0x08004b50       0x98 build/tasks.o
 .text.xTaskCreateStatic
                0x08004be8       0x76 build/tasks.o
                0x08004be8                xTaskCreateStatic
 .text.xTaskCreate
                0x08004c5e       0x64 build/tasks.o
                0x08004c5e                xTaskCreate
 *fill*         0x08004cc2        0x2 
 .text.vTaskStartScheduler
                0x08004cc4       0x74 build/tasks.o
                0x08004cc4                vTaskStartScheduler
 .text.vTaskSuspendAll
                0x08004d38       0x10 build/tasks.o
                0x08004d38                vTaskSuspendAll
 .text.xTaskIncrementTick
                0x08004d48      0x118 build/tasks.o
                0x08004d48                xTaskIncrementTick
 .text.xTaskResumeAll
                0x08004e60       0xf8 build/tasks.o
                0x08004e60                xTaskResumeAll
 .text.vTaskDelay
                0x08004f58       0x4c build/tasks.o
                0x08004f58                vTaskDelay
 .text.vTaskSwitchContext
                0x08004fa4       0x98 build/tasks.o
                0x08004fa4                vTaskSwitchContext
 .text.makeFreeRtosPriority
                0x0800503c        0xc build/cmsis_os.o
 .text.osKernelStart
                0x08005048        0xa build/cmsis_os.o
                0x08005048                osKernelStart
 .text.osThreadCreate
                0x08005052       0x66 build/cmsis_os.o
                0x08005052                osThreadCreate
 .text.osDelay  0x080050b8        0xe build/cmsis_os.o
                0x080050b8                osDelay
 *fill*         0x080050c6        0x2 
 .text.prvHeapInit
                0x080050c8       0x64 build/heap_4.o
 .text.prvInsertBlockIntoFreeList
                0x0800512c       0x64 build/heap_4.o
 .text.pvPortMalloc
                0x08005190      0x104 build/heap_4.o
                0x08005190                pvPortMalloc
 .text.vPortFree
                0x08005294       0x7c build/heap_4.o
                0x08005294                vPortFree
 .text.prvTaskExitError
                0x08005310       0x40 build/port.o
 .text.prvPortStartFirstTask
                0x08005350       0x28 build/port.o
 .text.vPortEnableVFP
                0x08005378       0x14 build/port.o
 .text.pxPortInitialiseStack
                0x0800538c       0x2c build/port.o
                0x0800538c                pxPortInitialiseStack
 *fill*         0x080053b8        0x8 
 .text.SVC_Handler
                0x080053c0       0x24 build/port.o
                0x080053c0                SVC_Handler
 .text.vPortEnterCritical
                0x080053e4       0x44 build/port.o
                0x080053e4                vPortEnterCritical
 .text.vPortExitCritical
                0x08005428       0x2c build/port.o
                0x08005428                vPortExitCritical
 *fill*         0x08005454        0xc 
 .text.PendSV_Handler
                0x08005460       0x64 build/port.o
                0x08005460                PendSV_Handler
 .text.SysTick_Handler
                0x080054c4       0x2c build/port.o
                0x080054c4                SysTick_Handler
 .text.vPortSetupTimerInterrupt
                0x080054f0       0x28 build/port.o
                0x080054f0                vPortSetupTimerInterrupt
 .text.xPortStartScheduler
                0x08005518      0x118 build/port.o
                0x08005518                xPortStartScheduler
 .text.Reset_Handler
                0x08005630       0x50 build/startup_stm32f401xc.o
                0x08005630                Reset_Handler
 .text.Default_Handler
                0x08005680        0x2 build/startup_stm32f401xc.o
                0x08005680                DMA1_Stream3_IRQHandler
                0x08005680                EXTI2_IRQHandler
                0x08005680                SPI4_IRQHandler
                0x08005680                TIM1_CC_IRQHandler
                0x08005680                DMA2_Stream5_IRQHandler
                0x08005680                PVD_IRQHandler
                0x08005680                SDIO_IRQHandler
                0x08005680                TAMP_STAMP_IRQHandler
                0x08005680                EXTI3_IRQHandler
                0x08005680                TIM1_UP_TIM10_IRQHandler
                0x08005680                I2C3_ER_IRQHandler
                0x08005680                EXTI0_IRQHandler
                0x08005680                I2C2_EV_IRQHandler
                0x08005680                DMA1_Stream2_IRQHandler
                0x08005680                FPU_IRQHandler
                0x08005680                DMA2_Stream2_IRQHandler
                0x08005680                SPI1_IRQHandler
                0x08005680                TIM1_BRK_TIM9_IRQHandler
                0x08005680                USART6_IRQHandler
                0x08005680                I2C1_EV_IRQHandler
                0x08005680                TIM3_IRQHandler
                0x08005680                RCC_IRQHandler
                0x08005680                Default_Handler
                0x08005680                EXTI15_10_IRQHandler
                0x08005680                ADC_IRQHandler
                0x08005680                DMA1_Stream7_IRQHandler
                0x08005680                TIM5_IRQHandler
                0x08005680                I2C3_EV_IRQHandler
                0x08005680                EXTI9_5_IRQHandler
                0x08005680                RTC_WKUP_IRQHandler
                0x08005680                SPI2_IRQHandler
                0x08005680                DMA1_Stream0_IRQHandler
                0x08005680                EXTI4_IRQHandler
                0x08005680                WWDG_IRQHandler
                0x08005680                TIM2_IRQHandler
                0x08005680                OTG_FS_WKUP_IRQHandler
                0x08005680                TIM1_TRG_COM_TIM11_IRQHandler
                0x08005680                EXTI1_IRQHandler
                0x08005680                USART2_IRQHandler
                0x08005680                I2C2_ER_IRQHandler
                0x08005680                DMA2_Stream1_IRQHandler
                0x08005680                FLASH_IRQHandler
                0x08005680                DMA2_Stream4_IRQHandler
                0x08005680                OTG_FS_IRQHandler
                0x08005680                SPI3_IRQHandler
                0x08005680                I2C1_ER_IRQHandler
                0x08005680                DMA2_Stream6_IRQHandler
                0x08005680                RTC_Alarm_IRQHandler
 *fill*         0x08005682        0x2 
 .text.sprintf  0x08005684       0x40 /Applications/ArmGNUToolchain/12.2.mpacbti-rel1/arm-none-eabi/bin/../lib/gcc/arm-none-eabi/12.2.1/../../../../arm-none-eabi/lib/thumb/v7e-m+fp/hard/libc_nano.a(libc_a-sprintf.o)
                0x08005684                sprintf
                0x08005684                siprintf
 .text._vsnprintf_r
                0x080056c4       0x56 /Applications/ArmGNUToolchain/12.2.mpacbti-rel1/arm-none-eabi/bin/../lib/gcc/arm-none-eabi/12.2.1/../../../../arm-none-eabi/lib/thumb/v7e-m+fp/hard/libc_nano.a(libc_a-vsnprintf.o)
                0x080056c4                _vsnprintf_r
                0x080056c4                _vsniprintf_r
 *fill*         0x0800571a        0x2 
 .text.vsnprintf
                0x0800571c       0x1c /Applications/ArmGNUToolchain/12.2.mpacbti-rel1/arm-none-eabi/bin/../lib/gcc/arm-none-eabi/12.2.1/../../../../arm-none-eabi/lib/thumb/v7e-m+fp/hard/libc_nano.a(libc_a-vsnprintf.o)
                0x0800571c                vsnprintf
                0x0800571c                vsniprintf
 .text.memset   0x08005738       0x10 /Applications/ArmGNUToolchain/12.2.mpacbti-rel1/arm-none-eabi/bin/../lib/gcc/arm-none-eabi/12.2.1/../../../../arm-none-eabi/lib/thumb/v7e-m+fp/hard/libc_nano.a(libc_a-memset.o)
                0x08005738                memset
 .text.__libc_init_array
                0x08005748       0x48 /Applications/ArmGNUToolchain/12.2.mpacbti-rel1/arm-none-eabi/bin/../lib/gcc/arm-none-eabi/12.2.1/../../../../arm-none-eabi/lib/thumb/v7e-m+fp/hard/libc_nano.a(libc_a-init.o)
                0x08005748                __libc_init_array
 .text.__retarget_lock_acquire_recursive
                0x08005790        0x2 /Applications/ArmGNUToolchain/12.2.mpacbti-rel1/arm-none-eabi/bin/../lib/gcc/arm-none-eabi/12.2.1/../../../../arm-none-eabi/lib/thumb/v7e-m+fp/hard/libc_nano.a(libc_a-lock.o)
                0x08005790                __retarget_lock_acquire_recursive
 .text.__retarget_lock_release_recursive
                0x08005792        0x2 /Applications/ArmGNUToolchain/12.2.mpacbti-rel1/arm-none-eabi/bin/../lib/gcc/arm-none-eabi/12.2.1/../../../../arm-none-eabi/lib/thumb/v7e-m+fp/hard/libc_nano.a(libc_a-lock.o)
                0x08005792                __retarget_lock_release_recursive
 .text.memcpy   0x08005794       0x1c /Applications/ArmGNUToolchain/12.2.mpacbti-rel1/arm-none-eabi/bin/../lib/gcc/arm-none-eabi/12.2.1/../../../../arm-none-eabi/lib/thumb/v7e-m+fp/hard/libc_nano.a(libc_a-memcpy-stub.o)
                0x08005794                memcpy
 .text.__ssputs_r
                0x080057b0       0xb6 /Applications/ArmGNUToolchain/12.2.mpacbti-rel1/arm-none-eabi/bin/../lib/gcc/arm-none-eabi/12.2.1/../../../../arm-none-eabi/lib/thumb/v7e-m+fp/hard/libc_nano.a(libc_a-nano-svfprintf.o)
                0x080057b0                __ssputs_r
 *fill*         0x08005866        0x2 
 .text._svfprintf_r
                0x08005868      0x1f8 /Applications/ArmGNUToolchain/12.2.mpacbti-rel1/arm-none-eabi/bin/../lib/gcc/arm-none-eabi/12.2.1/../../../../arm-none-eabi/lib/thumb/v7e-m+fp/hard/libc_nano.a(libc_a-nano-svfprintf.o)
                0x08005868                _svfprintf_r
                0x08005868                _svfiprintf_r
 .text.sbrk_aligned
                0x08005a60       0x44 /Applications/ArmGNUToolchain/12.2.mpacbti-rel1/arm-none-eabi/bin/../lib/gcc/arm-none-eabi/12.2.1/../../../../arm-none-eabi/lib/thumb/v7e-m+fp/hard/libc_nano.a(libc_a-mallocr.o)
 .text._malloc_r
                0x08005aa4      0x100 /Applications/ArmGNUToolchain/12.2.mpacbti-rel1/arm-none-eabi/bin/../lib/gcc/arm-none-eabi/12.2.1/../../../../arm-none-eabi/lib/thumb/v7e-m+fp/hard/libc_nano.a(libc_a-mallocr.o)
                0x08005aa4                _malloc_r
 .text._printf_common
                0x08005ba4       0xda /Applications/ArmGNUToolchain/12.2.mpacbti-rel1/arm-none-eabi/bin/../lib/gcc/arm-none-eabi/12.2.1/../../../../arm-none-eabi/lib/thumb/v7e-m+fp/hard/libc_nano.a(libc_a-nano-vfprintf_i.o)
                0x08005ba4                _printf_common
 *fill*         0x08005c7e        0x2 
 .text._printf_i
                0x08005c80      0x258 /Applications/ArmGNUToolchain/12.2.mpacbti-rel1/arm-none-eabi/bin/../lib/gcc/arm-none-eabi/12.2.1/../../../../arm-none-eabi/lib/thumb/v7e-m+fp/hard/libc_nano.a(libc_a-nano-vfprintf_i.o)
                0x08005c80                _printf_i
 .text.__malloc_lock
                0x08005ed8        0xc /Applications/ArmGNUToolchain/12.2.mpacbti-rel1/arm-none-eabi/bin/../lib/gcc/arm-none-eabi/12.2.1/../../../../arm-none-eabi/lib/thumb/v7e-m+fp/hard/libc_nano.a(libc_a-mlock.o)
                0x08005ed8                __malloc_lock
 .text.__malloc_unlock
                0x08005ee4        0xc /Applications/ArmGNUToolchain/12.2.mpacbti-rel1/arm-none-eabi/bin/../lib/gcc/arm-none-eabi/12.2.1/../../../../arm-none-eabi/lib/thumb/v7e-m+fp/hard/libc_nano.a(libc_a-mlock.o)
                0x08005ee4                __malloc_unlock
 .text._realloc_r
                0x08005ef0       0x5c /Applications/ArmGNUToolchain/12.2.mpacbti-rel1/arm-none-eabi/bin/../lib/gcc/arm-none-eabi/12.2.1/../../../../arm-none-eabi/lib/thumb/v7e-m+fp/hard/libc_nano.a(libc_a-reallocr.o)
                0x08005ef0                _realloc_r
 .text.memmove  0x08005f4c       0x34 /Applications/ArmGNUToolchain/12.2.mpacbti-rel1/arm-none-eabi/bin/../lib/gcc/arm-none-eabi/12.2.1/../../../../arm-none-eabi/lib/thumb/v7e-m+fp/hard/libc_nano.a(libc_a-memmove.o)
                0x08005f4c                memmove
 .text._sbrk_r  0x08005f80       0x20 /Applications/ArmGNUToolchain/12.2.mpacbti-rel1/arm-none-eabi/bin/../lib/gcc/arm-none-eabi/12.2.1/../../../../arm-none-eabi/lib/thumb/v7e-m+fp/hard/libc_nano.a(libc_a-sbrkr.o)
                0x08005f80                _sbrk_r
 .text._free_r  0x08005fa0       0x94 /Applications/ArmGNUToolchain/12.2.mpacbti-rel1/arm-none-eabi/bin/../lib/gcc/arm-none-eabi/12.2.1/../../../../arm-none-eabi/lib/thumb/v7e-m+fp/hard/libc_nano.a(libc_a-freer.o)
                0x08005fa0                _free_r
 .text._malloc_usable_size_r
                0x08006034       0x10 /Applications/ArmGNUToolchain/12.2.mpacbti-rel1/arm-none-eabi/bin/../lib/gcc/arm-none-eabi/12.2.1/../../../../arm-none-eabi/lib/thumb/v7e-m+fp/hard/libc_nano.a(libc_a-msizer.o)
                0x08006034                _malloc_usable_size_r
 .text._sbrk    0x08006044       0x1c /Applications/ArmGNUToolchain/12.2.mpacbti-rel1/arm-none-eabi/bin/../lib/gcc/arm-none-eabi/12.2.1/../../../../arm-none-eabi/lib/thumb/v7e-m+fp/hard/libnosys.a(sbrk.o)
                0x08006044                _sbrk
 .text.__udivmoddi4
                0x08006060      0x2bc /Applications/ArmGNUToolchain/12.2.mpacbti-rel1/arm-none-eabi/bin/../lib/gcc/arm-none-eabi/12.2.1/thumb/v7e-m+fp/hard/libgcc.a(_udivmoddi4.o)
                0x08006060                __udivmoddi4
 *(.glue_7)
 .glue_7        0x0800631c        0x0 linker stubs
 *(.glue_7t)
 .glue_7t       0x0800631c        0x0 linker stubs
 *(.eh_frame)
 .eh_frame      0x0800631c        0x0 /Applications/ArmGNUToolchain/12.2.mpacbti-rel1/arm-none-eabi/bin/../lib/gcc/arm-none-eabi/12.2.1/thumb/v7e-m+fp/hard/crtbegin.o
 *(.init)
 .init          0x0800631c        0x4 /Applications/ArmGNUToolchain/12.2.mpacbti-rel1/arm-none-eabi/bin/../lib/gcc/arm-none-eabi/12.2.1/thumb/v7e-m+fp/hard/crti.o
                0x0800631c                _init
 .init          0x08006320        0x8 /Applications/ArmGNUToolchain/12.2.mpacbti-rel1/arm-none-eabi/bin/../lib/gcc/arm-none-eabi/12.2.1/thumb/v7e-m+fp/hard/crtn.o
 *(.fini)
 .fini          0x08006328        0x4 /Applications/ArmGNUToolchain/12.2.mpacbti-rel1/arm-none-eabi/bin/../lib/gcc/arm-none-eabi/12.2.1/thumb/v7e-m+fp/hard/crti.o
                0x08006328                _fini
 .fini          0x0800632c        0x8 /Applications/ArmGNUToolchain/12.2.mpacbti-rel1/arm-none-eabi/bin/../lib/gcc/arm-none-eabi/12.2.1/thumb/v7e-m+fp/hard/crtn.o
                0x08006334                        . = ALIGN (0x4)
                0x08006334                        _etext = .

.vfp11_veneer   0x08006334        0x0
 .vfp11_veneer  0x08006334        0x0 linker stubs

.v4_bx          0x08006334        0x0
 .v4_bx         0x08006334        0x0 linker stubs

.iplt           0x08006334        0x0
 .iplt          0x08006334        0x0 /Applications/ArmGNUToolchain/12.2.mpacbti-rel1/arm-none-eabi/bin/../lib/gcc/arm-none-eabi/12.2.1/thumb/v7e-m+fp/hard/crtbegin.o

.rodata         0x08006334      0x128
                0x08006334                        . = ALIGN (0x4)
 *(.rodata)
 .rodata        0x08006334       0x1c build/main.o
 *(.rodata*)
 .rodata.StartDefaultTask.str1.4
                0x08006350       0x5c build/main.o
 .rodata.i2c_scan.str1.4
                0x080063ac       0x2f build/main.o
                                 0x33 (size before relaxing)
 *fill*         0x080063db        0x1 
 .rodata.print_lis2hd12_who_am_i.str1.4
                0x080063dc       0x1c build/main.o
 .rodata.str1.4
                0x080063f8        0xc build/main.o
 .rodata.flagBitshiftOffset.0
                0x08006404        0x8 build/stm32f4xx_hal_dma.o
 .rodata.APBPrescTable
                0x0800640c        0x8 build/system_stm32f4xx.o
                0x0800640c                APBPrescTable
 .rodata.AHBPrescTable
                0x08006414       0x10 build/system_stm32f4xx.o
                0x08006414                AHBPrescTable
 .rodata.vTaskStartScheduler.str1.4
                0x08006424        0x5 build/tasks.o
 .rodata._svfprintf_r.str1.1
                0x08006429       0x11 /Applications/ArmGNUToolchain/12.2.mpacbti-rel1/arm-none-eabi/bin/../lib/gcc/arm-none-eabi/12.2.1/../../../../arm-none-eabi/lib/thumb/v7e-m+fp/hard/libc_nano.a(libc_a-nano-svfprintf.o)
 .rodata._printf_i.str1.1
                0x0800643a       0x22 /Applications/ArmGNUToolchain/12.2.mpacbti-rel1/arm-none-eabi/bin/../lib/gcc/arm-none-eabi/12.2.1/../../../../arm-none-eabi/lib/thumb/v7e-m+fp/hard/libc_nano.a(libc_a-nano-vfprintf_i.o)
                0x0800645c                        . = ALIGN (0x4)

.ARM.extab
 *(.ARM.extab* .gnu.linkonce.armextab.*)

.ARM            0x0800645c        0x8
                0x0800645c                        __exidx_start = .
 *(.ARM.exidx*)
 .ARM.exidx     0x0800645c        0x8 /Applications/ArmGNUToolchain/12.2.mpacbti-rel1/arm-none-eabi/bin/../lib/gcc/arm-none-eabi/12.2.1/../../../../arm-none-eabi/lib/thumb/v7e-m+fp/hard/libc_nano.a(libc_a-strlen.o)
 .ARM.exidx     0x08006464        0x0 /Applications/ArmGNUToolchain/12.2.mpacbti-rel1/arm-none-eabi/bin/../lib/gcc/arm-none-eabi/12.2.1/../../../../arm-none-eabi/lib/thumb/v7e-m+fp/hard/libc_nano.a(libc_a-memchr.o)
                                  0x8 (size before relaxing)
 .ARM.exidx.text.__udivmoddi4
                0x08006464        0x0 /Applications/ArmGNUToolchain/12.2.mpacbti-rel1/arm-none-eabi/bin/../lib/gcc/arm-none-eabi/12.2.1/thumb/v7e-m+fp/hard/libgcc.a(_udivmoddi4.o)
                                  0x8 (size before relaxing)
                0x08006464                        __exidx_end = .

.rel.dyn        0x08006464        0x0
 .rel.iplt      0x08006464        0x0 /Applications/ArmGNUToolchain/12.2.mpacbti-rel1/arm-none-eabi/bin/../lib/gcc/arm-none-eabi/12.2.1/thumb/v7e-m+fp/hard/crtbegin.o

.preinit_array  0x08006464        0x0
                0x08006464                        PROVIDE (__preinit_array_start = .)
 *(.preinit_array*)
                0x08006464                        PROVIDE (__preinit_array_end = .)

.init_array     0x08006464        0x4
                0x08006464                        PROVIDE (__init_array_start = .)
 *(SORT_BY_NAME(.init_array.*))
 *(.init_array*)
 .init_array    0x08006464        0x4 /Applications/ArmGNUToolchain/12.2.mpacbti-rel1/arm-none-eabi/bin/../lib/gcc/arm-none-eabi/12.2.1/thumb/v7e-m+fp/hard/crtbegin.o
                0x08006468                        PROVIDE (__init_array_end = .)

.fini_array     0x08006468        0x4
                [!provide]                        PROVIDE (__fini_array_start = .)
 *(SORT_BY_NAME(.fini_array.*))
 *(.fini_array*)
 .fini_array    0x08006468        0x4 /Applications/ArmGNUToolchain/12.2.mpacbti-rel1/arm-none-eabi/bin/../lib/gcc/arm-none-eabi/12.2.1/thumb/v7e-m+fp/hard/crtbegin.o
                [!provide]                        PROVIDE (__fini_array_end = .)
                0x0800646c                        _sidata = LOADADDR (.data)

.data           0x20000000       0x60 load address 0x0800646c
                0x20000000                        . = ALIGN (0x4)
                0x20000000                        _sdata = .
 *(.data)
 *(.data*)
 .data.uwTickFreq
                0x20000000        0x1 build/stm32f4xx_hal.o
                0x20000000                uwTickFreq
 *fill*         0x20000001        0x3 
 .data.uwTickPrio
                0x20000004        0x4 build/stm32f4xx_hal.o
                0x20000004                uwTickPrio
 .data.SystemCoreClock
                0x20000008        0x4 build/system_stm32f4xx.o
                0x20000008                SystemCoreClock
 .data.uxCriticalNesting
                0x2000000c        0x4 build/port.o
 .data._impure_ptr
                0x20000010        0x4 /Applications/ArmGNUToolchain/12.2.mpacbti-rel1/arm-none-eabi/bin/../lib/gcc/arm-none-eabi/12.2.1/../../../../arm-none-eabi/lib/thumb/v7e-m+fp/hard/libc_nano.a(libc_a-impure.o)
                0x20000010                _impure_ptr
 .data._impure_data
                0x20000014       0x4c /Applications/ArmGNUToolchain/12.2.mpacbti-rel1/arm-none-eabi/bin/../lib/gcc/arm-none-eabi/12.2.1/../../../../arm-none-eabi/lib/thumb/v7e-m+fp/hard/libc_nano.a(libc_a-impure.o)
                0x20000014                _impure_data
                0x20000060                        . = ALIGN (0x4)
                0x20000060                        _edata = .

.tm_clone_table
                0x20000060        0x0 load address 0x080064cc
 .tm_clone_table
                0x20000060        0x0 /Applications/ArmGNUToolchain/12.2.mpacbti-rel1/arm-none-eabi/bin/../lib/gcc/arm-none-eabi/12.2.1/thumb/v7e-m+fp/hard/crtbegin.o
 .tm_clone_table
                0x20000060        0x0 /Applications/ArmGNUToolchain/12.2.mpacbti-rel1/arm-none-eabi/bin/../lib/gcc/arm-none-eabi/12.2.1/thumb/v7e-m+fp/hard/crtend.o

.igot.plt       0x20000060        0x0 load address 0x080064cc
 .igot.plt      0x20000060        0x0 /Applications/ArmGNUToolchain/12.2.mpacbti-rel1/arm-none-eabi/bin/../lib/gcc/arm-none-eabi/12.2.1/thumb/v7e-m+fp/hard/crtbegin.o
                0x20000060                        . = ALIGN (0x4)

.bss            0x20000060     0x46c0 load address 0x080064cc
                0x20000060                        _sbss = .
                0x20000060                        __bss_start__ = _sbss
 *(.bss)
 *(.bss*)
 .bss.completed.1
                0x20000060        0x1 /Applications/ArmGNUToolchain/12.2.mpacbti-rel1/arm-none-eabi/bin/../lib/gcc/arm-none-eabi/12.2.1/thumb/v7e-m+fp/hard/crtbegin.o
 *fill*         0x20000061        0x3 
 .bss.object.0  0x20000064       0x18 /Applications/ArmGNUToolchain/12.2.mpacbti-rel1/arm-none-eabi/bin/../lib/gcc/arm-none-eabi/12.2.1/thumb/v7e-m+fp/hard/crtbegin.o
 .bss.defaultTaskHandle
                0x2000007c        0x4 build/main.o
                0x2000007c                defaultTaskHandle
 .bss.hdma_memtomem_dma2_stream1
                0x20000080       0x60 build/main.o
                0x20000080                hdma_memtomem_dma2_stream1
 .bss.hdma_usart2_tx
                0x200000e0       0x60 build/main.o
                0x200000e0                hdma_usart2_tx
 .bss.hdma_usart2_rx
                0x20000140       0x60 build/main.o
                0x20000140                hdma_usart2_rx
 .bss.hdma_usart1_tx
                0x200001a0       0x60 build/main.o
                0x200001a0                hdma_usart1_tx
 .bss.huart2    0x20000200       0x44 build/main.o
                0x20000200                huart2
 .bss.huart1    0x20000244       0x44 build/main.o
                0x20000244                huart1
 .bss.hdma_spi1_tx
                0x20000288       0x60 build/main.o
                0x20000288                hdma_spi1_tx
 .bss.hdma_spi1_rx
                0x200002e8       0x60 build/main.o
                0x200002e8                hdma_spi1_rx
 .bss.hspi1     0x20000348       0x58 build/main.o
                0x20000348                hspi1
 .bss.hrtc      0x200003a0       0x20 build/main.o
                0x200003a0                hrtc
 .bss.hdma_i2c3_tx
                0x200003c0       0x60 build/main.o
                0x200003c0                hdma_i2c3_tx
 .bss.hdma_i2c3_rx
                0x20000420       0x60 build/main.o
                0x20000420                hdma_i2c3_rx
 .bss.hi2c3     0x20000480       0x54 build/main.o
                0x20000480                hi2c3
 .bss.hcrc      0x200004d4        0x8 build/main.o
                0x200004d4                hcrc
 .bss.uwTick    0x200004dc        0x4 build/stm32f4xx_hal.o
                0x200004dc                uwTick
 .bss.dmaStatusCb
                0x200004e0        0x4 build/i2c.o
                0x200004e0                dmaStatusCb
 .bss.print_buf
                0x200004e4      0x100 build/uart_printf.o
                0x200004e4                print_buf
 .bss.xIdleStack
                0x200005e4      0x200 build/freertos.o
 .bss.xIdleTaskTCBBuffer
                0x200007e4       0x54 build/freertos.o
 .bss.htim4     0x20000838       0x48 build/stm32f4xx_hal_timebase_tim.o
                0x20000838                htim4
 .bss.uxSchedulerSuspended
                0x20000880        0x4 build/tasks.o
 .bss.xIdleTaskHandle
                0x20000884        0x4 build/tasks.o
 .bss.xNextTaskUnblockTime
                0x20000888        0x4 build/tasks.o
 .bss.uxTaskNumber
                0x2000088c        0x4 build/tasks.o
 .bss.xNumOfOverflows
                0x20000890        0x4 build/tasks.o
 .bss.xYieldPending
                0x20000894        0x4 build/tasks.o
 .bss.xPendedTicks
                0x20000898        0x4 build/tasks.o
 .bss.xSchedulerRunning
                0x2000089c        0x4 build/tasks.o
 .bss.uxTopReadyPriority
                0x200008a0        0x4 build/tasks.o
 .bss.xTickCount
                0x200008a4        0x4 build/tasks.o
 .bss.uxCurrentNumberOfTasks
                0x200008a8        0x4 build/tasks.o
 .bss.xSuspendedTaskList
                0x200008ac       0x14 build/tasks.o
 .bss.uxDeletedTasksWaitingCleanUp
                0x200008c0        0x4 build/tasks.o
 .bss.xTasksWaitingTermination
                0x200008c4       0x14 build/tasks.o
 .bss.xPendingReadyList
                0x200008d8       0x14 build/tasks.o
 .bss.pxOverflowDelayedTaskList
                0x200008ec        0x4 build/tasks.o
 .bss.pxDelayedTaskList
                0x200008f0        0x4 build/tasks.o
 .bss.xDelayedTaskList2
                0x200008f4       0x14 build/tasks.o
 .bss.xDelayedTaskList1
                0x20000908       0x14 build/tasks.o
 .bss.pxReadyTasksLists
                0x2000091c       0x8c build/tasks.o
 .bss.pxCurrentTCB
                0x200009a8        0x4 build/tasks.o
                0x200009a8                pxCurrentTCB
 .bss.xBlockAllocatedBit
                0x200009ac        0x4 build/heap_4.o
 .bss.xNumberOfSuccessfulFrees
                0x200009b0        0x4 build/heap_4.o
 .bss.xNumberOfSuccessfulAllocations
                0x200009b4        0x4 build/heap_4.o
 .bss.xMinimumEverFreeBytesRemaining
                0x200009b8        0x4 build/heap_4.o
 .bss.xFreeBytesRemaining
                0x200009bc        0x4 build/heap_4.o
 .bss.pxEnd     0x200009c0        0x4 build/heap_4.o
 .bss.xStart    0x200009c4        0x8 build/heap_4.o
 .bss.ucHeap    0x200009cc     0x3c00 build/heap_4.o
 .bss.ulMaxPRIGROUPValue
                0x200045cc        0x4 build/port.o
 .bss.ucMaxSysCallPriority
                0x200045d0        0x1 build/port.o
 *fill*         0x200045d1        0x3 
 .bss.__sf      0x200045d4      0x138 /Applications/ArmGNUToolchain/12.2.mpacbti-rel1/arm-none-eabi/bin/../lib/gcc/arm-none-eabi/12.2.1/../../../../arm-none-eabi/lib/thumb/v7e-m+fp/hard/libc_nano.a(libc_a-findfp.o)
                0x200045d4                __sf
 .bss.__lock___malloc_recursive_mutex
                0x2000470c        0x1 /Applications/ArmGNUToolchain/12.2.mpacbti-rel1/arm-none-eabi/bin/../lib/gcc/arm-none-eabi/12.2.1/../../../../arm-none-eabi/lib/thumb/v7e-m+fp/hard/libc_nano.a(libc_a-lock.o)
                0x2000470c                __lock___malloc_recursive_mutex
 *fill*         0x2000470d        0x3 
 .bss.__malloc_sbrk_start
                0x20004710        0x4 /Applications/ArmGNUToolchain/12.2.mpacbti-rel1/arm-none-eabi/bin/../lib/gcc/arm-none-eabi/12.2.1/../../../../arm-none-eabi/lib/thumb/v7e-m+fp/hard/libc_nano.a(libc_a-mallocr.o)
                0x20004710                __malloc_sbrk_start
 .bss.__malloc_free_list
                0x20004714        0x4 /Applications/ArmGNUToolchain/12.2.mpacbti-rel1/arm-none-eabi/bin/../lib/gcc/arm-none-eabi/12.2.1/../../../../arm-none-eabi/lib/thumb/v7e-m+fp/hard/libc_nano.a(libc_a-mallocr.o)
                0x20004714                __malloc_free_list
 .bss.errno     0x20004718        0x4 /Applications/ArmGNUToolchain/12.2.mpacbti-rel1/arm-none-eabi/bin/../lib/gcc/arm-none-eabi/12.2.1/../../../../arm-none-eabi/lib/thumb/v7e-m+fp/hard/libc_nano.a(libc_a-reent.o)
                0x20004718                errno
 .bss.heap_end.0
                0x2000471c        0x4 /Applications/ArmGNUToolchain/12.2.mpacbti-rel1/arm-none-eabi/bin/../lib/gcc/arm-none-eabi/12.2.1/../../../../arm-none-eabi/lib/thumb/v7e-m+fp/hard/libnosys.a(sbrk.o)
 *(COMMON)
                0x20004720                        . = ALIGN (0x4)
                0x20004720                        _ebss = .
                0x20004720                        __bss_end__ = _ebss

._user_heap_stack
                0x20004720      0x600 load address 0x080064cc
                0x20004720                        . = ALIGN (0x8)
                0x20004720                        PROVIDE (end = .)
                [!provide]                        PROVIDE (_end = .)
                0x20004920                        . = (. + _Min_Heap_Size)
 *fill*         0x20004720      0x200 
                0x20004d20                        . = (. + _Min_Stack_Size)
 *fill*         0x20004920      0x400 
                0x20004d20                        . = ALIGN (0x8)

/DISCARD/
 libc.a(*)
 libm.a(*)
 libgcc.a(*)

.ARM.attributes
                0x00000000       0x30
 *(.ARM.attributes)
 .ARM.attributes
                0x00000000       0x22 /Applications/ArmGNUToolchain/12.2.mpacbti-rel1/arm-none-eabi/bin/../lib/gcc/arm-none-eabi/12.2.1/thumb/v7e-m+fp/hard/crti.o
 .ARM.attributes
                0x00000022       0x34 /Applications/ArmGNUToolchain/12.2.mpacbti-rel1/arm-none-eabi/bin/../lib/gcc/arm-none-eabi/12.2.1/thumb/v7e-m+fp/hard/crtbegin.o
 .ARM.attributes
                0x00000056       0x34 build/main.o
 .ARM.attributes
                0x0000008a       0x34 build/stm32f4xx_it.o
 .ARM.attributes
                0x000000be       0x34 build/stm32f4xx_hal_msp.o
 .ARM.attributes
                0x000000f2       0x34 build/stm32f4xx_hal_crc.o
 .ARM.attributes
                0x00000126       0x34 build/stm32f4xx_hal_rcc.o
 .ARM.attributes
                0x0000015a       0x34 build/stm32f4xx_hal_rcc_ex.o
 .ARM.attributes
                0x0000018e       0x34 build/stm32f4xx_hal_gpio.o
 .ARM.attributes
                0x000001c2       0x34 build/stm32f4xx_hal_dma.o
 .ARM.attributes
                0x000001f6       0x34 build/stm32f4xx_hal_cortex.o
 .ARM.attributes
                0x0000022a       0x34 build/stm32f4xx_hal.o
 .ARM.attributes
                0x0000025e       0x34 build/stm32f4xx_hal_i2c.o
 .ARM.attributes
                0x00000292       0x34 build/stm32f4xx_hal_rtc.o
 .ARM.attributes
                0x000002c6       0x34 build/stm32f4xx_hal_spi.o
 .ARM.attributes
                0x000002fa       0x34 build/stm32f4xx_hal_tim.o
 .ARM.attributes
                0x0000032e       0x34 build/stm32f4xx_hal_tim_ex.o
 .ARM.attributes
                0x00000362       0x34 build/stm32f4xx_hal_uart.o
 .ARM.attributes
                0x00000396       0x34 build/system_stm32f4xx.o
 .ARM.attributes
                0x000003ca       0x34 build/bmp280.o
 .ARM.attributes
                0x000003fe       0x34 build/lis2hd12.o
 .ARM.attributes
                0x00000432       0x34 build/i2c.o
 .ARM.attributes
                0x00000466       0x34 build/uart_printf.o
 .ARM.attributes
                0x0000049a       0x34 build/freertos.o
 .ARM.attributes
                0x000004ce       0x34 build/stm32f4xx_hal_timebase_tim.o
 .ARM.attributes
                0x00000502       0x34 build/list.o
 .ARM.attributes
                0x00000536       0x34 build/tasks.o
 .ARM.attributes
                0x0000056a       0x34 build/cmsis_os.o
 .ARM.attributes
                0x0000059e       0x34 build/heap_4.o
 .ARM.attributes
                0x000005d2       0x34 build/port.o
 .ARM.attributes
                0x00000606       0x21 build/startup_stm32f401xc.o
 .ARM.attributes
                0x00000627       0x34 /Applications/ArmGNUToolchain/12.2.mpacbti-rel1/arm-none-eabi/bin/../lib/gcc/arm-none-eabi/12.2.1/../../../../arm-none-eabi/lib/thumb/v7e-m+fp/hard/libc_nano.a(libc_a-sprintf.o)
 .ARM.attributes
                0x0000065b       0x34 /Applications/ArmGNUToolchain/12.2.mpacbti-rel1/arm-none-eabi/bin/../lib/gcc/arm-none-eabi/12.2.1/../../../../arm-none-eabi/lib/thumb/v7e-m+fp/hard/libc_nano.a(libc_a-findfp.o)
 .ARM.attributes
                0x0000068f       0x34 /Applications/ArmGNUToolchain/12.2.mpacbti-rel1/arm-none-eabi/bin/../lib/gcc/arm-none-eabi/12.2.1/../../../../arm-none-eabi/lib/thumb/v7e-m+fp/hard/libc_nano.a(libc_a-vsnprintf.o)
 .ARM.attributes
                0x000006c3       0x34 /Applications/ArmGNUToolchain/12.2.mpacbti-rel1/arm-none-eabi/bin/../lib/gcc/arm-none-eabi/12.2.1/../../../../arm-none-eabi/lib/thumb/v7e-m+fp/hard/libc_nano.a(libc_a-memset.o)
 .ARM.attributes
                0x000006f7       0x34 /Applications/ArmGNUToolchain/12.2.mpacbti-rel1/arm-none-eabi/bin/../lib/gcc/arm-none-eabi/12.2.1/../../../../arm-none-eabi/lib/thumb/v7e-m+fp/hard/libc_nano.a(libc_a-impure.o)
 .ARM.attributes
                0x0000072b       0x34 /Applications/ArmGNUToolchain/12.2.mpacbti-rel1/arm-none-eabi/bin/../lib/gcc/arm-none-eabi/12.2.1/../../../../arm-none-eabi/lib/thumb/v7e-m+fp/hard/libc_nano.a(libc_a-init.o)
 .ARM.attributes
                0x0000075f       0x34 /Applications/ArmGNUToolchain/12.2.mpacbti-rel1/arm-none-eabi/bin/../lib/gcc/arm-none-eabi/12.2.1/../../../../arm-none-eabi/lib/thumb/v7e-m+fp/hard/libc_nano.a(libc_a-lock.o)
 .ARM.attributes
                0x00000793       0x34 /Applications/ArmGNUToolchain/12.2.mpacbti-rel1/arm-none-eabi/bin/../lib/gcc/arm-none-eabi/12.2.1/../../../../arm-none-eabi/lib/thumb/v7e-m+fp/hard/libc_nano.a(libc_a-memcpy-stub.o)
 .ARM.attributes
                0x000007c7       0x17 /Applications/ArmGNUToolchain/12.2.mpacbti-rel1/arm-none-eabi/bin/../lib/gcc/arm-none-eabi/12.2.1/../../../../arm-none-eabi/lib/thumb/v7e-m+fp/hard/libc_nano.a(libc_a-strlen.o)
 .ARM.attributes
                0x000007de       0x34 /Applications/ArmGNUToolchain/12.2.mpacbti-rel1/arm-none-eabi/bin/../lib/gcc/arm-none-eabi/12.2.1/../../../../arm-none-eabi/lib/thumb/v7e-m+fp/hard/libc_nano.a(libc_a-nano-svfprintf.o)
 .ARM.attributes
                0x00000812       0x34 /Applications/ArmGNUToolchain/12.2.mpacbti-rel1/arm-none-eabi/bin/../lib/gcc/arm-none-eabi/12.2.1/../../../../arm-none-eabi/lib/thumb/v7e-m+fp/hard/libc_nano.a(libc_a-mallocr.o)
 .ARM.attributes
                0x00000846       0x34 /Applications/ArmGNUToolchain/12.2.mpacbti-rel1/arm-none-eabi/bin/../lib/gcc/arm-none-eabi/12.2.1/../../../../arm-none-eabi/lib/thumb/v7e-m+fp/hard/libc_nano.a(libc_a-nano-vfprintf_i.o)
 .ARM.attributes
                0x0000087a       0x34 /Applications/ArmGNUToolchain/12.2.mpacbti-rel1/arm-none-eabi/bin/../lib/gcc/arm-none-eabi/12.2.1/../../../../arm-none-eabi/lib/thumb/v7e-m+fp/hard/libc_nano.a(libc_a-mlock.o)
 .ARM.attributes
                0x000008ae       0x34 /Applications/ArmGNUToolchain/12.2.mpacbti-rel1/arm-none-eabi/bin/../lib/gcc/arm-none-eabi/12.2.1/../../../../arm-none-eabi/lib/thumb/v7e-m+fp/hard/libc_nano.a(libc_a-reallocr.o)
 .ARM.attributes
                0x000008e2       0x34 /Applications/ArmGNUToolchain/12.2.mpacbti-rel1/arm-none-eabi/bin/../lib/gcc/arm-none-eabi/12.2.1/../../../../arm-none-eabi/lib/thumb/v7e-m+fp/hard/libc_nano.a(libc_a-memmove.o)
 .ARM.attributes
                0x00000916       0x34 /Applications/ArmGNUToolchain/12.2.mpacbti-rel1/arm-none-eabi/bin/../lib/gcc/arm-none-eabi/12.2.1/../../../../arm-none-eabi/lib/thumb/v7e-m+fp/hard/libc_nano.a(libc_a-reent.o)
 .ARM.attributes
                0x0000094a       0x34 /Applications/ArmGNUToolchain/12.2.mpacbti-rel1/arm-none-eabi/bin/../lib/gcc/arm-none-eabi/12.2.1/../../../../arm-none-eabi/lib/thumb/v7e-m+fp/hard/libc_nano.a(libc_a-sbrkr.o)
 .ARM.attributes
                0x0000097e       0x1c /Applications/ArmGNUToolchain/12.2.mpacbti-rel1/arm-none-eabi/bin/../lib/gcc/arm-none-eabi/12.2.1/../../../../arm-none-eabi/lib/thumb/v7e-m+fp/hard/libc_nano.a(libc_a-memchr.o)
 .ARM.attributes
                0x0000099a       0x34 /Applications/ArmGNUToolchain/12.2.mpacbti-rel1/arm-none-eabi/bin/../lib/gcc/arm-none-eabi/12.2.1/../../../../arm-none-eabi/lib/thumb/v7e-m+fp/hard/libc_nano.a(libc_a-freer.o)
 .ARM.attributes
                0x000009ce       0x34 /Applications/ArmGNUToolchain/12.2.mpacbti-rel1/arm-none-eabi/bin/../lib/gcc/arm-none-eabi/12.2.1/../../../../arm-none-eabi/lib/thumb/v7e-m+fp/hard/libc_nano.a(libc_a-msizer.o)
 .ARM.attributes
                0x00000a02       0x34 /Applications/ArmGNUToolchain/12.2.mpacbti-rel1/arm-none-eabi/bin/../lib/gcc/arm-none-eabi/12.2.1/../../../../arm-none-eabi/lib/thumb/v7e-m+fp/hard/libnosys.a(sbrk.o)
 .ARM.attributes
                0x00000a36       0x22 /Applications/ArmGNUToolchain/12.2.mpacbti-rel1/arm-none-eabi/bin/../lib/gcc/arm-none-eabi/12.2.1/thumb/v7e-m+fp/hard/libgcc.a(_aeabi_ldivmod.o)
 .ARM.attributes
                0x00000a58       0x22 /Applications/ArmGNUToolchain/12.2.mpacbti-rel1/arm-none-eabi/bin/../lib/gcc/arm-none-eabi/12.2.1/thumb/v7e-m+fp/hard/libgcc.a(_aeabi_uldivmod.o)
 .ARM.attributes
                0x00000a7a       0x34 /Applications/ArmGNUToolchain/12.2.mpacbti-rel1/arm-none-eabi/bin/../lib/gcc/arm-none-eabi/12.2.1/thumb/v7e-m+fp/hard/libgcc.a(_udivmoddi4.o)
 .ARM.attributes
                0x00000aae       0x22 /Applications/ArmGNUToolchain/12.2.mpacbti-rel1/arm-none-eabi/bin/../lib/gcc/arm-none-eabi/12.2.1/thumb/v7e-m+fp/hard/libgcc.a(_dvmd_tls.o)
 .ARM.attributes
                0x00000ad0       0x34 /Applications/ArmGNUToolchain/12.2.mpacbti-rel1/arm-none-eabi/bin/../lib/gcc/arm-none-eabi/12.2.1/thumb/v7e-m+fp/hard/crtend.o
 .ARM.attributes
                0x00000b04       0x22 /Applications/ArmGNUToolchain/12.2.mpacbti-rel1/arm-none-eabi/bin/../lib/gcc/arm-none-eabi/12.2.1/thumb/v7e-m+fp/hard/crtn.o
OUTPUT(build/GPS_BOARD.elf elf32-littlearm)
LOAD linker stubs
LOAD /Applications/ArmGNUToolchain/12.2.mpacbti-rel1/arm-none-eabi/bin/../lib/gcc/arm-none-eabi/12.2.1/../../../../arm-none-eabi/lib/thumb/v7e-m+fp/hard/libc.a
LOAD /Applications/ArmGNUToolchain/12.2.mpacbti-rel1/arm-none-eabi/bin/../lib/gcc/arm-none-eabi/12.2.1/../../../../arm-none-eabi/lib/thumb/v7e-m+fp/hard/libm.a
LOAD /Applications/ArmGNUToolchain/12.2.mpacbti-rel1/arm-none-eabi/bin/../lib/gcc/arm-none-eabi/12.2.1/thumb/v7e-m+fp/hard/libgcc.a

.debug_info     0x00000000    0x27e01
 .debug_info    0x00000000     0x3522 build/main.o
 .debug_info    0x00003522      0xc23 build/stm32f4xx_it.o
 .debug_info    0x00004145     0x1d72 build/stm32f4xx_hal_msp.o
 .debug_info    0x00005eb7      0x416 build/stm32f4xx_hal_crc.o
 .debug_info    0x000062cd      0xc36 build/stm32f4xx_hal_rcc.o
 .debug_info    0x00006f03      0x742 build/stm32f4xx_hal_rcc_ex.o
 .debug_info    0x00007645      0x872 build/stm32f4xx_hal_gpio.o
 .debug_info    0x00007eb7      0xbc6 build/stm32f4xx_hal_dma.o
 .debug_info    0x00008a7d     0x10c4 build/stm32f4xx_hal_cortex.o
 .debug_info    0x00009b41      0xa8a build/stm32f4xx_hal.o
 .debug_info    0x0000a5cb     0x3b7a build/stm32f4xx_hal_i2c.o
 .debug_info    0x0000e145     0x11a3 build/stm32f4xx_hal_rtc.o
 .debug_info    0x0000f2e8     0x203a build/stm32f4xx_hal_spi.o
 .debug_info    0x00011322     0x40ba build/stm32f4xx_hal_tim.o
 .debug_info    0x000153dc     0x1d4a build/stm32f4xx_hal_tim_ex.o
 .debug_info    0x00017126     0x441d build/stm32f4xx_hal_uart.o
 .debug_info    0x0001b543      0x5e5 build/system_stm32f4xx.o
 .debug_info    0x0001bb28     0x14c9 build/bmp280.o
 .debug_info    0x0001cff1     0x2764 build/lis2hd12.o
 .debug_info    0x0001f755      0xde6 build/i2c.o
 .debug_info    0x0002053b      0x7ad build/uart_printf.o
 .debug_info    0x00020ce8      0x2ab build/freertos.o
 .debug_info    0x00020f93      0xd76 build/stm32f4xx_hal_timebase_tim.o
 .debug_info    0x00021d09      0x30f build/list.o
 .debug_info    0x00022018     0x2b12 build/tasks.o
 .debug_info    0x00024b2a     0x26d9 build/cmsis_os.o
 .debug_info    0x00027203      0x60c build/heap_4.o
 .debug_info    0x0002780f      0x5c2 build/port.o
 .debug_info    0x00027dd1       0x30 build/startup_stm32f401xc.o

.debug_abbrev   0x00000000     0x4733
 .debug_abbrev  0x00000000      0x3d8 build/main.o
 .debug_abbrev  0x000003d8      0x1b1 build/stm32f4xx_it.o
 .debug_abbrev  0x00000589      0x2c2 build/stm32f4xx_hal_msp.o
 .debug_abbrev  0x0000084b      0x1b3 build/stm32f4xx_hal_crc.o
 .debug_abbrev  0x000009fe      0x2de build/stm32f4xx_hal_rcc.o
 .debug_abbrev  0x00000cdc      0x1dc build/stm32f4xx_hal_rcc_ex.o
 .debug_abbrev  0x00000eb8      0x22b build/stm32f4xx_hal_gpio.o
 .debug_abbrev  0x000010e3      0x2be build/stm32f4xx_hal_dma.o
 .debug_abbrev  0x000013a1      0x3d3 build/stm32f4xx_hal_cortex.o
 .debug_abbrev  0x00001774      0x275 build/stm32f4xx_hal.o
 .debug_abbrev  0x000019e9      0x339 build/stm32f4xx_hal_i2c.o
 .debug_abbrev  0x00001d22      0x261 build/stm32f4xx_hal_rtc.o
 .debug_abbrev  0x00001f83      0x2c6 build/stm32f4xx_hal_spi.o
 .debug_abbrev  0x00002249      0x2c7 build/stm32f4xx_hal_tim.o
 .debug_abbrev  0x00002510      0x2c1 build/stm32f4xx_hal_tim_ex.o
 .debug_abbrev  0x000027d1      0x380 build/stm32f4xx_hal_uart.o
 .debug_abbrev  0x00002b51      0x11b build/system_stm32f4xx.o
 .debug_abbrev  0x00002c6c      0x294 build/bmp280.o
 .debug_abbrev  0x00002f00      0x2e1 build/lis2hd12.o
 .debug_abbrev  0x000031e1      0x216 build/i2c.o
 .debug_abbrev  0x000033f7      0x1f0 build/uart_printf.o
 .debug_abbrev  0x000035e7       0xcc build/freertos.o
 .debug_abbrev  0x000036b3      0x23e build/stm32f4xx_hal_timebase_tim.o
 .debug_abbrev  0x000038f1      0x124 build/list.o
 .debug_abbrev  0x00003a15      0x3dd build/tasks.o
 .debug_abbrev  0x00003df2      0x3fb build/cmsis_os.o
 .debug_abbrev  0x000041ed      0x27a build/heap_4.o
 .debug_abbrev  0x00004467      0x2af build/port.o
 .debug_abbrev  0x00004716       0x1d build/startup_stm32f401xc.o

.debug_loc      0x00000000    0x20c80
 .debug_loc     0x00000000      0x57f build/main.o
 .debug_loc     0x0000057f      0x120 build/stm32f4xx_it.o
 .debug_loc     0x0000069f      0x3a6 build/stm32f4xx_hal_msp.o
 .debug_loc     0x00000a45      0x2c3 build/stm32f4xx_hal_crc.o
 .debug_loc     0x00000d08      0x700 build/stm32f4xx_hal_rcc.o
 .debug_loc     0x00001408      0x45a build/stm32f4xx_hal_rcc_ex.o
 .debug_loc     0x00001862      0x5db build/stm32f4xx_hal_gpio.o
 .debug_loc     0x00001e3d      0xd6d build/stm32f4xx_hal_dma.o
 .debug_loc     0x00002baa      0x7a7 build/stm32f4xx_hal_cortex.o
 .debug_loc     0x00003351      0x1e1 build/stm32f4xx_hal.o
 .debug_loc     0x00003532     0x4de1 build/stm32f4xx_hal_i2c.o
 .debug_loc     0x00008313     0x10d0 build/stm32f4xx_hal_rtc.o
 .debug_loc     0x000093e3     0x2501 build/stm32f4xx_hal_spi.o
 .debug_loc     0x0000b8e4     0x5cc6 build/stm32f4xx_hal_tim.o
 .debug_loc     0x000115aa     0x2107 build/stm32f4xx_hal_tim_ex.o
 .debug_loc     0x000136b1     0x4ff2 build/stm32f4xx_hal_uart.o
 .debug_loc     0x000186a3      0x158 build/system_stm32f4xx.o
 .debug_loc     0x000187fb     0x157b build/bmp280.o
 .debug_loc     0x00019d76     0x235d build/lis2hd12.o
 .debug_loc     0x0001c0d3      0x5d7 build/i2c.o
 .debug_loc     0x0001c6aa       0x5c build/uart_printf.o
 .debug_loc     0x0001c706      0x136 build/stm32f4xx_hal_timebase_tim.o
 .debug_loc     0x0001c83c       0xe5 build/list.o
 .debug_loc     0x0001c921     0x225a build/tasks.o
 .debug_loc     0x0001eb7b     0x1a35 build/cmsis_os.o
 .debug_loc     0x000205b0      0x510 build/heap_4.o
 .debug_loc     0x00020ac0      0x1c0 build/port.o

.debug_aranges  0x00000000     0x1a60
 .debug_aranges
                0x00000000       0xa0 build/main.o
 .debug_aranges
                0x000000a0       0x90 build/stm32f4xx_it.o
 .debug_aranges
                0x00000130       0x70 build/stm32f4xx_hal_msp.o
 .debug_aranges
                0x000001a0       0x50 build/stm32f4xx_hal_crc.o
 .debug_aranges
                0x000001f0       0x88 build/stm32f4xx_hal_rcc.o
 .debug_aranges
                0x00000278       0x48 build/stm32f4xx_hal_rcc_ex.o
 .debug_aranges
                0x000002c0       0x58 build/stm32f4xx_hal_gpio.o
 .debug_aranges
                0x00000318       0x90 build/stm32f4xx_hal_dma.o
 .debug_aranges
                0x000003a8       0xd8 build/stm32f4xx_hal_cortex.o
 .debug_aranges
                0x00000480       0xf0 build/stm32f4xx_hal.o
 .debug_aranges
                0x00000570      0x2a0 build/stm32f4xx_hal_i2c.o
 .debug_aranges
                0x00000810       0xe8 build/stm32f4xx_hal_rtc.o
 .debug_aranges
                0x000008f8      0x1d0 build/stm32f4xx_hal_spi.o
 .debug_aranges
                0x00000ac8      0x3d0 build/stm32f4xx_hal_tim.o
 .debug_aranges
                0x00000e98      0x168 build/stm32f4xx_hal_tim_ex.o
 .debug_aranges
                0x00001000      0x200 build/stm32f4xx_hal_uart.o
 .debug_aranges
                0x00001200       0x28 build/system_stm32f4xx.o
 .debug_aranges
                0x00001228       0xc0 build/bmp280.o
 .debug_aranges
                0x000012e8      0x198 build/lis2hd12.o
 .debug_aranges
                0x00001480       0xa0 build/i2c.o
 .debug_aranges
                0x00001520       0x20 build/uart_printf.o
 .debug_aranges
                0x00001540       0x20 build/freertos.o
 .debug_aranges
                0x00001560       0x30 build/stm32f4xx_hal_timebase_tim.o
 .debug_aranges
                0x00001590       0x40 build/list.o
 .debug_aranges
                0x000015d0      0x1b8 build/tasks.o
 .debug_aranges
                0x00001788      0x1d8 build/cmsis_os.o
 .debug_aranges
                0x00001960       0x58 build/heap_4.o
 .debug_aranges
                0x000019b8       0x80 build/port.o
 .debug_aranges
                0x00001a38       0x28 build/startup_stm32f401xc.o

.debug_ranges   0x00000000     0x19d0
 .debug_ranges  0x00000000       0x90 build/main.o
 .debug_ranges  0x00000090       0x80 build/stm32f4xx_it.o
 .debug_ranges  0x00000110       0x60 build/stm32f4xx_hal_msp.o
 .debug_ranges  0x00000170       0x40 build/stm32f4xx_hal_crc.o
 .debug_ranges  0x000001b0       0x90 build/stm32f4xx_hal_rcc.o
 .debug_ranges  0x00000240       0x38 build/stm32f4xx_hal_rcc_ex.o
 .debug_ranges  0x00000278       0x48 build/stm32f4xx_hal_gpio.o
 .debug_ranges  0x000002c0       0x80 build/stm32f4xx_hal_dma.o
 .debug_ranges  0x00000340       0xc8 build/stm32f4xx_hal_cortex.o
 .debug_ranges  0x00000408       0xe0 build/stm32f4xx_hal.o
 .debug_ranges  0x000004e8      0x2a8 build/stm32f4xx_hal_i2c.o
 .debug_ranges  0x00000790       0xd8 build/stm32f4xx_hal_rtc.o
 .debug_ranges  0x00000868      0x1c0 build/stm32f4xx_hal_spi.o
 .debug_ranges  0x00000a28      0x3c0 build/stm32f4xx_hal_tim.o
 .debug_ranges  0x00000de8      0x158 build/stm32f4xx_hal_tim_ex.o
 .debug_ranges  0x00000f40      0x208 build/stm32f4xx_hal_uart.o
 .debug_ranges  0x00001148       0x18 build/system_stm32f4xx.o
 .debug_ranges  0x00001160       0xb0 build/bmp280.o
 .debug_ranges  0x00001210      0x188 build/lis2hd12.o
 .debug_ranges  0x00001398       0x90 build/i2c.o
 .debug_ranges  0x00001428       0x10 build/uart_printf.o
 .debug_ranges  0x00001438       0x10 build/freertos.o
 .debug_ranges  0x00001448       0x20 build/stm32f4xx_hal_timebase_tim.o
 .debug_ranges  0x00001468       0x30 build/list.o
 .debug_ranges  0x00001498      0x280 build/tasks.o
 .debug_ranges  0x00001718      0x1c8 build/cmsis_os.o
 .debug_ranges  0x000018e0       0x48 build/heap_4.o
 .debug_ranges  0x00001928       0x88 build/port.o
 .debug_ranges  0x000019b0       0x20 build/startup_stm32f401xc.o

.debug_line     0x00000000    0x1f788
 .debug_line    0x00000000      0xbfc build/main.o
 .debug_line    0x00000bfc      0x373 build/stm32f4xx_it.o
 .debug_line    0x00000f6f      0x888 build/stm32f4xx_hal_msp.o
 .debug_line    0x000017f7      0x3c1 build/stm32f4xx_hal_crc.o
 .debug_line    0x00001bb8      0xb19 build/stm32f4xx_hal_rcc.o
 .debug_line    0x000026d1      0x630 build/stm32f4xx_hal_rcc_ex.o
 .debug_line    0x00002d01      0x6ba build/stm32f4xx_hal_gpio.o
 .debug_line    0x000033bb      0xe75 build/stm32f4xx_hal_dma.o
 .debug_line    0x00004230      0x82c build/stm32f4xx_hal_cortex.o
 .debug_line    0x00004a5c      0x581 build/stm32f4xx_hal.o
 .debug_line    0x00004fdd     0x53b5 build/stm32f4xx_hal_i2c.o
 .debug_line    0x0000a392     0x1055 build/stm32f4xx_hal_rtc.o
 .debug_line    0x0000b3e7     0x250c build/stm32f4xx_hal_spi.o
 .debug_line    0x0000d8f3     0x495e build/stm32f4xx_hal_tim.o
 .debug_line    0x00012251     0x1cde build/stm32f4xx_hal_tim_ex.o
 .debug_line    0x00013f2f     0x45f6 build/stm32f4xx_hal_uart.o
 .debug_line    0x00018525      0x269 build/system_stm32f4xx.o
 .debug_line    0x0001878e      0xe3c build/bmp280.o
 .debug_line    0x000195ca      0xda0 build/lis2hd12.o
 .debug_line    0x0001a36a      0x492 build/i2c.o
 .debug_line    0x0001a7fc      0x2ce build/uart_printf.o
 .debug_line    0x0001aaca      0x1bf build/freertos.o
 .debug_line    0x0001ac89      0x301 build/stm32f4xx_hal_timebase_tim.o
 .debug_line    0x0001af8a      0x36f build/list.o
 .debug_line    0x0001b2f9     0x23a5 build/tasks.o
 .debug_line    0x0001d69e     0x1255 build/cmsis_os.o
 .debug_line    0x0001e8f3      0x73a build/heap_4.o
 .debug_line    0x0001f02d      0x6e5 build/port.o
 .debug_line    0x0001f712       0x76 build/startup_stm32f401xc.o

.debug_str      0x00000000     0x82b2
 .debug_str     0x00000000     0x1d4b build/main.o
                               0x1f15 (size before relaxing)
 .debug_str     0x00001d4b      0x187 build/stm32f4xx_it.o
                                0xa7f (size before relaxing)
 .debug_str     0x00001ed2      0x1c4 build/stm32f4xx_hal_msp.o
                               0x13ee (size before relaxing)
 .debug_str     0x00002096       0x95 build/stm32f4xx_hal_crc.o
                                0x388 (size before relaxing)
 .debug_str     0x0000212b      0x225 build/stm32f4xx_hal_rcc.o
                                0x6fd (size before relaxing)
 .debug_str     0x00002350       0xf6 build/stm32f4xx_hal_rcc_ex.o
                                0x4cf (size before relaxing)
 .debug_str     0x00002446       0xff build/stm32f4xx_hal_gpio.o
                                0x4d7 (size before relaxing)
 .debug_str     0x00002545      0x2cf build/stm32f4xx_hal_dma.o
                                0x75b (size before relaxing)
 .debug_str     0x00002814      0x4b1 build/stm32f4xx_hal_cortex.o
                                0xaaf (size before relaxing)
 .debug_str     0x00002cc5      0x295 build/stm32f4xx_hal.o
                                0x9f9 (size before relaxing)
 .debug_str     0x00002f5a      0x871 build/stm32f4xx_hal_i2c.o
                               0x101a (size before relaxing)
 .debug_str     0x000037cb      0x296 build/stm32f4xx_hal_rtc.o
                                0x7c4 (size before relaxing)
 .debug_str     0x00003a61      0x4ef build/stm32f4xx_hal_spi.o
                                0xbdf (size before relaxing)
 .debug_str     0x00003f50      0xefc build/stm32f4xx_hal_tim.o
                               0x16d4 (size before relaxing)
 .debug_str     0x00004e4c      0x55b build/stm32f4xx_hal_tim_ex.o
                                0xef0 (size before relaxing)
 .debug_str     0x000053a7      0x5c0 build/stm32f4xx_hal_uart.o
                                0xd3e (size before relaxing)
 .debug_str     0x00005967       0x47 build/system_stm32f4xx.o
                                0x36c (size before relaxing)
 .debug_str     0x000059ae      0x254 build/bmp280.o
                                0x679 (size before relaxing)
 .debug_str     0x00005c02      0xa6d build/lis2hd12.o
                                0xd72 (size before relaxing)
 .debug_str     0x0000666f       0xe8 build/i2c.o
                                0x90c (size before relaxing)
 .debug_str     0x00006757       0x50 build/uart_printf.o
                                0x67c (size before relaxing)
 .debug_str     0x000067a7       0x8a build/freertos.o
                                0x2f4 (size before relaxing)
 .debug_str     0x00006831       0x5c build/stm32f4xx_hal_timebase_tim.o
                                0xd01 (size before relaxing)
 .debug_str     0x0000688d      0x136 build/list.o
                                0x2e7 (size before relaxing)
 .debug_str     0x000069c3      0xc04 build/tasks.o
                               0x1000 (size before relaxing)
 .debug_str     0x000075c7      0x874 build/cmsis_os.o
                               0x106a (size before relaxing)
 .debug_str     0x00007e3b      0x2c8 build/heap_4.o
                                0x500 (size before relaxing)
 .debug_str     0x00008103      0x17d build/port.o
                                0x463 (size before relaxing)
 .debug_str     0x00008280       0x32 build/startup_stm32f401xc.o
                                 0x67 (size before relaxing)

.comment        0x00000000       0x48
 .comment       0x00000000       0x48 build/main.o
                                 0x49 (size before relaxing)
 .comment       0x00000048       0x49 build/stm32f4xx_it.o
 .comment       0x00000048       0x49 build/stm32f4xx_hal_msp.o
 .comment       0x00000048       0x49 build/stm32f4xx_hal_crc.o
 .comment       0x00000048       0x49 build/stm32f4xx_hal_rcc.o
 .comment       0x00000048       0x49 build/stm32f4xx_hal_rcc_ex.o
 .comment       0x00000048       0x49 build/stm32f4xx_hal_gpio.o
 .comment       0x00000048       0x49 build/stm32f4xx_hal_dma.o
 .comment       0x00000048       0x49 build/stm32f4xx_hal_cortex.o
 .comment       0x00000048       0x49 build/stm32f4xx_hal.o
 .comment       0x00000048       0x49 build/stm32f4xx_hal_i2c.o
 .comment       0x00000048       0x49 build/stm32f4xx_hal_rtc.o
 .comment       0x00000048       0x49 build/stm32f4xx_hal_spi.o
 .comment       0x00000048       0x49 build/stm32f4xx_hal_tim.o
 .comment       0x00000048       0x49 build/stm32f4xx_hal_tim_ex.o
 .comment       0x00000048       0x49 build/stm32f4xx_hal_uart.o
 .comment       0x00000048       0x49 build/system_stm32f4xx.o
 .comment       0x00000048       0x49 build/bmp280.o
 .comment       0x00000048       0x49 build/lis2hd12.o
 .comment       0x00000048       0x49 build/i2c.o
 .comment       0x00000048       0x49 build/uart_printf.o
 .comment       0x00000048       0x49 build/freertos.o
 .comment       0x00000048       0x49 build/stm32f4xx_hal_timebase_tim.o
 .comment       0x00000048       0x49 build/list.o
 .comment       0x00000048       0x49 build/tasks.o
 .comment       0x00000048       0x49 build/cmsis_os.o
 .comment       0x00000048       0x49 build/heap_4.o
 .comment       0x00000048       0x49 build/port.o

.debug_frame    0x00000000     0x5228
 .debug_frame   0x00000000      0x1f8 build/main.o
 .debug_frame   0x000001f8      0x148 build/stm32f4xx_it.o
 .debug_frame   0x00000340      0x140 build/stm32f4xx_hal_msp.o
 .debug_frame   0x00000480       0xb8 build/stm32f4xx_hal_crc.o
 .debug_frame   0x00000538      0x16c build/stm32f4xx_hal_rcc.o
 .debug_frame   0x000006a4       0xa0 build/stm32f4xx_hal_rcc_ex.o
 .debug_frame   0x00000744       0xd8 build/stm32f4xx_hal_gpio.o
 .debug_frame   0x0000081c      0x188 build/stm32f4xx_hal_dma.o
 .debug_frame   0x000009a4      0x1cc build/stm32f4xx_hal_cortex.o
 .debug_frame   0x00000b70      0x1ec build/stm32f4xx_hal.o
 .debug_frame   0x00000d5c      0x970 build/stm32f4xx_hal_i2c.o
 .debug_frame   0x000016cc      0x284 build/stm32f4xx_hal_rtc.o
 .debug_frame   0x00001950      0x5a4 build/stm32f4xx_hal_spi.o
 .debug_frame   0x00001ef4      0xb1c build/stm32f4xx_hal_tim.o
 .debug_frame   0x00002a10      0x40c build/stm32f4xx_hal_tim_ex.o
 .debug_frame   0x00002e1c      0x5c4 build/stm32f4xx_hal_uart.o
 .debug_frame   0x000033e0       0x30 build/system_stm32f4xx.o
 .debug_frame   0x00003410      0x2b0 build/bmp280.o
 .debug_frame   0x000036c0      0x558 build/lis2hd12.o
 .debug_frame   0x00003c18      0x180 build/i2c.o
 .debug_frame   0x00003d98       0x44 build/uart_printf.o
 .debug_frame   0x00003ddc       0x20 build/freertos.o
 .debug_frame   0x00003dfc       0x54 build/stm32f4xx_hal_timebase_tim.o
 .debug_frame   0x00003e50       0x70 build/list.o
 .debug_frame   0x00003ec0      0x588 build/tasks.o
 .debug_frame   0x00004448      0x58c build/cmsis_os.o
 .debug_frame   0x000049d4       0xd0 build/heap_4.o
 .debug_frame   0x00004aa4      0x110 build/port.o
 .debug_frame   0x00004bb4       0x6c /Applications/ArmGNUToolchain/12.2.mpacbti-rel1/arm-none-eabi/bin/../lib/gcc/arm-none-eabi/12.2.1/../../../../arm-none-eabi/lib/thumb/v7e-m+fp/hard/libc_nano.a(libc_a-sprintf.o)
 .debug_frame   0x00004c20      0x144 /Applications/ArmGNUToolchain/12.2.mpacbti-rel1/arm-none-eabi/bin/../lib/gcc/arm-none-eabi/12.2.1/../../../../arm-none-eabi/lib/thumb/v7e-m+fp/hard/libc_nano.a(libc_a-findfp.o)
 .debug_frame   0x00004d64       0x4c /Applications/ArmGNUToolchain/12.2.mpacbti-rel1/arm-none-eabi/bin/../lib/gcc/arm-none-eabi/12.2.1/../../../../arm-none-eabi/lib/thumb/v7e-m+fp/hard/libc_nano.a(libc_a-vsnprintf.o)
 .debug_frame   0x00004db0       0x20 /Applications/ArmGNUToolchain/12.2.mpacbti-rel1/arm-none-eabi/bin/../lib/gcc/arm-none-eabi/12.2.1/../../../../arm-none-eabi/lib/thumb/v7e-m+fp/hard/libc_nano.a(libc_a-memset.o)
 .debug_frame   0x00004dd0       0x2c /Applications/ArmGNUToolchain/12.2.mpacbti-rel1/arm-none-eabi/bin/../lib/gcc/arm-none-eabi/12.2.1/../../../../arm-none-eabi/lib/thumb/v7e-m+fp/hard/libc_nano.a(libc_a-init.o)
 .debug_frame   0x00004dfc       0xb0 /Applications/ArmGNUToolchain/12.2.mpacbti-rel1/arm-none-eabi/bin/../lib/gcc/arm-none-eabi/12.2.1/../../../../arm-none-eabi/lib/thumb/v7e-m+fp/hard/libc_nano.a(libc_a-lock.o)
 .debug_frame   0x00004eac       0x28 /Applications/ArmGNUToolchain/12.2.mpacbti-rel1/arm-none-eabi/bin/../lib/gcc/arm-none-eabi/12.2.1/../../../../arm-none-eabi/lib/thumb/v7e-m+fp/hard/libc_nano.a(libc_a-memcpy-stub.o)
 .debug_frame   0x00004ed4       0x90 /Applications/ArmGNUToolchain/12.2.mpacbti-rel1/arm-none-eabi/bin/../lib/gcc/arm-none-eabi/12.2.1/../../../../arm-none-eabi/lib/thumb/v7e-m+fp/hard/libc_nano.a(libc_a-nano-svfprintf.o)
 .debug_frame   0x00004f64       0x50 /Applications/ArmGNUToolchain/12.2.mpacbti-rel1/arm-none-eabi/bin/../lib/gcc/arm-none-eabi/12.2.1/../../../../arm-none-eabi/lib/thumb/v7e-m+fp/hard/libc_nano.a(libc_a-mallocr.o)
 .debug_frame   0x00004fb4       0x60 /Applications/ArmGNUToolchain/12.2.mpacbti-rel1/arm-none-eabi/bin/../lib/gcc/arm-none-eabi/12.2.1/../../../../arm-none-eabi/lib/thumb/v7e-m+fp/hard/libc_nano.a(libc_a-nano-vfprintf_i.o)
 .debug_frame   0x00005014       0x30 /Applications/ArmGNUToolchain/12.2.mpacbti-rel1/arm-none-eabi/bin/../lib/gcc/arm-none-eabi/12.2.1/../../../../arm-none-eabi/lib/thumb/v7e-m+fp/hard/libc_nano.a(libc_a-mlock.o)
 .debug_frame   0x00005044       0x3c /Applications/ArmGNUToolchain/12.2.mpacbti-rel1/arm-none-eabi/bin/../lib/gcc/arm-none-eabi/12.2.1/../../../../arm-none-eabi/lib/thumb/v7e-m+fp/hard/libc_nano.a(libc_a-reallocr.o)
 .debug_frame   0x00005080       0x28 /Applications/ArmGNUToolchain/12.2.mpacbti-rel1/arm-none-eabi/bin/../lib/gcc/arm-none-eabi/12.2.1/../../../../arm-none-eabi/lib/thumb/v7e-m+fp/hard/libc_nano.a(libc_a-memmove.o)
 .debug_frame   0x000050a8       0x38 /Applications/ArmGNUToolchain/12.2.mpacbti-rel1/arm-none-eabi/bin/../lib/gcc/arm-none-eabi/12.2.1/../../../../arm-none-eabi/lib/thumb/v7e-m+fp/hard/libc_nano.a(libc_a-reent.o)
 .debug_frame   0x000050e0       0x2c /Applications/ArmGNUToolchain/12.2.mpacbti-rel1/arm-none-eabi/bin/../lib/gcc/arm-none-eabi/12.2.1/../../../../arm-none-eabi/lib/thumb/v7e-m+fp/hard/libc_nano.a(libc_a-sbrkr.o)
 .debug_frame   0x0000510c       0x38 /Applications/ArmGNUToolchain/12.2.mpacbti-rel1/arm-none-eabi/bin/../lib/gcc/arm-none-eabi/12.2.1/../../../../arm-none-eabi/lib/thumb/v7e-m+fp/hard/libc_nano.a(libc_a-freer.o)
 .debug_frame   0x00005144       0x20 /Applications/ArmGNUToolchain/12.2.mpacbti-rel1/arm-none-eabi/bin/../lib/gcc/arm-none-eabi/12.2.1/../../../../arm-none-eabi/lib/thumb/v7e-m+fp/hard/libc_nano.a(libc_a-msizer.o)
 .debug_frame   0x00005164       0x20 /Applications/ArmGNUToolchain/12.2.mpacbti-rel1/arm-none-eabi/bin/../lib/gcc/arm-none-eabi/12.2.1/../../../../arm-none-eabi/lib/thumb/v7e-m+fp/hard/libnosys.a(sbrk.o)
 .debug_frame   0x00005184       0x44 /Applications/ArmGNUToolchain/12.2.mpacbti-rel1/arm-none-eabi/bin/../lib/gcc/arm-none-eabi/12.2.1/thumb/v7e-m+fp/hard/libgcc.a(_aeabi_ldivmod.o)
 .debug_frame   0x000051c8       0x2c /Applications/ArmGNUToolchain/12.2.mpacbti-rel1/arm-none-eabi/bin/../lib/gcc/arm-none-eabi/12.2.1/thumb/v7e-m+fp/hard/libgcc.a(_aeabi_uldivmod.o)
 .debug_frame   0x000051f4       0x34 /Applications/ArmGNUToolchain/12.2.mpacbti-rel1/arm-none-eabi/bin/../lib/gcc/arm-none-eabi/12.2.1/thumb/v7e-m+fp/hard/libgcc.a(_udivmoddi4.o)

.debug_line_str
                0x00000000      0x1fb
 .debug_line_str
                0x00000000      0x104 /Applications/ArmGNUToolchain/12.2.mpacbti-rel1/arm-none-eabi/bin/../lib/gcc/arm-none-eabi/12.2.1/../../../../arm-none-eabi/lib/thumb/v7e-m+fp/hard/libc_nano.a(libc_a-strlen.o)
 .debug_line_str
                0x00000104        0x9 /Applications/ArmGNUToolchain/12.2.mpacbti-rel1/arm-none-eabi/bin/../lib/gcc/arm-none-eabi/12.2.1/../../../../arm-none-eabi/lib/thumb/v7e-m+fp/hard/libc_nano.a(libc_a-memchr.o)
                                 0xfa (size before relaxing)
 .debug_line_str
                0x0000010d       0xe2 /Applications/ArmGNUToolchain/12.2.mpacbti-rel1/arm-none-eabi/bin/../lib/gcc/arm-none-eabi/12.2.1/thumb/v7e-m+fp/hard/libgcc.a(_aeabi_ldivmod.o)
 .debug_line_str
                0x000001ef       0xe2 /Applications/ArmGNUToolchain/12.2.mpacbti-rel1/arm-none-eabi/bin/../lib/gcc/arm-none-eabi/12.2.1/thumb/v7e-m+fp/hard/libgcc.a(_aeabi_uldivmod.o)
 .debug_line_str
                0x000001ef        0xc /Applications/ArmGNUToolchain/12.2.mpacbti-rel1/arm-none-eabi/bin/../lib/gcc/arm-none-eabi/12.2.1/thumb/v7e-m+fp/hard/libgcc.a(_dvmd_tls.o)
                                 0xe6 (size before relaxing)

Cross Reference Table

Symbol                                            File
ADC_IRQHandler                                    build/startup_stm32f401xc.o
AHBPrescTable                                     build/system_stm32f4xx.o
                                                  build/stm32f4xx_hal_rcc.o
APBPrescTable                                     build/system_stm32f4xx.o
                                                  build/stm32f4xx_hal_rcc.o
BusFault_Handler                                  build/stm32f4xx_it.o
DMA1_Stream0_IRQHandler                           build/startup_stm32f401xc.o
DMA1_Stream1_IRQHandler                           build/stm32f4xx_it.o
DMA1_Stream2_IRQHandler                           build/startup_stm32f401xc.o
DMA1_Stream3_IRQHandler                           build/startup_stm32f401xc.o
DMA1_Stream4_IRQHandler                           build/stm32f4xx_it.o
DMA1_Stream5_IRQHandler                           build/stm32f4xx_it.o
DMA1_Stream6_IRQHandler                           build/stm32f4xx_it.o
DMA1_Stream7_IRQHandler                           build/startup_stm32f401xc.o
DMA2_Stream0_IRQHandler                           build/stm32f4xx_it.o
DMA2_Stream1_IRQHandler                           build/startup_stm32f401xc.o
DMA2_Stream2_IRQHandler                           build/startup_stm32f401xc.o
DMA2_Stream3_IRQHandler                           build/stm32f4xx_it.o
DMA2_Stream4_IRQHandler                           build/startup_stm32f401xc.o
DMA2_Stream5_IRQHandler                           build/startup_stm32f401xc.o
DMA2_Stream6_IRQHandler                           build/startup_stm32f401xc.o
DMA2_Stream7_IRQHandler                           build/stm32f4xx_it.o
DebugMon_Handler                                  build/stm32f4xx_it.o
Default_Handler                                   build/startup_stm32f401xc.o
EXTI0_IRQHandler                                  build/startup_stm32f401xc.o
EXTI15_10_IRQHandler                              build/startup_stm32f401xc.o
EXTI1_IRQHandler                                  build/startup_stm32f401xc.o
EXTI2_IRQHandler                                  build/startup_stm32f401xc.o
EXTI3_IRQHandler                                  build/startup_stm32f401xc.o
EXTI4_IRQHandler                                  build/startup_stm32f401xc.o
EXTI9_5_IRQHandler                                build/startup_stm32f401xc.o
Error_Handler                                     build/main.o
                                                  build/stm32f4xx_hal_msp.o
FLASH_Erase_Sector                                build/stm32f4xx_hal_flash_ex.o
                                                  build/stm32f4xx_hal_flash.o
FLASH_FlushCaches                                 build/stm32f4xx_hal_flash_ex.o
                                                  build/stm32f4xx_hal_flash.o
FLASH_IRQHandler                                  build/startup_stm32f401xc.o
FLASH_WaitForLastOperation                        build/stm32f4xx_hal_flash.o
                                                  build/stm32f4xx_hal_flash_ex.o
FPU_IRQHandler                                    build/startup_stm32f401xc.o
HAL_CRC_Accumulate                                build/stm32f4xx_hal_crc.o
HAL_CRC_Calculate                                 build/stm32f4xx_hal_crc.o
HAL_CRC_DeInit                                    build/stm32f4xx_hal_crc.o
HAL_CRC_GetState                                  build/stm32f4xx_hal_crc.o
HAL_CRC_Init                                      build/stm32f4xx_hal_crc.o
                                                  build/main.o
HAL_CRC_MspDeInit                                 build/stm32f4xx_hal_msp.o
HAL_CRC_MspInit                                   build/stm32f4xx_hal_msp.o
HAL_DBGMCU_DisableDBGSleepMode                    build/stm32f4xx_hal.o
HAL_DBGMCU_DisableDBGStandbyMode                  build/stm32f4xx_hal.o
HAL_DBGMCU_DisableDBGStopMode                     build/stm32f4xx_hal.o
HAL_DBGMCU_EnableDBGSleepMode                     build/stm32f4xx_hal.o
HAL_DBGMCU_EnableDBGStandbyMode                   build/stm32f4xx_hal.o
HAL_DBGMCU_EnableDBGStopMode                      build/stm32f4xx_hal.o
HAL_DMAEx_ChangeMemory                            build/stm32f4xx_hal_dma_ex.o
HAL_DMAEx_MultiBufferStart                        build/stm32f4xx_hal_dma_ex.o
HAL_DMAEx_MultiBufferStart_IT                     build/stm32f4xx_hal_dma_ex.o
HAL_DMA_Abort                                     build/stm32f4xx_hal_dma.o
                                                  build/stm32f4xx_hal_uart.o
                                                  build/stm32f4xx_hal_spi.o
HAL_DMA_Abort_IT                                  build/stm32f4xx_hal_dma.o
                                                  build/stm32f4xx_hal_uart.o
                                                  build/stm32f4xx_hal_tim_ex.o
                                                  build/stm32f4xx_hal_tim.o
                                                  build/stm32f4xx_hal_spi.o
                                                  build/stm32f4xx_hal_i2c.o
HAL_DMA_DeInit                                    build/stm32f4xx_hal_dma.o
                                                  build/stm32f4xx_hal_msp.o
HAL_DMA_GetError                                  build/stm32f4xx_hal_dma.o
                                                  build/stm32f4xx_hal_uart.o
                                                  build/stm32f4xx_hal_i2c.o
HAL_DMA_GetState                                  build/stm32f4xx_hal_dma.o
                                                  build/stm32f4xx_hal_i2c.o
HAL_DMA_IRQHandler                                build/stm32f4xx_hal_dma.o
                                                  build/stm32f4xx_it.o
HAL_DMA_Init                                      build/stm32f4xx_hal_dma.o
                                                  build/stm32f4xx_hal_msp.o
                                                  build/main.o
HAL_DMA_PollForTransfer                           build/stm32f4xx_hal_dma.o
HAL_DMA_RegisterCallback                          build/stm32f4xx_hal_dma.o
HAL_DMA_Start                                     build/stm32f4xx_hal_dma.o
HAL_DMA_Start_IT                                  build/stm32f4xx_hal_dma.o
                                                  build/stm32f4xx_hal_uart.o
                                                  build/stm32f4xx_hal_tim_ex.o
                                                  build/stm32f4xx_hal_tim.o
                                                  build/stm32f4xx_hal_spi.o
                                                  build/stm32f4xx_hal_i2c.o
HAL_DMA_UnRegisterCallback                        build/stm32f4xx_hal_dma.o
HAL_DeInit                                        build/stm32f4xx_hal.o
HAL_Delay                                         build/stm32f4xx_hal.o
                                                  build/main.o
HAL_DisableCompensationCell                       build/stm32f4xx_hal.o
HAL_EXTI_ClearConfigLine                          build/stm32f4xx_hal_exti.o