bmp280.c:52:16:bmp280_write_async	24	static
bmp280.c:70:16:bmp280_read_async	24	static
bmp280.c:86:16:bmp280_write_sync	24	static
bmp280.c:94:16:bmp280_read_sync	24	static
bmp280.c:100:9:bmp280_init	24	static
bmp280.c:118:9:bmp280_getid	16	static
bmp280.c:122:6:bmp280_reset	8	static
bmp280.c:129:6:bmp280_set_ctrl_meas	16	static
bmp280.c:135:6:bmp280_set_config	16	static
bmp280.c:145:9:bmp280_start_press_read	8	static
bmp280.c:149:9:bmp280_start_temp_read	8	static
bmp280.c:154:9:bmp280_read_pressure_and_temperature	8	static
bmp280.c:159:10:bmp280_get_pressure	4	static
bmp280.c:163:10:bmp280_get_temp	4	static
bmp280.c:167:6:bmp280_get_pressure_and_temp	16	static
bmp280.c:173:6:HAL_SPI_RxCpltCallback	16	static
bmp280.c:200:6:HAL_SPI_TxCpltCallback	16	static
bmp280.c:204:6:HAL_SPI_TxRxCpltCallback	16	static
