bmp280.c:52:16:bmp280_write_async	24	static
bmp280.c:70:16:bmp280_read_async	24	static
bmp280.c:86:16:bmp280_write_sync	24	static
bmp280.c:94:16:bmp280_read_sync	32	static
bmp280.c:105:9:bmp280_init	24	static
bmp280.c:123:9:bmp280_getid	24	static
bmp280.c:132:6:bmp280_reset	8	static
bmp280.c:139:6:bmp280_set_ctrl_meas	16	static
bmp280.c:145:6:bmp280_set_config	16	static
bmp280.c:155:9:bmp280_start_press_read	8	static
bmp280.c:159:9:bmp280_start_temp_read	8	static
bmp280.c:164:9:bmp280_read_pressure_and_temperature	8	static
bmp280.c:169:10:bmp280_get_pressure	4	static
bmp280.c:173:10:bmp280_get_temp	4	static
bmp280.c:177:6:bmp280_get_pressure_and_temp	16	static
bmp280.c:183:6:HAL_SPI_RxCpltCallback	16	static
bmp280.c:210:6:HAL_SPI_TxCpltCallback	16	static
bmp280.c:214:6:HAL_SPI_TxRxCpltCallback	16	static
